------------------------------------------------------------
TimeQuest Timing Analyzer Summary
------------------------------------------------------------

Type  : Slow 1200mV 85C Model Setup 'pll_ins|altpll_component|auto_generated|pll1|clk[0]'
Slack : 9.159
TNS   : 0.000

Type  : Slow 1200mV 85C Model Hold 'pll_ins|altpll_component|auto_generated|pll1|clk[0]'
Slack : 0.541
TNS   : 0.000

Type  : Slow 1200mV 85C Model Minimum Pulse Width 'pll_ins|altpll_component|auto_generated|pll1|clk[0]'
Slack : 5.709
TNS   : 0.000

Type  : Slow 1200mV 85C Model Minimum Pulse Width 'CLK'
Slack : 9.724
TNS   : 0.000

Type  : Slow 1200mV 0C Model Setup 'pll_ins|altpll_component|auto_generated|pll1|clk[0]'
Slack : 9.390
TNS   : 0.000

Type  : Slow 1200mV 0C Model Hold 'pll_ins|altpll_component|auto_generated|pll1|clk[0]'
Slack : 0.496
TNS   : 0.000

Type  : Slow 1200mV 0C Model Minimum Pulse Width 'pll_ins|altpll_component|auto_generated|pll1|clk[0]'
Slack : 5.694
TNS   : 0.000

Type  : Slow 1200mV 0C Model Minimum Pulse Width 'CLK'
Slack : 9.758
TNS   : 0.000

Type  : Fast 1200mV 0C Model Setup 'pll_ins|altpll_component|auto_generated|pll1|clk[0]'
Slack : 10.624
TNS   : 0.000

Type  : Fast 1200mV 0C Model Hold 'pll_ins|altpll_component|auto_generated|pll1|clk[0]'
Slack : 0.245
TNS   : 0.000

Type  : Fast 1200mV 0C Model Minimum Pulse Width 'pll_ins|altpll_component|auto_generated|pll1|clk[0]'
Slack : 5.764
TNS   : 0.000

Type  : Fast 1200mV 0C Model Minimum Pulse Width 'CLK'
Slack : 9.524
TNS   : 0.000

------------------------------------------------------------
