Archive member included to satisfy reference by file (symbol)

c:/intelfpga/17.0/nios2eds/bin/gnu/h-x86_64-mingw32/bin/../lib/gcc/nios2-elf/5.3.0/../../../../../H-x86_64-mingw32/nios2-elf/lib/mno-hw-mul\libc.a(lib_a-puts.o)
                              obj/default/pongers.o (puts)
c:/intelfpga/17.0/nios2eds/bin/gnu/h-x86_64-mingw32/bin/../lib/gcc/nios2-elf/5.3.0/../../../../../H-x86_64-mingw32/nios2-elf/lib/mno-hw-mul\libc.a(lib_a-strlen.o)
                              c:/intelfpga/17.0/nios2eds/bin/gnu/h-x86_64-mingw32/bin/../lib/gcc/nios2-elf/5.3.0/../../../../../H-x86_64-mingw32/nios2-elf/lib/mno-hw-mul\libc.a(lib_a-puts.o) (strlen)
c:/intelfpga/17.0/nios2eds/bin/gnu/h-x86_64-mingw32/bin/../lib/gcc/nios2-elf/5.3.0/../../../../../H-x86_64-mingw32/nios2-elf/lib/mno-hw-mul\libc.a(lib_a-findfp.o)
                              c:/intelfpga/17.0/nios2eds/bin/gnu/h-x86_64-mingw32/bin/../lib/gcc/nios2-elf/5.3.0/../../../../../H-x86_64-mingw32/nios2-elf/lib/mno-hw-mul\libc.a(lib_a-puts.o) (__sinit)
c:/intelfpga/17.0/nios2eds/bin/gnu/h-x86_64-mingw32/bin/../lib/gcc/nios2-elf/5.3.0/../../../../../H-x86_64-mingw32/nios2-elf/lib/mno-hw-mul\libc.a(lib_a-fvwrite.o)
                              c:/intelfpga/17.0/nios2eds/bin/gnu/h-x86_64-mingw32/bin/../lib/gcc/nios2-elf/5.3.0/../../../../../H-x86_64-mingw32/nios2-elf/lib/mno-hw-mul\libc.a(lib_a-puts.o) (__sfvwrite_r)
c:/intelfpga/17.0/nios2eds/bin/gnu/h-x86_64-mingw32/bin/../lib/gcc/nios2-elf/5.3.0/../../../../../H-x86_64-mingw32/nios2-elf/lib/mno-hw-mul\libc.a(lib_a-fwalk.o)
                              c:/intelfpga/17.0/nios2eds/bin/gnu/h-x86_64-mingw32/bin/../lib/gcc/nios2-elf/5.3.0/../../../../../H-x86_64-mingw32/nios2-elf/lib/mno-hw-mul\libc.a(lib_a-findfp.o) (_fwalk)
c:/intelfpga/17.0/nios2eds/bin/gnu/h-x86_64-mingw32/bin/../lib/gcc/nios2-elf/5.3.0/../../../../../H-x86_64-mingw32/nios2-elf/lib/mno-hw-mul\libc.a(lib_a-impure.o)
                              c:/intelfpga/17.0/nios2eds/bin/gnu/h-x86_64-mingw32/bin/../lib/gcc/nios2-elf/5.3.0/../../../../../H-x86_64-mingw32/nios2-elf/lib/mno-hw-mul\libc.a(lib_a-findfp.o) (_global_impure_ptr)
c:/intelfpga/17.0/nios2eds/bin/gnu/h-x86_64-mingw32/bin/../lib/gcc/nios2-elf/5.3.0/../../../../../H-x86_64-mingw32/nios2-elf/lib/mno-hw-mul\libc.a(lib_a-mallocr.o)
                              c:/intelfpga/17.0/nios2eds/bin/gnu/h-x86_64-mingw32/bin/../lib/gcc/nios2-elf/5.3.0/../../../../../H-x86_64-mingw32/nios2-elf/lib/mno-hw-mul\libc.a(lib_a-findfp.o) (_malloc_r)
c:/intelfpga/17.0/nios2eds/bin/gnu/h-x86_64-mingw32/bin/../lib/gcc/nios2-elf/5.3.0/../../../../../H-x86_64-mingw32/nios2-elf/lib/mno-hw-mul\libc.a(lib_a-memchr.o)
                              c:/intelfpga/17.0/nios2eds/bin/gnu/h-x86_64-mingw32/bin/../lib/gcc/nios2-elf/5.3.0/../../../../../H-x86_64-mingw32/nios2-elf/lib/mno-hw-mul\libc.a(lib_a-fvwrite.o) (memchr)
c:/intelfpga/17.0/nios2eds/bin/gnu/h-x86_64-mingw32/bin/../lib/gcc/nios2-elf/5.3.0/../../../../../H-x86_64-mingw32/nios2-elf/lib/mno-hw-mul\libc.a(lib_a-memcpy.o)
                              c:/intelfpga/17.0/nios2eds/bin/gnu/h-x86_64-mingw32/bin/../lib/gcc/nios2-elf/5.3.0/../../../../../H-x86_64-mingw32/nios2-elf/lib/mno-hw-mul\libc.a(lib_a-fvwrite.o) (memcpy)
c:/intelfpga/17.0/nios2eds/bin/gnu/h-x86_64-mingw32/bin/../lib/gcc/nios2-elf/5.3.0/../../../../../H-x86_64-mingw32/nios2-elf/lib/mno-hw-mul\libc.a(lib_a-memmove.o)
                              c:/intelfpga/17.0/nios2eds/bin/gnu/h-x86_64-mingw32/bin/../lib/gcc/nios2-elf/5.3.0/../../../../../H-x86_64-mingw32/nios2-elf/lib/mno-hw-mul\libc.a(lib_a-fvwrite.o) (memmove)
c:/intelfpga/17.0/nios2eds/bin/gnu/h-x86_64-mingw32/bin/../lib/gcc/nios2-elf/5.3.0/../../../../../H-x86_64-mingw32/nios2-elf/lib/mno-hw-mul\libc.a(lib_a-memset.o)
                              c:/intelfpga/17.0/nios2eds/bin/gnu/h-x86_64-mingw32/bin/../lib/gcc/nios2-elf/5.3.0/../../../../../H-x86_64-mingw32/nios2-elf/lib/mno-hw-mul\libc.a(lib_a-findfp.o) (memset)
c:/intelfpga/17.0/nios2eds/bin/gnu/h-x86_64-mingw32/bin/../lib/gcc/nios2-elf/5.3.0/../../../../../H-x86_64-mingw32/nios2-elf/lib/mno-hw-mul\libc.a(lib_a-reallocr.o)
                              c:/intelfpga/17.0/nios2eds/bin/gnu/h-x86_64-mingw32/bin/../lib/gcc/nios2-elf/5.3.0/../../../../../H-x86_64-mingw32/nios2-elf/lib/mno-hw-mul\libc.a(lib_a-fvwrite.o) (_realloc_r)
c:/intelfpga/17.0/nios2eds/bin/gnu/h-x86_64-mingw32/bin/../lib/gcc/nios2-elf/5.3.0/../../../../../H-x86_64-mingw32/nios2-elf/lib/mno-hw-mul\libc.a(lib_a-sbrkr.o)
                              c:/intelfpga/17.0/nios2eds/bin/gnu/h-x86_64-mingw32/bin/../lib/gcc/nios2-elf/5.3.0/../../../../../H-x86_64-mingw32/nios2-elf/lib/mno-hw-mul\libc.a(lib_a-mallocr.o) (_sbrk_r)
c:/intelfpga/17.0/nios2eds/bin/gnu/h-x86_64-mingw32/bin/../lib/gcc/nios2-elf/5.3.0/../../../../../H-x86_64-mingw32/nios2-elf/lib/mno-hw-mul\libc.a(lib_a-stdio.o)
[...]
Memory Configuration

Name             Origin             Length             Attributes
new_sdram_controller_0 0x0000000004000000 0x0000000004000000
reset            0x0000000008020000 0x0000000000000020
onchip_memory2_0 0x0000000008020020 0x000000000001f3e0
*default*        0x0000000000000000 0xffffffffffffffff

Linker script and memory map

LOAD ../pongers_bsp//obj/HAL/src/crt0.o
LOAD obj/default/pongers.o
LOAD c:/intelfpga/17.0/nios2eds/bin/gnu/h-x86_64-mingw32/bin/../lib/gcc/nios2-elf/5.3.0/../../../../../H-x86_64-mingw32/nios2-elf/lib/mno-hw-mul\libstdc++.a
LOAD c:/intelfpga/17.0/nios2eds/bin/gnu/h-x86_64-mingw32/bin/../lib/gcc/nios2-elf/5.3.0/../../../../../H-x86_64-mingw32/nios2-elf/lib/mno-hw-mul\libm.a
LOAD c:/intelfpga/17.0/nios2eds/bin/gnu/h-x86_64-mingw32/bin/../lib/gcc/nios2-elf/5.3.0/mno-hw-mul\libgcc.a
START GROUP
LOAD c:/intelfpga/17.0/nios2eds/bin/gnu/h-x86_64-mingw32/bin/../lib/gcc/nios2-elf/5.3.0/../../../../../H-x86_64-mingw32/nios2-elf/lib/mno-hw-mul\libc.a
LOAD c:/intelfpga/17.0/nios2eds/bin/gnu/h-x86_64-mingw32/bin/../lib/gcc/nios2-elf/5.3.0/mno-hw-mul\libgcc.a
LOAD ../pongers_bsp/\libhal_bsp.a
LOAD c:/intelfpga/17.0/nios2eds/bin/gnu/h-x86_64-mingw32/bin/../lib/gcc/nios2-elf/5.3.0/../../../../../H-x86_64-mingw32/nios2-elf/lib/mno-hw-mul\libm.a
END GROUP
LOAD c:/intelfpga/17.0/nios2eds/bin/gnu/h-x86_64-mingw32/bin/../lib/gcc/nios2-elf/5.3.0/mno-hw-mul\libgcc.a
                0x0000000004000000                __alt_mem_new_sdram_controller_0 = 0x4000000
                0x0000000008020000                __alt_mem_onchip_memory2_0 = 0x8020000

.entry          0x0000000008020000       0x20
 *(.entry)
 .entry         0x0000000008020000       0x20 ../pongers_bsp//obj/HAL/src/crt0.o
                0x0000000008020000                __reset

.exceptions     0x0000000008020020      0x210
                0x0000000008020020                PROVIDE (__ram_exceptions_start, ABSOLUTE (.))
                0x0000000008020020                . = ALIGN (0x20)
 *(.irq)
 *(.exceptions.entry.label)
 .exceptions.entry.label
                0x0000000008020020        0x0 ../pongers_bsp/\libhal_bsp.a(alt_irq_entry.o)
                0x0000000008020020                alt_irq_entry
 .exceptions.entry.label
                0x0000000008020020        0x0 ../pongers_bsp/\libhal_bsp.a(alt_exception_entry.o)
                0x0000000008020020                alt_exception
 *(.exceptions.entry.user)
 *(.exceptions.entry.ecc_fatal)
 *(.exceptions.entry)
 .exceptions.entry
                0x0000000008020020       0x54 ../pongers_bsp/\libhal_bsp.a(alt_exception_entry.o)
 *(.exceptions.irqtest.user)
 *(.exceptions.irqtest)
 .exceptions.irqtest
                0x0000000008020074       0x10 ../pongers_bsp/\libhal_bsp.a(alt_irq_entry.o)
 *(.exceptions.irqhandler.user)
 *(.exceptions.irqhandler)
 .exceptions.irqhandler
                0x0000000008020084        0x4 ../pongers_bsp/\libhal_bsp.a(alt_irq_entry.o)
 *(.exceptions.irqreturn.user)
 *(.exceptions.irqreturn)
 .exceptions.irqreturn
                0x0000000008020088        0x4 ../pongers_bsp/\libhal_bsp.a(alt_irq_entry.o)
 *(.exceptions.notirq.label)
 .exceptions.notirq.label
                0x000000000802008c        0x0 ../pongers_bsp/\libhal_bsp.a(alt_irq_entry.o)
 *(.exceptions.notirq.user)
 *(.exceptions.notirq)
 .exceptions.notirq
                0x000000000802008c        0x8 ../pongers_bsp/\libhal_bsp.a(alt_exception_entry.o)
 *(.exceptions.soft.user)
 *(.exceptions.soft)
 *(.exceptions.unknown.user)
 *(.exceptions.unknown)
 .exceptions.unknown
                0x0000000008020094       0x14 ../pongers_bsp/\libhal_bsp.a(alt_exception_entry.o)
 *(.exceptions.exit.label)
 .exceptions.exit.label
                0x00000000080200a8        0x0 ../pongers_bsp/\libhal_bsp.a(alt_irq_entry.o)
 .exceptions.exit.label
                0x00000000080200a8        0x0 ../pongers_bsp/\libhal_bsp.a(alt_exception_entry.o)
 *(.exceptions.exit.user)
 *(.exceptions.exit)
 .exceptions.exit
                0x00000000080200a8       0x54 ../pongers_bsp/\libhal_bsp.a(alt_exception_entry.o)
 *(.exceptions)
 .exceptions    0x00000000080200fc       0xd4 ../pongers_bsp/\libhal_bsp.a(alt_irq_handler.o)
                0x00000000080200fc                alt_irq_handler
 .exceptions    0x00000000080201d0       0x60 ../pongers_bsp/\libhal_bsp.a(alt_instruction_exception_entry.o)
                0x00000000080201d0                alt_instruction_exception_entry
                0x0000000008020230                PROVIDE (__ram_exceptions_end, ABSOLUTE (.))
                0x0000000008020020                PROVIDE (__flash_exceptions_start, LOADADDR (.exceptions))

.text           0x0000000008020230     0x68b4
                [!provide]                        PROVIDE (stext, ABSOLUTE (.))
 *(.interp)
 *(.hash)
 *(.dynsym)
 *(.dynstr)
 *(.gnu.version)
 *(.gnu.version_d)
 *(.gnu.version_r)
 *(.rel.init)
 *(.rela.init)
 *(.rel.text .rel.text.* .rel.gnu.linkonce.t.*)
 *(.rela.text .rela.text.* .rela.gnu.linkonce.t.*)
 *(.rel.fini)
 *(.rela.fini)
 *(.rel.rodata .rel.rodata.* .rel.gnu.linkonce.r.*)
 *(.rela.rodata .rela.rodata.* .rela.gnu.linkonce.r.*)
 *(.rel.data .rel.data.* .rel.gnu.linkonce.d.*)
 *(.rela.data .rela.data.* .rela.gnu.linkonce.d.*)
 *(.rel.tdata .rel.tdata.* .rel.gnu.linkonce.td.*)
 *(.rela.tdata .rela.tdata.* .rela.gnu.linkonce.td.*)
 *(.rel.tbss .rel.tbss.* .rel.gnu.linkonce.tb.*)
 *(.rela.tbss .rela.tbss.* .rela.gnu.linkonce.tb.*)
 *(.rel.ctors)
 *(.rela.ctors)
 *(.rel.dtors)
 *(.rela.dtors)
 *(.rel.got)
 *(.rela.got)
 *(.rel.sdata .rel.sdata.* .rel.gnu.linkonce.s.*)
 *(.rela.sdata .rela.sdata.* .rela.gnu.linkonce.s.*)
 *(.rel.sbss .rel.sbss.* .rel.gnu.linkonce.sb.*)
 *(.rela.sbss .rela.sbss.* .rela.gnu.linkonce.sb.*)
 *(.rel.sdata2 .rel.sdata2.* .rel.gnu.linkonce.s2.*)
 *(.rela.sdata2 .rela.sdata2.* .rela.gnu.linkonce.s2.*)
 *(.rel.sbss2 .rel.sbss2.* .rel.gnu.linkonce.sb2.*)
 *(.rela.sbss2 .rela.sbss2.* .rela.gnu.linkonce.sb2.*)
 *(.rel.bss .rel.bss.* .rel.gnu.linkonce.b.*)
 *(.rela.bss .rela.bss.* .rela.gnu.linkonce.b.*)
 *(.rel.plt)
 *(.rela.plt)
 *(.rel.dyn)
 *(.init)
 *(.plt)
 *(.text .stub .text.* .gnu.linkonce.t.*)
 .text          0x0000000008020230       0x3c ../pongers_bsp//obj/HAL/src/crt0.o
                0x0000000008020230                _start
 .text          0x000000000802026c       0xf8 obj/default/pongers.o
                0x000000000802026c                main
 .text          0x0000000008020364        0x0 c:/intelfpga/17.0/nios2eds/bin/gnu/h-x86_64-mingw32/bin/../lib/gcc/nios2-elf/5.3.0/../../../../../H-x86_64-mingw32/nios2-elf/lib/mno-hw-mul\libc.a(lib_a-puts.o)
 .text._puts_r  0x0000000008020364       0xc0 c:/intelfpga/17.0/nios2eds/bin/gnu/h-x86_64-mingw32/bin/../lib/gcc/nios2-elf/5.3.0/../../../../../H-x86_64-mingw32/nios2-elf/lib/mno-hw-mul\libc.a(lib_a-puts.o)
                0x0000000008020364                _puts_r
 .text.puts     0x0000000008020424       0x14 c:/intelfpga/17.0/nios2eds/bin/gnu/h-x86_64-mingw32/bin/../lib/gcc/nios2-elf/5.3.0/../../../../../H-x86_64-mingw32/nios2-elf/lib/mno-hw-mul\libc.a(lib_a-puts.o)
                0x0000000008020424                puts
 .text          0x0000000008020438        0x0 c:/intelfpga/17.0/nios2eds/bin/gnu/h-x86_64-mingw32/bin/../lib/gcc/nios2-elf/5.3.0/../../../../../H-x86_64-mingw32/nios2-elf/lib/mno-hw-mul\libc.a(lib_a-strlen.o)
 .text.strlen   0x0000000008020438       0x98 c:/intelfpga/17.0/nios2eds/bin/gnu/h-x86_64-mingw32/bin/../lib/gcc/nios2-elf/5.3.0/../../../../../H-x86_64-mingw32/nios2-elf/lib/mno-hw-mul\libc.a(lib_a-strlen.o)
                0x0000000008020438                strlen
 .text          0x00000000080204d0        0x0 c:/intelfpga/17.0/nios2eds/bin/gnu/h-x86_64-mingw32/bin/../lib/gcc/nios2-elf/5.3.0/../../../../../H-x86_64-mingw32/nios2-elf/lib/mno-hw-mul\libc.a(lib_a-findfp.o)
 .text.__fp_unlock
                0x00000000080204d0        0x8 c:/intelfpga/17.0/nios2eds/bin/gnu/h-x86_64-mingw32/bin/../lib/gcc/nios2-elf/5.3.0/../../../../../H-x86_64-mingw32/nios2-elf/lib/mno-hw-mul\libc.a(lib_a-findfp.o)
 .text._cleanup_r
                0x00000000080204d8        0xc c:/intelfpga/17.0/nios2eds/bin/gnu/h-x86_64-mingw32/bin/../lib/gcc/nios2-elf/5.3.0/../../../../../H-x86_64-mingw32/nios2-elf/lib/mno-hw-mul\libc.a(lib_a-findfp.o)
                0x00000000080204d8                _cleanup_r
 .text.__sinit.part.1
                0x00000000080204e4      0x19c c:/intelfpga/17.0/nios2eds/bin/gnu/h-x86_64-mingw32/bin/../lib/gcc/nios2-elf/5.3.0/../../../../../H-x86_64-mingw32/nios2-elf/lib/mno-hw-mul\libc.a(lib_a-findfp.o)
 .text.__fp_lock
                0x0000000008020680        0x8 c:/intelfpga/17.0/nios2eds/bin/gnu/h-x86_64-mingw32/bin/../lib/gcc/nios2-elf/5.3.0/../../../../../H-x86_64-mingw32/nios2-elf/lib/mno-hw-mul\libc.a(lib_a-findfp.o)
 .text.__sfmoreglue
                0x0000000008020688       0x78 c:/intelfpga/17.0/nios2eds/bin/gnu/h-x86_64-mingw32/bin/../lib/gcc/nios2-elf/5.3.0/../../../../../H-x86_64-mingw32/nios2-elf/lib/mno-hw-mul\libc.a(lib_a-findfp.o)
                0x0000000008020688                __sfmoreglue
 .text.__sfp    0x0000000008020700      0x118 c:/intelfpga/17.0/nios2eds/bin/gnu/h-x86_64-mingw32/bin/../lib/gcc/nios2-elf/5.3.0/../../../../../H-x86_64-mingw32/nios2-elf/lib/mno-hw-mul\libc.a(lib_a-findfp.o)
                0x0000000008020700                __sfp
 .text._cleanup
                0x0000000008020818       0x18 c:/intelfpga/17.0/nios2eds/bin/gnu/h-x86_64-mingw32/bin/../lib/gcc/nios2-elf/5.3.0/../../../../../H-x86_64-mingw32/nios2-elf/lib/mno-hw-mul\libc.a(lib_a-findfp.o)
                0x0000000008020818                _cleanup
 .text.__sinit  0x0000000008020830       0x10 c:/intelfpga/17.0/nios2eds/bin/gnu/h-x86_64-mingw32/bin/../lib/gcc/nios2-elf/5.3.0/../../../../../H-x86_64-mingw32/nios2-elf/lib/mno-hw-mul\libc.a(lib_a-findfp.o)
                0x0000000008020830                __sinit
 .text.__sfp_lock_acquire
                0x0000000008020840        0x4 c:/intelfpga/17.0/nios2eds/bin/gnu/h-x86_64-mingw32/bin/../lib/gcc/nios2-elf/5.3.0/../../../../../H-x86_64-mingw32/nios2-elf/lib/mno-hw-mul\libc.a(lib_a-findfp.o)
                0x0000000008020840                __sfp_lock_acquire
 .text.__sfp_lock_release
                0x0000000008020844        0x4 c:/intelfpga/17.0/nios2eds/bin/gnu/h-x86_64-mingw32/bin/../lib/gcc/nios2-elf/5.3.0/../../../../../H-x86_64-mingw32/nios2-elf/lib/mno-hw-mul\libc.a(lib_a-findfp.o)
                0x0000000008020844                __sfp_lock_release
 .text.__sinit_lock_acquire
                0x0000000008020848        0x4 c:/intelfpga/17.0/nios2eds/bin/gnu/h-x86_64-mingw32/bin/../lib/gcc/nios2-elf/5.3.0/../../../../../H-x86_64-mingw32/nios2-elf/lib/mno-hw-mul\libc.a(lib_a-findfp.o)
                0x0000000008020848                __sinit_lock_acquire
 .text.__sinit_lock_release
                0x000000000802084c        0x4 c:/intelfpga/17.0/nios2eds/bin/gnu/h-x86_64-mingw32/bin/../lib/gcc/nios2-elf/5.3.0/../../../../../H-x86_64-mingw32/nios2-elf/lib/mno-hw-mul\libc.a(lib_a-findfp.o)
                0x000000000802084c                __sinit_lock_release
 .text.__fp_lock_all
                0x0000000008020850       0x18 c:/intelfpga/17.0/nios2eds/bin/gnu/h-x86_64-mingw32/bin/../lib/gcc/nios2-elf/5.3.0/../../../../../H-x86_64-mingw32/nios2-elf/lib/mno-hw-mul\libc.a(lib_a-findfp.o)
                0x0000000008020850                __fp_lock_all
 .text.__fp_unlock_all
                0x0000000008020868       0x18 c:/intelfpga/17.0/nios2eds/bin/gnu/h-x86_64-mingw32/bin/../lib/gcc/nios2-elf/5.3.0/../../../../../H-x86_64-mingw32/nios2-elf/lib/mno-hw-mul\libc.a(lib_a-findfp.o)
                0x0000000008020868                __fp_unlock_all
 .text          0x0000000008020880        0x0 c:/intelfpga/17.0/nios2eds/bin/gnu/h-x86_64-mingw32/bin/../lib/gcc/nios2-elf/5.3.0/../../../../../H-x86_64-mingw32/nios2-elf/lib/mno-hw-mul\libc.a(lib_a-fvwrite.o)
 .text.__sfvwrite_r
                0x0000000008020880      0x4c8 c:/intelfpga/17.0/nios2eds/bin/gnu/h-x86_64-mingw32/bin/../lib/gcc/nios2-elf/5.3.0/../../../../../H-x86_64-mingw32/nios2-elf/lib/mno-hw-mul\libc.a(lib_a-fvwrite.o)
                0x0000000008020880                __sfvwrite_r
 .text          0x0000000008020d48        0x0 c:/intelfpga/17.0/nios2eds/bin/gnu/h-x86_64-mingw32/bin/../lib/gcc/nios2-elf/5.3.0/../../../../../H-x86_64-mingw32/nios2-elf/lib/mno-hw-mul\libc.a(lib_a-fwalk.o)
 .text._fwalk   0x0000000008020d48       0xc4 c:/intelfpga/17.0/nios2eds/bin/gnu/h-x86_64-mingw32/bin/../lib/gcc/nios2-elf/5.3.0/../../../../../H-x86_64-mingw32/nios2-elf/lib/mno-hw-mul\libc.a(lib_a-fwalk.o)
                0x0000000008020d48                _fwalk
 .text._fwalk_reent
                0x0000000008020e0c       0xc4 c:/intelfpga/17.0/nios2eds/bin/gnu/h-x86_64-mingw32/bin/../lib/gcc/nios2-elf/5.3.0/../../../../../H-x86_64-mingw32/nios2-elf/lib/mno-hw-mul\libc.a(lib_a-fwalk.o)
                0x0000000008020e0c                _fwalk_reent
 .text          0x0000000008020ed0        0x0 c:/intelfpga/17.0/nios2eds/bin/gnu/h-x86_64-mingw32/bin/../lib/gcc/nios2-elf/5.3.0/../../../../../H-x86_64-mingw32/nios2-elf/lib/mno-hw-mul\libc.a(lib_a-impure.o)
 .text          0x0000000008020ed0        0x0 c:/intelfpga/17.0/nios2eds/bin/gnu/h-x86_64-mingw32/bin/../lib/gcc/nios2-elf/5.3.0/../../../../../H-x86_64-mingw32/nios2-elf/lib/mno-hw-mul\libc.a(lib_a-mallocr.o)
 .text._malloc_r
                0x0000000008020ed0      0x80c c:/intelfpga/17.0/nios2eds/bin/gnu/h-x86_64-mingw32/bin/../lib/gcc/nios2-elf/5.3.0/../../../../../H-x86_64-mingw32/nios2-elf/lib/mno-hw-mul\libc.a(lib_a-mallocr.o)
                0x0000000008020ed0                _malloc_r
 .text          0x00000000080216dc        0x0 c:/intelfpga/17.0/nios2eds/bin/gnu/h-x86_64-mingw32/bin/../lib/gcc/nios2-elf/5.3.0/../../../../../H-x86_64-mingw32/nios2-elf/lib/mno-hw-mul\libc.a(lib_a-memchr.o)
 .text.memchr   0x00000000080216dc       0xe4 c:/intelfpga/17.0/nios2eds/bin/gnu/h-x86_64-mingw32/bin/../lib/gcc/nios2-elf/5.3.0/../../../../../H-x86_64-mingw32/nios2-elf/lib/mno-hw-mul\libc.a(lib_a-memchr.o)
                0x00000000080216dc                memchr
 .text          0x00000000080217c0        0x0 c:/intelfpga/17.0/nios2eds/bin/gnu/h-x86_64-mingw32/bin/../lib/gcc/nios2-elf/5.3.0/../../../../../H-x86_64-mingw32/nios2-elf/lib/mno-hw-mul\libc.a(lib_a-memcpy.o)
 .text.memcpy   0x00000000080217c0      0x148 c:/intelfpga/17.0/nios2eds/bin/gnu/h-x86_64-mingw32/bin/../lib/gcc/nios2-elf/5.3.0/../../../../../H-x86_64-mingw32/nios2-elf/lib/mno-hw-mul\libc.a(lib_a-memcpy.o)
                0x00000000080217c0                memcpy
 .text          0x0000000008021908        0x0 c:/intelfpga/17.0/nios2eds/bin/gnu/h-x86_64-mingw32/bin/../lib/gcc/nios2-elf/5.3.0/../../../../../H-x86_64-mingw32/nios2-elf/lib/mno-hw-mul\libc.a(lib_a-memmove.o)
 .text.memmove  0x0000000008021908      0x15c c:/intelfpga/17.0/nios2eds/bin/gnu/h-x86_64-mingw32/bin/../lib/gcc/nios2-elf/5.3.0/../../../../../H-x86_64-mingw32/nios2-elf/lib/mno-hw-mul\libc.a(lib_a-memmove.o)
                0x0000000008021908                memmove
 .text          0x0000000008021a64        0x0 c:/intelfpga/17.0/nios2eds/bin/gnu/h-x86_64-mingw32/bin/../lib/gcc/nios2-elf/5.3.0/../../../../../H-x86_64-mingw32/nios2-elf/lib/mno-hw-mul\libc.a(lib_a-memset.o)
 .text.memset   0x0000000008021a64      0x128 c:/intelfpga/17.0/nios2eds/bin/gnu/h-x86_64-mingw32/bin/../lib/gcc/nios2-elf/5.3.0/../../../../../H-x86_64-mingw32/nios2-elf/lib/mno-hw-mul\libc.a(lib_a-memset.o)
                0x0000000008021a64                memset
 .text          0x0000000008021b8c        0x0 c:/intelfpga/17.0/nios2eds/bin/gnu/h-x86_64-mingw32/bin/../lib/gcc/nios2-elf/5.3.0/../../../../../H-x86_64-mingw32/nios2-elf/lib/mno-hw-mul\libc.a(lib_a-reallocr.o)
 .text._realloc_r
                0x0000000008021b8c      0x564 c:/intelfpga/17.0/nios2eds/bin/gnu/h-x86_64-mingw32/bin/../lib/gcc/nios2-elf/5.3.0/../../../../../H-x86_64-mingw32/nios2-elf/lib/mno-hw-mul\libc.a(lib_a-reallocr.o)
                0x0000000008021b8c                _realloc_r
 .text          0x00000000080220f0        0x0 c:/intelfpga/17.0/nios2eds/bin/gnu/h-x86_64-mingw32/bin/../lib/gcc/nios2-elf/5.3.0/../../../../../H-x86_64-mingw32/nios2-elf/lib/mno-hw-mul\libc.a(lib_a-sbrkr.o)
 .text._sbrk_r  0x00000000080220f0       0x54 c:/intelfpga/17.0/nios2eds/bin/gnu/h-x86_64-mingw32/bin/../lib/gcc/nios2-elf/5.3.0/../../../../../H-x86_64-mingw32/nios2-elf/lib/mno-hw-mul\libc.a(lib_a-sbrkr.o)
                0x00000000080220f0                _sbrk_r
 .text          0x0000000008022144        0x0 c:/intelfpga/17.0/nios2eds/bin/gnu/h-x86_64-mingw32/bin/../lib/gcc/nios2-elf/5.3.0/../../../../../H-x86_64-mingw32/nios2-elf/lib/mno-hw-mul\libc.a(lib_a-stdio.o)
 .text.__sread  0x0000000008022144       0x54 c:/intelfpga/17.0/nios2eds/bin/gnu/h-x86_64-mingw32/bin/../lib/gcc/nios2-elf/5.3.0/../../../../../H-x86_64-mingw32/nios2-elf/lib/mno-hw-mul\libc.a(lib_a-stdio.o)
                0x0000000008022144                __sread
 .text.__seofread
                0x0000000008022198        0x8 c:/intelfpga/17.0/nios2eds/bin/gnu/h-x86_64-mingw32/bin/../lib/gcc/nios2-elf/5.3.0/../../../../../H-x86_64-mingw32/nios2-elf/lib/mno-hw-mul\libc.a(lib_a-stdio.o)
                0x0000000008022198                __seofread
 .text.__swrite
                0x00000000080221a0       0x7c c:/intelfpga/17.0/nios2eds/bin/gnu/h-x86_64-mingw32/bin/../lib/gcc/nios2-elf/5.3.0/../../../../../H-x86_64-mingw32/nios2-elf/lib/mno-hw-mul\libc.a(lib_a-stdio.o)
                0x00000000080221a0                __swrite
 .text.__sseek  0x000000000802221c       0x5c c:/intelfpga/17.0/nios2eds/bin/gnu/h-x86_64-mingw32/bin/../lib/gcc/nios2-elf/5.3.0/../../../../../H-x86_64-mingw32/nios2-elf/lib/mno-hw-mul\libc.a(lib_a-stdio.o)
                0x000000000802221c                __sseek
 .text.__sclose
                0x0000000008022278        0x8 c:/intelfpga/17.0/nios2eds/bin/gnu/h-x86_64-mingw32/bin/../lib/gcc/nios2-elf/5.3.0/../../../../../H-x86_64-mingw32/nios2-elf/lib/mno-hw-mul\libc.a(lib_a-stdio.o)
                0x0000000008022278                __sclose
 .text          0x0000000008022280        0x0 c:/intelfpga/17.0/nios2eds/bin/gnu/h-x86_64-mingw32/bin/../lib/gcc/nios2-elf/5.3.0/../../../../../H-x86_64-mingw32/nios2-elf/lib/mno-hw-mul\libc.a(lib_a-writer.o)
 .text._write_r
                0x0000000008022280       0x60 c:/intelfpga/17.0/nios2eds/bin/gnu/h-x86_64-mingw32/bin/../lib/gcc/nios2-elf/5.3.0/../../../../../H-x86_64-mingw32/nios2-elf/lib/mno-hw-mul\libc.a(lib_a-writer.o)
                0x0000000008022280                _write_r
 .text          0x00000000080222e0        0x0 c:/intelfpga/17.0/nios2eds/bin/gnu/h-x86_64-mingw32/bin/../lib/gcc/nios2-elf/5.3.0/../../../../../H-x86_64-mingw32/nios2-elf/lib/mno-hw-mul\libc.a(lib_a-wsetup.o)
 .text.__swsetup_r
                0x00000000080222e0      0x154 c:/intelfpga/17.0/nios2eds/bin/gnu/h-x86_64-mingw32/bin/../lib/gcc/nios2-elf/5.3.0/../../../../../H-x86_64-mingw32/nios2-elf/lib/mno-hw-mul\libc.a(lib_a-wsetup.o)
                0x00000000080222e0                __swsetup_r
 .text          0x0000000008022434        0x0 c:/intelfpga/17.0/nios2eds/bin/gnu/h-x86_64-mingw32/bin/../lib/gcc/nios2-elf/5.3.0/../../../../../H-x86_64-mingw32/nios2-elf/lib/mno-hw-mul\libc.a(closer.o)
 .text._close_r
                0x0000000008022434       0x54 c:/intelfpga/17.0/nios2eds/bin/gnu/h-x86_64-mingw32/bin/../lib/gcc/nios2-elf/5.3.0/../../../../../H-x86_64-mingw32/nios2-elf/lib/mno-hw-mul\libc.a(closer.o)
                0x0000000008022434                _close_r
 .text          0x0000000008022488        0x0 c:/intelfpga/17.0/nios2eds/bin/gnu/h-x86_64-mingw32/bin/../lib/gcc/nios2-elf/5.3.0/../../../../../H-x86_64-mingw32/nios2-elf/lib/mno-hw-mul\libc.a(lib_a-fclose.o)
 .text._fclose_r
                0x0000000008022488       0xf0 c:/intelfpga/17.0/nios2eds/bin/gnu/h-x86_64-mingw32/bin/../lib/gcc/nios2-elf/5.3.0/../../../../../H-x86_64-mingw32/nios2-elf/lib/mno-hw-mul\libc.a(lib_a-fclose.o)
                0x0000000008022488                _fclose_r
 .text.fclose   0x0000000008022578       0x14 c:/intelfpga/17.0/nios2eds/bin/gnu/h-x86_64-mingw32/bin/../lib/gcc/nios2-elf/5.3.0/../../../../../H-x86_64-mingw32/nios2-elf/lib/mno-hw-mul\libc.a(lib_a-fclose.o)
                0x0000000008022578                fclose
 .text          0x000000000802258c        0x0 c:/intelfpga/17.0/nios2eds/bin/gnu/h-x86_64-mingw32/bin/../lib/gcc/nios2-elf/5.3.0/../../../../../H-x86_64-mingw32/nios2-elf/lib/mno-hw-mul\libc.a(lib_a-fflush.o)
 .text.__sflush_r
                0x000000000802258c      0x21c c:/intelfpga/17.0/nios2eds/bin/gnu/h-x86_64-mingw32/bin/../lib/gcc/nios2-elf/5.3.0/../../../../../H-x86_64-mingw32/nios2-elf/lib/mno-hw-mul\libc.a(lib_a-fflush.o)
                0x000000000802258c                __sflush_r
 .text._fflush_r
                0x00000000080227a8       0x5c c:/intelfpga/17.0/nios2eds/bin/gnu/h-x86_64-mingw32/bin/../lib/gcc/nios2-elf/5.3.0/../../../../../H-x86_64-mingw32/nios2-elf/lib/mno-hw-mul\libc.a(lib_a-fflush.o)
                0x00000000080227a8                _fflush_r
 .text.fflush   0x0000000008022804       0x30 c:/intelfpga/17.0/nios2eds/bin/gnu/h-x86_64-mingw32/bin/../lib/gcc/nios2-elf/5.3.0/../../../../../H-x86_64-mingw32/nios2-elf/lib/mno-hw-mul\libc.a(lib_a-fflush.o)
                0x0000000008022804                fflush
 .text          0x0000000008022834        0x0 c:/intelfpga/17.0/nios2eds/bin/gnu/h-x86_64-mingw32/bin/../lib/gcc/nios2-elf/5.3.0/../../../../../H-x86_64-mingw32/nios2-elf/lib/mno-hw-mul\libc.a(lib_a-freer.o)
 .text._malloc_trim_r
                0x0000000008022834      0x124 c:/intelfpga/17.0/nios2eds/bin/gnu/h-x86_64-mingw32/bin/../lib/gcc/nios2-elf/5.3.0/../../../../../H-x86_64-mingw32/nios2-elf/lib/mno-hw-mul\libc.a(lib_a-freer.o)
                0x0000000008022834                _malloc_trim_r
 .text._free_r  0x0000000008022958      0x310 c:/intelfpga/17.0/nios2eds/bin/gnu/h-x86_64-mingw32/bin/../lib/gcc/nios2-elf/5.3.0/../../../../../H-x86_64-mingw32/nios2-elf/lib/mno-hw-mul\libc.a(lib_a-freer.o)
                0x0000000008022958                _free_r
 .text          0x0000000008022c68        0x0 c:/intelfpga/17.0/nios2eds/bin/gnu/h-x86_64-mingw32/bin/../lib/gcc/nios2-elf/5.3.0/../../../../../H-x86_64-mingw32/nios2-elf/lib/mno-hw-mul\libc.a(lib_a-int_errno.o)
 .text          0x0000000008022c68        0x0 c:/intelfpga/17.0/nios2eds/bin/gnu/h-x86_64-mingw32/bin/../lib/gcc/nios2-elf/5.3.0/../../../../../H-x86_64-mingw32/nios2-elf/lib/mno-hw-mul\libc.a(lib_a-lseekr.o)
 .text._lseek_r
                0x0000000008022c68       0x60 c:/intelfpga/17.0/nios2eds/bin/gnu/h-x86_64-mingw32/bin/../lib/gcc/nios2-elf/5.3.0/../../../../../H-x86_64-mingw32/nios2-elf/lib/mno-hw-mul\libc.a(lib_a-lseekr.o)
                0x0000000008022c68                _lseek_r
 .text          0x0000000008022cc8        0x0 c:/intelfpga/17.0/nios2eds/bin/gnu/h-x86_64-mingw32/bin/../lib/gcc/nios2-elf/5.3.0/../../../../../H-x86_64-mingw32/nios2-elf/lib/mno-hw-mul\libc.a(lib_a-makebuf.o)
 .text.__smakebuf_r
                0x0000000008022cc8      0x1bc c:/intelfpga/17.0/nios2eds/bin/gnu/h-x86_64-mingw32/bin/../lib/gcc/nios2-elf/5.3.0/../../../../../H-x86_64-mingw32/nios2-elf/lib/mno-hw-mul\libc.a(lib_a-makebuf.o)
                0x0000000008022cc8                __smakebuf_r
 .text          0x0000000008022e84        0x0 c:/intelfpga/17.0/nios2eds/bin/gnu/h-x86_64-mingw32/bin/../lib/gcc/nios2-elf/5.3.0/../../../../../H-x86_64-mingw32/nios2-elf/lib/mno-hw-mul\libc.a(lib_a-readr.o)
 .text._read_r  0x0000000008022e84       0x60 c:/intelfpga/17.0/nios2eds/bin/gnu/h-x86_64-mingw32/bin/../lib/gcc/nios2-elf/5.3.0/../../../../../H-x86_64-mingw32/nios2-elf/lib/mno-hw-mul\libc.a(lib_a-readr.o)
                0x0000000008022e84                _read_r
 .text          0x0000000008022ee4        0x0 c:/intelfpga/17.0/nios2eds/bin/gnu/h-x86_64-mingw32/bin/../lib/gcc/nios2-elf/5.3.0/../../../../../H-x86_64-mingw32/nios2-elf/lib/mno-hw-mul\libc.a(lib_a-fstatr.o)
 .text._fstat_r
                0x0000000008022ee4       0x5c c:/intelfpga/17.0/nios2eds/bin/gnu/h-x86_64-mingw32/bin/../lib/gcc/nios2-elf/5.3.0/../../../../../H-x86_64-mingw32/nios2-elf/lib/mno-hw-mul\libc.a(lib_a-fstatr.o)
                0x0000000008022ee4                _fstat_r
 .text          0x0000000008022f40        0x0 c:/intelfpga/17.0/nios2eds/bin/gnu/h-x86_64-mingw32/bin/../lib/gcc/nios2-elf/5.3.0/../../../../../H-x86_64-mingw32/nios2-elf/lib/mno-hw-mul\libc.a(lib_a-isattyr.o)
 .text._isatty_r
                0x0000000008022f40       0x54 c:/intelfpga/17.0/nios2eds/bin/gnu/h-x86_64-mingw32/bin/../lib/gcc/nios2-elf/5.3.0/../../../../../H-x86_64-mingw32/nios2-elf/lib/mno-hw-mul\libc.a(lib_a-isattyr.o)
                0x0000000008022f40                _isatty_r
 .text          0x0000000008022f94      0x1b4 c:/intelfpga/17.0/nios2eds/bin/gnu/h-x86_64-mingw32/bin/../lib/gcc/nios2-elf/5.3.0/mno-hw-mul\libgcc.a(lib2-divmod.o)
                0x0000000008022f94                __divsi3
                0x0000000008023018                __modsi3
                0x000000000802308c                __udivsi3
                0x00000000080230f0                __umodsi3
 .text          0x0000000008023148       0x28 c:/intelfpga/17.0/nios2eds/bin/gnu/h-x86_64-mingw32/bin/../lib/gcc/nios2-elf/5.3.0/mno-hw-mul\libgcc.a(lib2-mul.o)
                0x0000000008023148                __mulsi3
 .text          0x0000000008023170      0x114 ../pongers_bsp/\libhal_bsp.a(alt_close.o)
                0x00000000080231ac                close
 .text          0x0000000008023284       0x2c ../pongers_bsp/\libhal_bsp.a(alt_dev.o)
 .text          0x00000000080232b0        0x0 ../pongers_bsp/\libhal_bsp.a(alt_errno.o)
 .text          0x00000000080232b0       0xf4 ../pongers_bsp/\libhal_bsp.a(alt_fstat.o)
                0x00000000080232ec                fstat
 .text          0x00000000080233a4       0xe8 ../pongers_bsp/\libhal_bsp.a(alt_isatty.o)
                0x00000000080233e0                isatty
 .text          0x000000000802348c       0xec ../pongers_bsp/\libhal_bsp.a(alt_load.o)
                0x00000000080234f4                alt_load
 .text          0x0000000008023578      0x118 ../pongers_bsp/\libhal_bsp.a(alt_lseek.o)
                0x00000000080235b4                lseek
 .text          0x0000000008023690       0x7c ../pongers_bsp/\libhal_bsp.a(alt_main.o)
                0x0000000008023690                alt_main
 .text          0x000000000802370c       0x48 ../pongers_bsp/\libhal_bsp.a(alt_malloc_lock.o)
                0x000000000802370c                __malloc_lock
                0x0000000008023730                __malloc_unlock
 .text          0x0000000008023754      0x140 ../pongers_bsp/\libhal_bsp.a(alt_read.o)
                0x0000000008023790                read
 .text          0x0000000008023894       0x84 ../pongers_bsp/\libhal_bsp.a(alt_release_fd.o)
                0x0000000008023894                alt_release_fd
 .text          0x0000000008023918       0xb0 ../pongers_bsp/\libhal_bsp.a(alt_sbrk.o)
                0x0000000008023918                sbrk
 .text          0x00000000080239c8       0x30 ../pongers_bsp/\libhal_bsp.a(alt_usleep.o)
                0x00000000080239c8                usleep
 .text          0x00000000080239f8      0x13c ../pongers_bsp/\libhal_bsp.a(alt_write.o)
                0x0000000008023a34                write
 .text          0x0000000008023b34      0x294 ../pongers_bsp/\libhal_bsp.a(alt_sys_init.o)
                0x0000000008023b68                alt_irq_init
                0x0000000008023ba0                alt_sys_init
 .text          0x0000000008023dc8      0x164 ../pongers_bsp/\libhal_bsp.a(altera_avalon_jtag_uart_fd.o)
                0x0000000008023dc8                altera_avalon_jtag_uart_read_fd
                0x0000000008023e28                altera_avalon_jtag_uart_write_fd
                0x0000000008023e88                altera_avalon_jtag_uart_close_fd
                0x0000000008023ed8                altera_avalon_jtag_uart_ioctl_fd
 .text          0x0000000008023f2c      0x3d4 ../pongers_bsp/\libhal_bsp.a(altera_avalon_jtag_uart_init.o)
                0x0000000008023f2c                altera_avalon_jtag_uart_init
                0x0000000008024298                altera_avalon_jtag_uart_close
 .text          0x0000000008024300       0xf0 ../pongers_bsp/\libhal_bsp.a(altera_avalon_jtag_uart_ioctl.o)
                0x0000000008024300                altera_avalon_jtag_uart_ioctl
 .text          0x00000000080243f0      0x21c ../pongers_bsp/\libhal_bsp.a(altera_avalon_jtag_uart_read.o)
                0x00000000080243f0                altera_avalon_jtag_uart_read
 .text          0x000000000802460c      0x224 ../pongers_bsp/\libhal_bsp.a(altera_avalon_jtag_uart_write.o)
                0x000000000802460c                altera_avalon_jtag_uart_write
 .text          0x0000000008024830      0xf78 ../pongers_bsp/\libhal_bsp.a(altera_up_avalon_video_pixel_buffer_dma.o)
                0x0000000008024830                alt_up_pixel_buffer_dma_open_dev
                0x000000000802486c                alt_up_pixel_buffer_dma_draw
                0x0000000008024a14                alt_up_pixel_buffer_dma_change_back_buffer_address
                0x0000000008024a70                alt_up_pixel_buffer_dma_swap_buffers
                0x0000000008024ad0                alt_up_pixel_buffer_dma_check_swap_buffers_status
                0x0000000008024b04                alt_up_pixel_buffer_dma_clear_screen
                0x0000000008024c40                alt_up_pixel_buffer_dma_draw_box
                0x0000000008024f3c                alt_up_pixel_buffer_dma_draw_hline
                0x000000000802516c                alt_up_pixel_buffer_dma_draw_vline
                0x00000000080253d8                alt_up_pixel_buffer_dma_draw_rectangle
                0x00000000080254a0                helper_plot_pixel
                0x0000000008025560                alt_up_pixel_buffer_dma_draw_line
 .text          0x00000000080257a8      0x12c ../pongers_bsp/\libhal_bsp.a(alt_alarm_start.o)
                0x00000000080257a8                alt_alarm_start
 .text          0x00000000080258d4      0x158 ../pongers_bsp/\libhal_bsp.a(alt_busy_sleep.o)
                0x00000000080258d4                alt_busy_sleep
 .text          0x0000000008025a2c       0x20 ../pongers_bsp/\libhal_bsp.a(alt_dcache_flush_all.o)
                0x0000000008025a2c                alt_dcache_flush_all
 .text          0x0000000008025a4c       0xe0 ../pongers_bsp/\libhal_bsp.a(alt_dev_llist_insert.o)
                0x0000000008025a88                alt_dev_llist_insert
 .text          0x0000000008025b2c       0x60 ../pongers_bsp/\libhal_bsp.a(alt_do_ctors.o)
                0x0000000008025b2c                _do_ctors
 .text          0x0000000008025b8c       0x60 ../pongers_bsp/\libhal_bsp.a(alt_do_dtors.o)
                0x0000000008025b8c                _do_dtors
 .text          0x0000000008025bec       0x90 ../pongers_bsp/\libhal_bsp.a(alt_find_dev.o)
                0x0000000008025bec                alt_find_dev
 .text          0x0000000008025c7c       0x20 ../pongers_bsp/\libhal_bsp.a(alt_icache_flush_all.o)
                0x0000000008025c7c                alt_icache_flush_all
 .text          0x0000000008025c9c      0x1b0 ../pongers_bsp/\libhal_bsp.a(alt_iic.o)
                0x0000000008025c9c                alt_ic_isr_register
                0x0000000008025cec                alt_ic_irq_enable
                0x0000000008025d74                alt_ic_irq_disable
                0x0000000008025e00                alt_ic_irq_enabled
 .text          0x0000000008025e4c       0xf0 ../pongers_bsp/\libhal_bsp.a(alt_iic_isr_register.o)
                0x0000000008025e4c                alt_iic_isr_register
 .text          0x0000000008025f3c      0x160 ../pongers_bsp/\libhal_bsp.a(alt_io_redirect.o)
                0x0000000008026020                alt_io_redirect
 .text          0x000000000802609c        0x0 ../pongers_bsp/\libhal_bsp.a(alt_irq_entry.o)
 .text          0x000000000802609c        0x0 ../pongers_bsp/\libhal_bsp.a(alt_irq_handler.o)
 .text          0x000000000802609c        0x0 ../pongers_bsp/\libhal_bsp.a(alt_irq_vars.o)
 .text          0x000000000802609c      0x284 ../pongers_bsp/\libhal_bsp.a(alt_open.o)
                0x00000000080261c4                open
 .text          0x0000000008026320      0x1a4 ../pongers_bsp/\libhal_bsp.a(alt_tick.o)
                0x0000000008026320                alt_alarm_stop
                0x00000000080263bc                alt_tick
 .text          0x00000000080264c4       0x24 ../pongers_bsp/\libhal_bsp.a(altera_nios2_gen2_irq.o)
                0x00000000080264c4                altera_nios2_gen2_irq_init
 .text          0x00000000080264e8        0x0 ../pongers_bsp/\libhal_bsp.a(alt_exception_entry.o)
 .text          0x00000000080264e8      0x108 ../pongers_bsp/\libhal_bsp.a(alt_find_file.o)
                0x00000000080264e8                alt_find_file
 .text          0x00000000080265f0       0xc4 ../pongers_bsp/\libhal_bsp.a(alt_get_fd.o)
                0x00000000080265f0                alt_get_fd
 .text          0x00000000080266b4       0x9c ../pongers_bsp/\libhal_bsp.a(alt_instruction_exception_entry.o)
                0x00000000080266b4                alt_exception_cause_generated_bad_addr
 .text          0x0000000008026750        0x0 c:/intelfpga/17.0/nios2eds/bin/gnu/h-x86_64-mingw32/bin/../lib/gcc/nios2-elf/5.3.0/../../../../../H-x86_64-mingw32/nios2-elf/lib/mno-hw-mul\libc.a(lib_a-atexit.o)
 .text.atexit   0x0000000008026750       0x14 c:/intelfpga/17.0/nios2eds/bin/gnu/h-x86_64-mingw32/bin/../lib/gcc/nios2-elf/5.3.0/../../../../../H-x86_64-mingw32/nios2-elf/lib/mno-hw-mul\libc.a(lib_a-atexit.o)
                0x0000000008026750                atexit
 .text          0x0000000008026764        0x0 c:/intelfpga/17.0/nios2eds/bin/gnu/h-x86_64-mingw32/bin/../lib/gcc/nios2-elf/5.3.0/../../../../../H-x86_64-mingw32/nios2-elf/lib/mno-hw-mul\libc.a(lib_a-exit.o)
 .text.exit     0x0000000008026764       0x38 c:/intelfpga/17.0/nios2eds/bin/gnu/h-x86_64-mingw32/bin/../lib/gcc/nios2-elf/5.3.0/../../../../../H-x86_64-mingw32/nios2-elf/lib/mno-hw-mul\libc.a(lib_a-exit.o)
                0x0000000008026764                exit
 .text          0x000000000802679c        0x0 c:/intelfpga/17.0/nios2eds/bin/gnu/h-x86_64-mingw32/bin/../lib/gcc/nios2-elf/5.3.0/../../../../../H-x86_64-mingw32/nios2-elf/lib/mno-hw-mul\libc.a(lib_a-memcmp.o)
 .text.memcmp   0x000000000802679c       0x7c c:/intelfpga/17.0/nios2eds/bin/gnu/h-x86_64-mingw32/bin/../lib/gcc/nios2-elf/5.3.0/../../../../../H-x86_64-mingw32/nios2-elf/lib/mno-hw-mul\libc.a(lib_a-memcmp.o)
                0x000000000802679c                memcmp
 .text          0x0000000008026818        0x0 c:/intelfpga/17.0/nios2eds/bin/gnu/h-x86_64-mingw32/bin/../lib/gcc/nios2-elf/5.3.0/../../../../../H-x86_64-mingw32/nios2-elf/lib/mno-hw-mul\libc.a(lib_a-__atexit.o)
 .text.__register_exitproc
                0x0000000008026818      0x118 c:/intelfpga/17.0/nios2eds/bin/gnu/h-x86_64-mingw32/bin/../lib/gcc/nios2-elf/5.3.0/../../../../../H-x86_64-mingw32/nios2-elf/lib/mno-hw-mul\libc.a(lib_a-__atexit.o)
                0x0000000008026818                __register_exitproc
 .text          0x0000000008026930        0x0 c:/intelfpga/17.0/nios2eds/bin/gnu/h-x86_64-mingw32/bin/../lib/gcc/nios2-elf/5.3.0/../../../../../H-x86_64-mingw32/nios2-elf/lib/mno-hw-mul\libc.a(lib_a-__call_atexit.o)
 .text.__call_exitprocs
                0x0000000008026930      0x180 c:/intelfpga/17.0/nios2eds/bin/gnu/h-x86_64-mingw32/bin/../lib/gcc/nios2-elf/5.3.0/../../../../../H-x86_64-mingw32/nios2-elf/lib/mno-hw-mul\libc.a(lib_a-__call_atexit.o)
                0x0000000008026930                __call_exitprocs
 .text          0x0000000008026ab0       0x34 ../pongers_bsp/\libhal_bsp.a(alt_exit.o)
                0x0000000008026ab0                _exit
 *(.gnu.warning.*)
 *(.fini)
                [!provide]                        PROVIDE (__etext, ABSOLUTE (.))
                [!provide]                        PROVIDE (_etext, ABSOLUTE (.))
                [!provide]                        PROVIDE (etext, ABSOLUTE (.))
 *(.eh_frame_hdr)
                0x0000000008026ae4                . = ALIGN (0x4)
                [!provide]                        PROVIDE (__preinit_array_start, ABSOLUTE (.))
 *(.preinit_array)
                [!provide]                        PROVIDE (__preinit_array_end, ABSOLUTE (.))
                [!provide]                        PROVIDE (__init_array_start, ABSOLUTE (.))
 *(.init_array)
                [!provide]                        PROVIDE (__init_array_end, ABSOLUTE (.))
                [!provide]                        PROVIDE (__fini_array_start, ABSOLUTE (.))
 *(.fini_array)
                [!provide]                        PROVIDE (__fini_array_end, ABSOLUTE (.))
 *(.eh_frame)
 *(.gcc_except_table .gcc_except_table.*)
 *(.dynamic)
                0x0000000008026ae4                PROVIDE (__CTOR_LIST__, ABSOLUTE (.))
 *(.ctors)
 *(SORT(.ctors.*))
                0x0000000008026ae4                PROVIDE (__CTOR_END__, ABSOLUTE (.))
                0x0000000008026ae4                PROVIDE (__DTOR_LIST__, ABSOLUTE (.))
 *(.dtors)
 *(SORT(.dtors.*))
                0x0000000008026ae4                PROVIDE (__DTOR_END__, ABSOLUTE (.))
 *(.jcr)
                0x0000000008026ae4                . = ALIGN (0x4)

.rodata         0x0000000008026ae4       0xd8
                0x0000000008026ae4                PROVIDE (__ram_rodata_start, ABSOLUTE (.))
                0x0000000008026ae4                . = ALIGN (0x4)
 *(.rodata .rodata.* .gnu.linkonce.r.*)
 .rodata        0x0000000008026ae4       0x7c obj/default/pongers.o
 .rodata.str1.4
                0x0000000008026b60        0x2 c:/intelfpga/17.0/nios2eds/bin/gnu/h-x86_64-mingw32/bin/../lib/gcc/nios2-elf/5.3.0/../../../../../H-x86_64-mingw32/nios2-elf/lib/mno-hw-mul\libc.a(lib_a-puts.o)
 *fill*         0x0000000008026b62        0x2 
 .rodata.str1.4
                0x0000000008026b64        0x4 c:/intelfpga/17.0/nios2eds/bin/gnu/h-x86_64-mingw32/bin/../lib/gcc/nios2-elf/5.3.0/../../../../../H-x86_64-mingw32/nios2-elf/lib/mno-hw-mul\libc.a(lib_a-impure.o)
                                          0x2 (size before relaxing)
 .rodata        0x0000000008026b68        0xa ../pongers_bsp/\libhal_bsp.a(alt_dev.o)
 *fill*         0x0000000008026b72        0x2 
 .rodata        0x0000000008026b74       0x11 ../pongers_bsp/\libhal_bsp.a(alt_main.o)
 *fill*         0x0000000008026b85        0x3 
 .rodata        0x0000000008026b88       0x32 ../pongers_bsp/\libhal_bsp.a(alt_sys_init.o)
 *(.rodata1)
                0x0000000008026bbc                . = ALIGN (0x4)
 *fill*         0x0000000008026bba        0x2 
                0x0000000008026bbc                PROVIDE (__ram_rodata_end, ABSOLUTE (.))
                0x0000000008026ae4                PROVIDE (__flash_rodata_start, LOADADDR (.rodata))

.rwdata         0x0000000008026bbc     0x1ac0 load address 0x000000000802867c
                0x0000000008026bbc                PROVIDE (__ram_rwdata_start, ABSOLUTE (.))
                0x0000000008026bbc                . = ALIGN (0x4)
 *(.got.plt)
 *(.got)
 *(.data1)
 *(.data .data.* .gnu.linkonce.d.*)
 .data          0x0000000008026bbc        0x0 ../pongers_bsp//obj/HAL/src/crt0.o
 .data          0x0000000008026bbc        0x0 obj/default/pongers.o
 .data          0x0000000008026bbc        0x0 c:/intelfpga/17.0/nios2eds/bin/gnu/h-x86_64-mingw32/bin/../lib/gcc/nios2-elf/5.3.0/../../../../../H-x86_64-mingw32/nios2-elf/lib/mno-hw-mul\libc.a(lib_a-puts.o)
 .data          0x0000000008026bbc        0x0 c:/intelfpga/17.0/nios2eds/bin/gnu/h-x86_64-mingw32/bin/../lib/gcc/nios2-elf/5.3.0/../../../../../H-x86_64-mingw32/nios2-elf/lib/mno-hw-mul\libc.a(lib_a-strlen.o)
 .data          0x0000000008026bbc        0x0 c:/intelfpga/17.0/nios2eds/bin/gnu/h-x86_64-mingw32/bin/../lib/gcc/nios2-elf/5.3.0/../../../../../H-x86_64-mingw32/nios2-elf/lib/mno-hw-mul\libc.a(lib_a-findfp.o)
 .data          0x0000000008026bbc        0x0 c:/intelfpga/17.0/nios2eds/bin/gnu/h-x86_64-mingw32/bin/../lib/gcc/nios2-elf/5.3.0/../../../../../H-x86_64-mingw32/nios2-elf/lib/mno-hw-mul\libc.a(lib_a-fvwrite.o)
 .data          0x0000000008026bbc        0x0 c:/intelfpga/17.0/nios2eds/bin/gnu/h-x86_64-mingw32/bin/../lib/gcc/nios2-elf/5.3.0/../../../../../H-x86_64-mingw32/nios2-elf/lib/mno-hw-mul\libc.a(lib_a-fwalk.o)
 .data          0x0000000008026bbc        0x0 c:/intelfpga/17.0/nios2eds/bin/gnu/h-x86_64-mingw32/bin/../lib/gcc/nios2-elf/5.3.0/../../../../../H-x86_64-mingw32/nios2-elf/lib/mno-hw-mul\libc.a(lib_a-impure.o)
 .data.impure_data
                0x0000000008026bbc      0x424 c:/intelfpga/17.0/nios2eds/bin/gnu/h-x86_64-mingw32/bin/../lib/gcc/nios2-elf/5.3.0/../../../../../H-x86_64-mingw32/nios2-elf/lib/mno-hw-mul\libc.a(lib_a-impure.o)
 .data          0x0000000008026fe0        0x0 c:/intelfpga/17.0/nios2eds/bin/gnu/h-x86_64-mingw32/bin/../lib/gcc/nios2-elf/5.3.0/../../../../../H-x86_64-mingw32/nios2-elf/lib/mno-hw-mul\libc.a(lib_a-mallocr.o)
 .data.__malloc_av_
                0x0000000008026fe0      0x408 c:/intelfpga/17.0/nios2eds/bin/gnu/h-x86_64-mingw32/bin/../lib/gcc/nios2-elf/5.3.0/../../../../../H-x86_64-mingw32/nios2-elf/lib/mno-hw-mul\libc.a(lib_a-mallocr.o)
                0x0000000008026fe0                __malloc_av_
 .data          0x00000000080273e8        0x0 c:/intelfpga/17.0/nios2eds/bin/gnu/h-x86_64-mingw32/bin/../lib/gcc/nios2-elf/5.3.0/../../../../../H-x86_64-mingw32/nios2-elf/lib/mno-hw-mul\libc.a(lib_a-memchr.o)
 .data          0x00000000080273e8        0x0 c:/intelfpga/17.0/nios2eds/bin/gnu/h-x86_64-mingw32/bin/../lib/gcc/nios2-elf/5.3.0/../../../../../H-x86_64-mingw32/nios2-elf/lib/mno-hw-mul\libc.a(lib_a-memcpy.o)
 .data          0x00000000080273e8        0x0 c:/intelfpga/17.0/nios2eds/bin/gnu/h-x86_64-mingw32/bin/../lib/gcc/nios2-elf/5.3.0/../../../../../H-x86_64-mingw32/nios2-elf/lib/mno-hw-mul\libc.a(lib_a-memmove.o)
 .data          0x00000000080273e8        0x0 c:/intelfpga/17.0/nios2eds/bin/gnu/h-x86_64-mingw32/bin/../lib/gcc/nios2-elf/5.3.0/../../../../../H-x86_64-mingw32/nios2-elf/lib/mno-hw-mul\libc.a(lib_a-memset.o)
 .data          0x00000000080273e8        0x0 c:/intelfpga/17.0/nios2eds/bin/gnu/h-x86_64-mingw32/bin/../lib/gcc/nios2-elf/5.3.0/../../../../../H-x86_64-mingw32/nios2-elf/lib/mno-hw-mul\libc.a(lib_a-reallocr.o)
 .data          0x00000000080273e8        0x0 c:/intelfpga/17.0/nios2eds/bin/gnu/h-x86_64-mingw32/bin/../lib/gcc/nios2-elf/5.3.0/../../../../../H-x86_64-mingw32/nios2-elf/lib/mno-hw-mul\libc.a(lib_a-sbrkr.o)
 .data          0x00000000080273e8        0x0 c:/intelfpga/17.0/nios2eds/bin/gnu/h-x86_64-mingw32/bin/../lib/gcc/nios2-elf/5.3.0/../../../../../H-x86_64-mingw32/nios2-elf/lib/mno-hw-mul\libc.a(lib_a-stdio.o)
 .data          0x00000000080273e8        0x0 c:/intelfpga/17.0/nios2eds/bin/gnu/h-x86_64-mingw32/bin/../lib/gcc/nios2-elf/5.3.0/../../../../../H-x86_64-mingw32/nios2-elf/lib/mno-hw-mul\libc.a(lib_a-writer.o)
 .data          0x00000000080273e8        0x0 c:/intelfpga/17.0/nios2eds/bin/gnu/h-x86_64-mingw32/bin/../lib/gcc/nios2-elf/5.3.0/../../../../../H-x86_64-mingw32/nios2-elf/lib/mno-hw-mul\libc.a(lib_a-wsetup.o)
 .data          0x00000000080273e8        0x0 c:/intelfpga/17.0/nios2eds/bin/gnu/h-x86_64-mingw32/bin/../lib/gcc/nios2-elf/5.3.0/../../../../../H-x86_64-mingw32/nios2-elf/lib/mno-hw-mul\libc.a(closer.o)
 .data          0x00000000080273e8        0x0 c:/intelfpga/17.0/nios2eds/bin/gnu/h-x86_64-mingw32/bin/../lib/gcc/nios2-elf/5.3.0/../../../../../H-x86_64-mingw32/nios2-elf/lib/mno-hw-mul\libc.a(lib_a-fclose.o)
 .data          0x00000000080273e8        0x0 c:/intelfpga/17.0/nios2eds/bin/gnu/h-x86_64-mingw32/bin/../lib/gcc/nios2-elf/5.3.0/../../../../../H-x86_64-mingw32/nios2-elf/lib/mno-hw-mul\libc.a(lib_a-fflush.o)
 .data          0x00000000080273e8        0x0 c:/intelfpga/17.0/nios2eds/bin/gnu/h-x86_64-mingw32/bin/../lib/gcc/nios2-elf/5.3.0/../../../../../H-x86_64-mingw32/nios2-elf/lib/mno-hw-mul\libc.a(lib_a-freer.o)
 .data          0x00000000080273e8        0x0 c:/intelfpga/17.0/nios2eds/bin/gnu/h-x86_64-mingw32/bin/../lib/gcc/nios2-elf/5.3.0/../../../../../H-x86_64-mingw32/nios2-elf/lib/mno-hw-mul\libc.a(lib_a-int_errno.o)
 .data          0x00000000080273e8        0x0 c:/intelfpga/17.0/nios2eds/bin/gnu/h-x86_64-mingw32/bin/../lib/gcc/nios2-elf/5.3.0/../../../../../H-x86_64-mingw32/nios2-elf/lib/mno-hw-mul\libc.a(lib_a-lseekr.o)
 .data          0x00000000080273e8        0x0 c:/intelfpga/17.0/nios2eds/bin/gnu/h-x86_64-mingw32/bin/../lib/gcc/nios2-elf/5.3.0/../../../../../H-x86_64-mingw32/nios2-elf/lib/mno-hw-mul\libc.a(lib_a-makebuf.o)
 .data          0x00000000080273e8        0x0 c:/intelfpga/17.0/nios2eds/bin/gnu/h-x86_64-mingw32/bin/../lib/gcc/nios2-elf/5.3.0/../../../../../H-x86_64-mingw32/nios2-elf/lib/mno-hw-mul\libc.a(lib_a-readr.o)
 .data          0x00000000080273e8        0x0 c:/intelfpga/17.0/nios2eds/bin/gnu/h-x86_64-mingw32/bin/../lib/gcc/nios2-elf/5.3.0/../../../../../H-x86_64-mingw32/nios2-elf/lib/mno-hw-mul\libc.a(lib_a-fstatr.o)
 .data          0x00000000080273e8        0x0 c:/intelfpga/17.0/nios2eds/bin/gnu/h-x86_64-mingw32/bin/../lib/gcc/nios2-elf/5.3.0/../../../../../H-x86_64-mingw32/nios2-elf/lib/mno-hw-mul\libc.a(lib_a-isattyr.o)
 .data          0x00000000080273e8        0x0 c:/intelfpga/17.0/nios2eds/bin/gnu/h-x86_64-mingw32/bin/../lib/gcc/nios2-elf/5.3.0/mno-hw-mul\libgcc.a(lib2-divmod.o)
 .data          0x00000000080273e8        0x0 c:/intelfpga/17.0/nios2eds/bin/gnu/h-x86_64-mingw32/bin/../lib/gcc/nios2-elf/5.3.0/mno-hw-mul\libgcc.a(lib2-mul.o)
 .data          0x00000000080273e8        0x0 ../pongers_bsp/\libhal_bsp.a(alt_close.o)
 .data          0x00000000080273e8      0x1a8 ../pongers_bsp/\libhal_bsp.a(alt_dev.o)
                0x00000000080273e8                alt_dev_null
                0x0000000008027410                alt_fd_list
 .data          0x0000000008027590        0x0 ../pongers_bsp/\libhal_bsp.a(alt_errno.o)
 .data          0x0000000008027590        0x0 ../pongers_bsp/\libhal_bsp.a(alt_fstat.o)
 .data          0x0000000008027590        0x0 ../pongers_bsp/\libhal_bsp.a(alt_isatty.o)
 .data          0x0000000008027590        0x0 ../pongers_bsp/\libhal_bsp.a(alt_load.o)
 .data          0x0000000008027590        0x0 ../pongers_bsp/\libhal_bsp.a(alt_lseek.o)
 .data          0x0000000008027590        0x0 ../pongers_bsp/\libhal_bsp.a(alt_main.o)
 .data          0x0000000008027590        0x0 ../pongers_bsp/\libhal_bsp.a(alt_malloc_lock.o)
 .data          0x0000000008027590        0x0 ../pongers_bsp/\libhal_bsp.a(alt_read.o)
 .data          0x0000000008027590        0x0 ../pongers_bsp/\libhal_bsp.a(alt_release_fd.o)
 .data          0x0000000008027590        0x0 ../pongers_bsp/\libhal_bsp.a(alt_sbrk.o)
 .data          0x0000000008027590        0x0 ../pongers_bsp/\libhal_bsp.a(alt_usleep.o)
 .data          0x0000000008027590        0x0 ../pongers_bsp/\libhal_bsp.a(alt_write.o)
 .data          0x0000000008027590     0x10b4 ../pongers_bsp/\libhal_bsp.a(alt_sys_init.o)
 .data          0x0000000008028644        0x0 ../pongers_bsp/\libhal_bsp.a(altera_avalon_jtag_uart_fd.o)
 .data          0x0000000008028644        0x0 ../pongers_bsp/\libhal_bsp.a(altera_avalon_jtag_uart_init.o)
 .data          0x0000000008028644        0x0 ../pongers_bsp/\libhal_bsp.a(altera_avalon_jtag_uart_ioctl.o)
 .data          0x0000000008028644        0x0 ../pongers_bsp/\libhal_bsp.a(altera_avalon_jtag_uart_read.o)
 .data          0x0000000008028644        0x0 ../pongers_bsp/\libhal_bsp.a(altera_avalon_jtag_uart_write.o)
 .data          0x0000000008028644        0x0 ../pongers_bsp/\libhal_bsp.a(altera_up_avalon_video_pixel_buffer_dma.o)
 .data          0x0000000008028644        0x0 ../pongers_bsp/\libhal_bsp.a(alt_alarm_start.o)
 .data          0x0000000008028644        0x0 ../pongers_bsp/\libhal_bsp.a(alt_busy_sleep.o)
 .data          0x0000000008028644        0x0 ../pongers_bsp/\libhal_bsp.a(alt_dcache_flush_all.o)
 .data          0x0000000008028644        0x0 ../pongers_bsp/\libhal_bsp.a(alt_dev_llist_insert.o)
 .data          0x0000000008028644        0x0 ../pongers_bsp/\libhal_bsp.a(alt_do_ctors.o)
 .data          0x0000000008028644        0x0 ../pongers_bsp/\libhal_bsp.a(alt_do_dtors.o)
 .data          0x0000000008028644        0x0 ../pongers_bsp/\libhal_bsp.a(alt_find_dev.o)
 .data          0x0000000008028644        0x0 ../pongers_bsp/\libhal_bsp.a(alt_icache_flush_all.o)
 .data          0x0000000008028644        0x0 ../pongers_bsp/\libhal_bsp.a(alt_iic.o)
 .data          0x0000000008028644        0x0 ../pongers_bsp/\libhal_bsp.a(alt_iic_isr_register.o)
 .data          0x0000000008028644        0x0 ../pongers_bsp/\libhal_bsp.a(alt_io_redirect.o)
 .data          0x0000000008028644        0x0 ../pongers_bsp/\libhal_bsp.a(alt_irq_entry.o)
 .data          0x0000000008028644        0x0 ../pongers_bsp/\libhal_bsp.a(alt_irq_handler.o)
 .data          0x0000000008028644        0x0 ../pongers_bsp/\libhal_bsp.a(alt_irq_vars.o)
 .data          0x0000000008028644        0x0 ../pongers_bsp/\libhal_bsp.a(alt_open.o)
 .data          0x0000000008028644        0x0 ../pongers_bsp/\libhal_bsp.a(alt_tick.o)
 .data          0x0000000008028644        0x0 ../pongers_bsp/\libhal_bsp.a(altera_nios2_gen2_irq.o)
 .data          0x0000000008028644        0x0 ../pongers_bsp/\libhal_bsp.a(alt_exception_entry.o)
 .data          0x0000000008028644        0x0 ../pongers_bsp/\libhal_bsp.a(alt_find_file.o)
 .data          0x0000000008028644        0x0 ../pongers_bsp/\libhal_bsp.a(alt_get_fd.o)
 .data          0x0000000008028644        0x0 ../pongers_bsp/\libhal_bsp.a(alt_instruction_exception_entry.o)
 .data          0x0000000008028644        0x0 c:/intelfpga/17.0/nios2eds/bin/gnu/h-x86_64-mingw32/bin/../lib/gcc/nios2-elf/5.3.0/../../../../../H-x86_64-mingw32/nios2-elf/lib/mno-hw-mul\libc.a(lib_a-atexit.o)
 .data          0x0000000008028644        0x0 c:/intelfpga/17.0/nios2eds/bin/gnu/h-x86_64-mingw32/bin/../lib/gcc/nios2-elf/5.3.0/../../../../../H-x86_64-mingw32/nios2-elf/lib/mno-hw-mul\libc.a(lib_a-exit.o)
 .data          0x0000000008028644        0x0 c:/intelfpga/17.0/nios2eds/bin/gnu/h-x86_64-mingw32/bin/../lib/gcc/nios2-elf/5.3.0/../../../../../H-x86_64-mingw32/nios2-elf/lib/mno-hw-mul\libc.a(lib_a-memcmp.o)
 .data          0x0000000008028644        0x0 c:/intelfpga/17.0/nios2eds/bin/gnu/h-x86_64-mingw32/bin/../lib/gcc/nios2-elf/5.3.0/../../../../../H-x86_64-mingw32/nios2-elf/lib/mno-hw-mul\libc.a(lib_a-__atexit.o)
 .data          0x0000000008028644        0x0 c:/intelfpga/17.0/nios2eds/bin/gnu/h-x86_64-mingw32/bin/../lib/gcc/nios2-elf/5.3.0/../../../../../H-x86_64-mingw32/nios2-elf/lib/mno-hw-mul\libc.a(lib_a-__call_atexit.o)
 .data          0x0000000008028644        0x0 ../pongers_bsp/\libhal_bsp.a(alt_exit.o)
                0x0000000008030644                _gp = ABSOLUTE ((. + 0x8000))
                [!provide]                        PROVIDE (gp, _gp)
 *(.rwdata .rwdata.*)
 *(.sdata .sdata.* .gnu.linkonce.s.*)
 .sdata._global_impure_ptr
                0x0000000008028644        0x4 c:/intelfpga/17.0/nios2eds/bin/gnu/h-x86_64-mingw32/bin/../lib/gcc/nios2-elf/5.3.0/../../../../../H-x86_64-mingw32/nios2-elf/lib/mno-hw-mul\libc.a(lib_a-impure.o)
                0x0000000008028644                _global_impure_ptr
 .sdata._impure_ptr
                0x0000000008028648        0x4 c:/intelfpga/17.0/nios2eds/bin/gnu/h-x86_64-mingw32/bin/../lib/gcc/nios2-elf/5.3.0/../../../../../H-x86_64-mingw32/nios2-elf/lib/mno-hw-mul\libc.a(lib_a-impure.o)
                0x0000000008028648                _impure_ptr
 .sdata.__malloc_sbrk_base
                0x000000000802864c        0x4 c:/intelfpga/17.0/nios2eds/bin/gnu/h-x86_64-mingw32/bin/../lib/gcc/nios2-elf/5.3.0/../../../../../H-x86_64-mingw32/nios2-elf/lib/mno-hw-mul\libc.a(lib_a-mallocr.o)
                0x000000000802864c                __malloc_sbrk_base
 .sdata.__malloc_trim_threshold
                0x0000000008028650        0x4 c:/intelfpga/17.0/nios2eds/bin/gnu/h-x86_64-mingw32/bin/../lib/gcc/nios2-elf/5.3.0/../../../../../H-x86_64-mingw32/nios2-elf/lib/mno-hw-mul\libc.a(lib_a-mallocr.o)
                0x0000000008028650                __malloc_trim_threshold
 .sdata         0x0000000008028654       0x14 ../pongers_bsp/\libhal_bsp.a(alt_dev.o)
                0x0000000008028654                alt_fs_list
                0x000000000802865c                alt_dev_list
                0x0000000008028664                alt_max_fd
 .sdata         0x0000000008028668        0x4 ../pongers_bsp/\libhal_bsp.a(alt_errno.o)
                0x0000000008028668                alt_errno
 .sdata         0x000000000802866c        0x4 ../pongers_bsp/\libhal_bsp.a(alt_sbrk.o)
 .sdata         0x0000000008028670        0x4 ../pongers_bsp/\libhal_bsp.a(alt_irq_vars.o)
                0x0000000008028670                alt_priority_mask
 .sdata         0x0000000008028674        0x8 ../pongers_bsp/\libhal_bsp.a(alt_tick.o)
                0x0000000008028674                alt_alarm_list
 *(.sdata2 .sdata2.* .gnu.linkonce.s2.*)
                0x000000000802867c                . = ALIGN (0x4)
                0x000000000802867c                _edata = ABSOLUTE (.)
                [!provide]                        PROVIDE (edata, ABSOLUTE (.))
                0x000000000802867c                PROVIDE (__ram_rwdata_end, ABSOLUTE (.))
                0x000000000802867c                PROVIDE (__flash_rwdata_start, LOADADDR (.rwdata))

.bss            0x000000000802a13c      0x154
                0x000000000802a13c                __bss_start = ABSOLUTE (.)
                [!provide]                        PROVIDE (__sbss_start, ABSOLUTE (.))
                [!provide]                        PROVIDE (___sbss_start, ABSOLUTE (.))
 *(.dynsbss)
 *(.sbss .sbss.* .gnu.linkonce.sb.*)
 .sbss.__malloc_max_total_mem
                0x000000000802a13c        0x4 c:/intelfpga/17.0/nios2eds/bin/gnu/h-x86_64-mingw32/bin/../lib/gcc/nios2-elf/5.3.0/../../../../../H-x86_64-mingw32/nios2-elf/lib/mno-hw-mul\libc.a(lib_a-mallocr.o)
                0x000000000802a13c                __malloc_max_total_mem
 .sbss.__malloc_max_sbrked_mem
                0x000000000802a140        0x4 c:/intelfpga/17.0/nios2eds/bin/gnu/h-x86_64-mingw32/bin/../lib/gcc/nios2-elf/5.3.0/../../../../../H-x86_64-mingw32/nios2-elf/lib/mno-hw-mul\libc.a(lib_a-mallocr.o)
                0x000000000802a140                __malloc_max_sbrked_mem
 .sbss.__malloc_top_pad
                0x000000000802a144        0x4 c:/intelfpga/17.0/nios2eds/bin/gnu/h-x86_64-mingw32/bin/../lib/gcc/nios2-elf/5.3.0/../../../../../H-x86_64-mingw32/nios2-elf/lib/mno-hw-mul\libc.a(lib_a-mallocr.o)
                0x000000000802a144                __malloc_top_pad
 .sbss          0x000000000802a148        0x4 c:/intelfpga/17.0/nios2eds/bin/gnu/h-x86_64-mingw32/bin/../lib/gcc/nios2-elf/5.3.0/../../../../../H-x86_64-mingw32/nios2-elf/lib/mno-hw-mul\libc.a(lib_a-int_errno.o)
                0x000000000802a148                errno
 .sbss          0x000000000802a14c        0xc ../pongers_bsp/\libhal_bsp.a(alt_main.o)
                0x000000000802a14c                alt_argc
                0x000000000802a150                alt_argv
                0x000000000802a154                alt_envp
 .sbss          0x000000000802a158        0x4 ../pongers_bsp/\libhal_bsp.a(alt_irq_vars.o)
                0x000000000802a158                alt_irq_active
 .sbss          0x000000000802a15c        0x8 ../pongers_bsp/\libhal_bsp.a(alt_tick.o)
                0x000000000802a15c                _alt_tick_rate
                0x000000000802a160                _alt_nticks
 .sbss          0x000000000802a164        0x4 ../pongers_bsp/\libhal_bsp.a(alt_instruction_exception_entry.o)
                0x000000000802a164                alt_instruction_exception_handler
 *(.sbss2 .sbss2.* .gnu.linkonce.sb2.*)
 *(.scommon)
                [!provide]                        PROVIDE (__sbss_end, ABSOLUTE (.))
                [!provide]                        PROVIDE (___sbss_end, ABSOLUTE (.))
 *(.dynbss)
 *(.bss .bss.* .gnu.linkonce.b.*)
 .bss           0x000000000802a168        0x0 ../pongers_bsp//obj/HAL/src/crt0.o
 .bss           0x000000000802a168        0x0 obj/default/pongers.o
 .bss           0x000000000802a168        0x0 c:/intelfpga/17.0/nios2eds/bin/gnu/h-x86_64-mingw32/bin/../lib/gcc/nios2-elf/5.3.0/../../../../../H-x86_64-mingw32/nios2-elf/lib/mno-hw-mul\libc.a(lib_a-puts.o)
 .bss           0x000000000802a168        0x0 c:/intelfpga/17.0/nios2eds/bin/gnu/h-x86_64-mingw32/bin/../lib/gcc/nios2-elf/5.3.0/../../../../../H-x86_64-mingw32/nios2-elf/lib/mno-hw-mul\libc.a(lib_a-strlen.o)
 .bss           0x000000000802a168        0x0 c:/intelfpga/17.0/nios2eds/bin/gnu/h-x86_64-mingw32/bin/../lib/gcc/nios2-elf/5.3.0/../../../../../H-x86_64-mingw32/nios2-elf/lib/mno-hw-mul\libc.a(lib_a-findfp.o)
 .bss           0x000000000802a168        0x0 c:/intelfpga/17.0/nios2eds/bin/gnu/h-x86_64-mingw32/bin/../lib/gcc/nios2-elf/5.3.0/../../../../../H-x86_64-mingw32/nios2-elf/lib/mno-hw-mul\libc.a(lib_a-fvwrite.o)
 .bss           0x000000000802a168        0x0 c:/intelfpga/17.0/nios2eds/bin/gnu/h-x86_64-mingw32/bin/../lib/gcc/nios2-elf/5.3.0/../../../../../H-x86_64-mingw32/nios2-elf/lib/mno-hw-mul\libc.a(lib_a-fwalk.o)
 .bss           0x000000000802a168        0x0 c:/intelfpga/17.0/nios2eds/bin/gnu/h-x86_64-mingw32/bin/../lib/gcc/nios2-elf/5.3.0/../../../../../H-x86_64-mingw32/nios2-elf/lib/mno-hw-mul\libc.a(lib_a-impure.o)
 .bss           0x000000000802a168        0x0 c:/intelfpga/17.0/nios2eds/bin/gnu/h-x86_64-mingw32/bin/../lib/gcc/nios2-elf/5.3.0/../../../../../H-x86_64-mingw32/nios2-elf/lib/mno-hw-mul\libc.a(lib_a-mallocr.o)
 .bss.__malloc_current_mallinfo
                0x000000000802a168       0x28 c:/intelfpga/17.0/nios2eds/bin/gnu/h-x86_64-mingw32/bin/../lib/gcc/nios2-elf/5.3.0/../../../../../H-x86_64-mingw32/nios2-elf/lib/mno-hw-mul\libc.a(lib_a-mallocr.o)
                0x000000000802a168                __malloc_current_mallinfo
 .bss           0x000000000802a190        0x0 c:/intelfpga/17.0/nios2eds/bin/gnu/h-x86_64-mingw32/bin/../lib/gcc/nios2-elf/5.3.0/../../../../../H-x86_64-mingw32/nios2-elf/lib/mno-hw-mul\libc.a(lib_a-memchr.o)
 .bss           0x000000000802a190        0x0 c:/intelfpga/17.0/nios2eds/bin/gnu/h-x86_64-mingw32/bin/../lib/gcc/nios2-elf/5.3.0/../../../../../H-x86_64-mingw32/nios2-elf/lib/mno-hw-mul\libc.a(lib_a-memcpy.o)
 .bss           0x000000000802a190        0x0 c:/intelfpga/17.0/nios2eds/bin/gnu/h-x86_64-mingw32/bin/../lib/gcc/nios2-elf/5.3.0/../../../../../H-x86_64-mingw32/nios2-elf/lib/mno-hw-mul\libc.a(lib_a-memmove.o)
 .bss           0x000000000802a190        0x0 c:/intelfpga/17.0/nios2eds/bin/gnu/h-x86_64-mingw32/bin/../lib/gcc/nios2-elf/5.3.0/../../../../../H-x86_64-mingw32/nios2-elf/lib/mno-hw-mul\libc.a(lib_a-memset.o)
 .bss           0x000000000802a190        0x0 c:/intelfpga/17.0/nios2eds/bin/gnu/h-x86_64-mingw32/bin/../lib/gcc/nios2-elf/5.3.0/../../../../../H-x86_64-mingw32/nios2-elf/lib/mno-hw-mul\libc.a(lib_a-reallocr.o)
 .bss           0x000000000802a190        0x0 c:/intelfpga/17.0/nios2eds/bin/gnu/h-x86_64-mingw32/bin/../lib/gcc/nios2-elf/5.3.0/../../../../../H-x86_64-mingw32/nios2-elf/lib/mno-hw-mul\libc.a(lib_a-sbrkr.o)
 .bss           0x000000000802a190        0x0 c:/intelfpga/17.0/nios2eds/bin/gnu/h-x86_64-mingw32/bin/../lib/gcc/nios2-elf/5.3.0/../../../../../H-x86_64-mingw32/nios2-elf/lib/mno-hw-mul\libc.a(lib_a-stdio.o)
 .bss           0x000000000802a190        0x0 c:/intelfpga/17.0/nios2eds/bin/gnu/h-x86_64-mingw32/bin/../lib/gcc/nios2-elf/5.3.0/../../../../../H-x86_64-mingw32/nios2-elf/lib/mno-hw-mul\libc.a(lib_a-writer.o)
 .bss           0x000000000802a190        0x0 c:/intelfpga/17.0/nios2eds/bin/gnu/h-x86_64-mingw32/bin/../lib/gcc/nios2-elf/5.3.0/../../../../../H-x86_64-mingw32/nios2-elf/lib/mno-hw-mul\libc.a(lib_a-wsetup.o)
 .bss           0x000000000802a190        0x0 c:/intelfpga/17.0/nios2eds/bin/gnu/h-x86_64-mingw32/bin/../lib/gcc/nios2-elf/5.3.0/../../../../../H-x86_64-mingw32/nios2-elf/lib/mno-hw-mul\libc.a(closer.o)
 .bss           0x000000000802a190        0x0 c:/intelfpga/17.0/nios2eds/bin/gnu/h-x86_64-mingw32/bin/../lib/gcc/nios2-elf/5.3.0/../../../../../H-x86_64-mingw32/nios2-elf/lib/mno-hw-mul\libc.a(lib_a-fclose.o)
 .bss           0x000000000802a190        0x0 c:/intelfpga/17.0/nios2eds/bin/gnu/h-x86_64-mingw32/bin/../lib/gcc/nios2-elf/5.3.0/../../../../../H-x86_64-mingw32/nios2-elf/lib/mno-hw-mul\libc.a(lib_a-fflush.o)
 .bss           0x000000000802a190        0x0 c:/intelfpga/17.0/nios2eds/bin/gnu/h-x86_64-mingw32/bin/../lib/gcc/nios2-elf/5.3.0/../../../../../H-x86_64-mingw32/nios2-elf/lib/mno-hw-mul\libc.a(lib_a-freer.o)
 .bss           0x000000000802a190        0x0 c:/intelfpga/17.0/nios2eds/bin/gnu/h-x86_64-mingw32/bin/../lib/gcc/nios2-elf/5.3.0/../../../../../H-x86_64-mingw32/nios2-elf/lib/mno-hw-mul\libc.a(lib_a-int_errno.o)
 .bss           0x000000000802a190        0x0 c:/intelfpga/17.0/nios2eds/bin/gnu/h-x86_64-mingw32/bin/../lib/gcc/nios2-elf/5.3.0/../../../../../H-x86_64-mingw32/nios2-elf/lib/mno-hw-mul\libc.a(lib_a-lseekr.o)
 .bss           0x000000000802a190        0x0 c:/intelfpga/17.0/nios2eds/bin/gnu/h-x86_64-mingw32/bin/../lib/gcc/nios2-elf/5.3.0/../../../../../H-x86_64-mingw32/nios2-elf/lib/mno-hw-mul\libc.a(lib_a-makebuf.o)
 .bss           0x000000000802a190        0x0 c:/intelfpga/17.0/nios2eds/bin/gnu/h-x86_64-mingw32/bin/../lib/gcc/nios2-elf/5.3.0/../../../../../H-x86_64-mingw32/nios2-elf/lib/mno-hw-mul\libc.a(lib_a-readr.o)
 .bss           0x000000000802a190        0x0 c:/intelfpga/17.0/nios2eds/bin/gnu/h-x86_64-mingw32/bin/../lib/gcc/nios2-elf/5.3.0/../../../../../H-x86_64-mingw32/nios2-elf/lib/mno-hw-mul\libc.a(lib_a-fstatr.o)
 .bss           0x000000000802a190        0x0 c:/intelfpga/17.0/nios2eds/bin/gnu/h-x86_64-mingw32/bin/../lib/gcc/nios2-elf/5.3.0/../../../../../H-x86_64-mingw32/nios2-elf/lib/mno-hw-mul\libc.a(lib_a-isattyr.o)
 .bss           0x000000000802a190        0x0 c:/intelfpga/17.0/nios2eds/bin/gnu/h-x86_64-mingw32/bin/../lib/gcc/nios2-elf/5.3.0/mno-hw-mul\libgcc.a(lib2-divmod.o)
 .bss           0x000000000802a190        0x0 c:/intelfpga/17.0/nios2eds/bin/gnu/h-x86_64-mingw32/bin/../lib/gcc/nios2-elf/5.3.0/mno-hw-mul\libgcc.a(lib2-mul.o)
 .bss           0x000000000802a190        0x0 ../pongers_bsp/\libhal_bsp.a(alt_close.o)
 .bss           0x000000000802a190        0x0 ../pongers_bsp/\libhal_bsp.a(alt_dev.o)
 .bss           0x000000000802a190        0x0 ../pongers_bsp/\libhal_bsp.a(alt_errno.o)
 .bss           0x000000000802a190        0x0 ../pongers_bsp/\libhal_bsp.a(alt_fstat.o)
 .bss           0x000000000802a190        0x0 ../pongers_bsp/\libhal_bsp.a(alt_isatty.o)
 .bss           0x000000000802a190        0x0 ../pongers_bsp/\libhal_bsp.a(alt_load.o)
 .bss           0x000000000802a190        0x0 ../pongers_bsp/\libhal_bsp.a(alt_lseek.o)
 .bss           0x000000000802a190        0x0 ../pongers_bsp/\libhal_bsp.a(alt_main.o)
 .bss           0x000000000802a190        0x0 ../pongers_bsp/\libhal_bsp.a(alt_malloc_lock.o)
 .bss           0x000000000802a190        0x0 ../pongers_bsp/\libhal_bsp.a(alt_read.o)
 .bss           0x000000000802a190        0x0 ../pongers_bsp/\libhal_bsp.a(alt_release_fd.o)
 .bss           0x000000000802a190        0x0 ../pongers_bsp/\libhal_bsp.a(alt_sbrk.o)
 .bss           0x000000000802a190        0x0 ../pongers_bsp/\libhal_bsp.a(alt_usleep.o)
 .bss           0x000000000802a190        0x0 ../pongers_bsp/\libhal_bsp.a(alt_write.o)
 .bss           0x000000000802a190        0x0 ../pongers_bsp/\libhal_bsp.a(alt_sys_init.o)
 .bss           0x000000000802a190        0x0 ../pongers_bsp/\libhal_bsp.a(altera_avalon_jtag_uart_fd.o)
 .bss           0x000000000802a190        0x0 ../pongers_bsp/\libhal_bsp.a(altera_avalon_jtag_uart_init.o)
 .bss           0x000000000802a190        0x0 ../pongers_bsp/\libhal_bsp.a(altera_avalon_jtag_uart_ioctl.o)
 .bss           0x000000000802a190        0x0 ../pongers_bsp/\libhal_bsp.a(altera_avalon_jtag_uart_read.o)
 .bss           0x000000000802a190        0x0 ../pongers_bsp/\libhal_bsp.a(altera_avalon_jtag_uart_write.o)
 .bss           0x000000000802a190        0x0 ../pongers_bsp/\libhal_bsp.a(altera_up_avalon_video_pixel_buffer_dma.o)
 .bss           0x000000000802a190        0x0 ../pongers_bsp/\libhal_bsp.a(alt_alarm_start.o)
 .bss           0x000000000802a190        0x0 ../pongers_bsp/\libhal_bsp.a(alt_busy_sleep.o)
 .bss           0x000000000802a190        0x0 ../pongers_bsp/\libhal_bsp.a(alt_dcache_flush_all.o)
 .bss           0x000000000802a190        0x0 ../pongers_bsp/\libhal_bsp.a(alt_dev_llist_insert.o)
 .bss           0x000000000802a190        0x0 ../pongers_bsp/\libhal_bsp.a(alt_do_ctors.o)
 .bss           0x000000000802a190        0x0 ../pongers_bsp/\libhal_bsp.a(alt_do_dtors.o)
 .bss           0x000000000802a190        0x0 ../pongers_bsp/\libhal_bsp.a(alt_find_dev.o)
 .bss           0x000000000802a190        0x0 ../pongers_bsp/\libhal_bsp.a(alt_icache_flush_all.o)
 .bss           0x000000000802a190        0x0 ../pongers_bsp/\libhal_bsp.a(alt_iic.o)
 .bss           0x000000000802a190        0x0 ../pongers_bsp/\libhal_bsp.a(alt_iic_isr_register.o)
 .bss           0x000000000802a190        0x0 ../pongers_bsp/\libhal_bsp.a(alt_io_redirect.o)
 .bss           0x000000000802a190        0x0 ../pongers_bsp/\libhal_bsp.a(alt_irq_entry.o)
 .bss           0x000000000802a190        0x0 ../pongers_bsp/\libhal_bsp.a(alt_irq_handler.o)
 .bss           0x000000000802a190        0x0 ../pongers_bsp/\libhal_bsp.a(alt_irq_vars.o)
 .bss           0x000000000802a190        0x0 ../pongers_bsp/\libhal_bsp.a(alt_open.o)
 .bss           0x000000000802a190        0x0 ../pongers_bsp/\libhal_bsp.a(alt_tick.o)
 .bss           0x000000000802a190        0x0 ../pongers_bsp/\libhal_bsp.a(altera_nios2_gen2_irq.o)
 .bss           0x000000000802a190        0x0 ../pongers_bsp/\libhal_bsp.a(alt_exception_entry.o)
 .bss           0x000000000802a190        0x0 ../pongers_bsp/\libhal_bsp.a(alt_find_file.o)
 .bss           0x000000000802a190        0x0 ../pongers_bsp/\libhal_bsp.a(alt_get_fd.o)
 .bss           0x000000000802a190        0x0 ../pongers_bsp/\libhal_bsp.a(alt_instruction_exception_entry.o)
 .bss           0x000000000802a190        0x0 c:/intelfpga/17.0/nios2eds/bin/gnu/h-x86_64-mingw32/bin/../lib/gcc/nios2-elf/5.3.0/../../../../../H-x86_64-mingw32/nios2-elf/lib/mno-hw-mul\libc.a(lib_a-atexit.o)
 .bss           0x000000000802a190        0x0 c:/intelfpga/17.0/nios2eds/bin/gnu/h-x86_64-mingw32/bin/../lib/gcc/nios2-elf/5.3.0/../../../../../H-x86_64-mingw32/nios2-elf/lib/mno-hw-mul\libc.a(lib_a-exit.o)
 .bss           0x000000000802a190        0x0 c:/intelfpga/17.0/nios2eds/bin/gnu/h-x86_64-mingw32/bin/../lib/gcc/nios2-elf/5.3.0/../../../../../H-x86_64-mingw32/nios2-elf/lib/mno-hw-mul\libc.a(lib_a-memcmp.o)
 .bss           0x000000000802a190        0x0 c:/intelfpga/17.0/nios2eds/bin/gnu/h-x86_64-mingw32/bin/../lib/gcc/nios2-elf/5.3.0/../../../../../H-x86_64-mingw32/nios2-elf/lib/mno-hw-mul\libc.a(lib_a-__atexit.o)
 .bss           0x000000000802a190        0x0 c:/intelfpga/17.0/nios2eds/bin/gnu/h-x86_64-mingw32/bin/../lib/gcc/nios2-elf/5.3.0/../../../../../H-x86_64-mingw32/nios2-elf/lib/mno-hw-mul\libc.a(lib_a-__call_atexit.o)
 .bss           0x000000000802a190        0x0 ../pongers_bsp/\libhal_bsp.a(alt_exit.o)
 *(COMMON)
 COMMON         0x000000000802a190      0x100 ../pongers_bsp/\libhal_bsp.a(alt_irq_handler.o)
                0x000000000802a190                alt_irq
                0x000000000802a290                . = ALIGN (0x4)
                0x000000000802a290                __bss_end = ABSOLUTE (.)

.new_sdram_controller_0
                0x0000000004000000        0x0 load address 0x000000000802a290
                [!provide]                        PROVIDE (_alt_partition_new_sdram_controller_0_start, ABSOLUTE (.))
 *(.new_sdram_controller_0 .new_sdram_controller_0. new_sdram_controller_0.*)
                0x0000000004000000                . = ALIGN (0x4)
                [!provide]                        PROVIDE (_alt_partition_new_sdram_controller_0_end, ABSOLUTE (.))
                [!provide]                        PROVIDE (_alt_partition_new_sdram_controller_0_load_addr, LOADADDR (.new_sdram_controller_0))

.onchip_memory2_0
                0x000000000802a290        0x0
                [!provide]                        PROVIDE (_alt_partition_onchip_memory2_0_start, ABSOLUTE (.))
 *(.onchip_memory2_0 .onchip_memory2_0. onchip_memory2_0.*)
                0x000000000802a290                . = ALIGN (0x4)
                [!provide]                        PROVIDE (_alt_partition_onchip_memory2_0_end, ABSOLUTE (.))
                0x000000000802a290                _end = ABSOLUTE (.)
                0x000000000802a290                end = ABSOLUTE (.)
                0x000000000802a290                __alt_stack_base = ABSOLUTE (.)
                [!provide]                        PROVIDE (_alt_partition_onchip_memory2_0_load_addr, LOADADDR (.onchip_memory2_0))

.stab
 *(.stab)

.stabstr
 *(.stabstr)

.stab.excl
 *(.stab.excl)

.stab.exclstr
 *(.stab.exclstr)

.stab.index
 *(.stab.index)

.stab.indexstr
 *(.stab.indexstr)

.comment        0x0000000000000000       0x46
 *(.comment)
 .comment       0x0000000000000000       0x23 obj/default/pongers.o
                                         0x24 (size before relaxing)
 .comment       0x0000000000000023       0x24 c:/intelfpga/17.0/nios2eds/bin/gnu/h-x86_64-mingw32/bin/../lib/gcc/nios2-elf/5.3.0/../../../../../H-x86_64-mingw32/nios2-elf/lib/mno-hw-mul\libc.a(lib_a-puts.o)
 .comment       0x0000000000000023       0x24 c:/intelfpga/17.0/nios2eds/bin/gnu/h-x86_64-mingw32/bin/../lib/gcc/nios2-elf/5.3.0/../../../../../H-x86_64-mingw32/nios2-elf/lib/mno-hw-mul\libc.a(lib_a-strlen.o)
 .comment       0x0000000000000023       0x24 c:/intelfpga/17.0/nios2eds/bin/gnu/h-x86_64-mingw32/bin/../lib/gcc/nios2-elf/5.3.0/../../../../../H-x86_64-mingw32/nios2-elf/lib/mno-hw-mul\libc.a(lib_a-findfp.o)
 .comment       0x0000000000000023       0x24 c:/intelfpga/17.0/nios2eds/bin/gnu/h-x86_64-mingw32/bin/../lib/gcc/nios2-elf/5.3.0/../../../../../H-x86_64-mingw32/nios2-elf/lib/mno-hw-mul\libc.a(lib_a-fvwrite.o)
 .comment       0x0000000000000023       0x24 c:/intelfpga/17.0/nios2eds/bin/gnu/h-x86_64-mingw32/bin/../lib/gcc/nios2-elf/5.3.0/../../../../../H-x86_64-mingw32/nios2-elf/lib/mno-hw-mul\libc.a(lib_a-fwalk.o)
 .comment       0x0000000000000023       0x24 c:/intelfpga/17.0/nios2eds/bin/gnu/h-x86_64-mingw32/bin/../lib/gcc/nios2-elf/5.3.0/../../../../../H-x86_64-mingw32/nios2-elf/lib/mno-hw-mul\libc.a(lib_a-impure.o)
 .comment       0x0000000000000023       0x24 c:/intelfpga/17.0/nios2eds/bin/gnu/h-x86_64-mingw32/bin/../lib/gcc/nios2-elf/5.3.0/../../../../../H-x86_64-mingw32/nios2-elf/lib/mno-hw-mul\libc.a(lib_a-mallocr.o)
 .comment       0x0000000000000023       0x24 c:/intelfpga/17.0/nios2eds/bin/gnu/h-x86_64-mingw32/bin/../lib/gcc/nios2-elf/5.3.0/../../../../../H-x86_64-mingw32/nios2-elf/lib/mno-hw-mul\libc.a(lib_a-memchr.o)
 .comment       0x0000000000000023       0x24 c:/intelfpga/17.0/nios2eds/bin/gnu/h-x86_64-mingw32/bin/../lib/gcc/nios2-elf/5.3.0/../../../../../H-x86_64-mingw32/nios2-elf/lib/mno-hw-mul\libc.a(lib_a-memcpy.o)
 .comment       0x0000000000000023       0x24 c:/intelfpga/17.0/nios2eds/bin/gnu/h-x86_64-mingw32/bin/../lib/gcc/nios2-elf/5.3.0/../../../../../H-x86_64-mingw32/nios2-elf/lib/mno-hw-mul\libc.a(lib_a-memmove.o)
 .comment       0x0000000000000023       0x24 c:/intelfpga/17.0/nios2eds/bin/gnu/h-x86_64-mingw32/bin/../lib/gcc/nios2-elf/5.3.0/../../../../../H-x86_64-mingw32/nios2-elf/lib/mno-hw-mul\libc.a(lib_a-memset.o)
 .comment       0x0000000000000023       0x24 c:/intelfpga/17.0/nios2eds/bin/gnu/h-x86_64-mingw32/bin/../lib/gcc/nios2-elf/5.3.0/../../../../../H-x86_64-mingw32/nios2-elf/lib/mno-hw-mul\libc.a(lib_a-reallocr.o)
 .comment       0x0000000000000023       0x24 c:/intelfpga/17.0/nios2eds/bin/gnu/h-x86_64-mingw32/bin/../lib/gcc/nios2-elf/5.3.0/../../../../../H-x86_64-mingw32/nios2-elf/lib/mno-hw-mul\libc.a(lib_a-sbrkr.o)
 .comment       0x0000000000000023       0x24 c:/intelfpga/17.0/nios2eds/bin/gnu/h-x86_64-mingw32/bin/../lib/gcc/nios2-elf/5.3.0/../../../../../H-x86_64-mingw32/nios2-elf/lib/mno-hw-mul\libc.a(lib_a-stdio.o)
 .comment       0x0000000000000023       0x24 c:/intelfpga/17.0/nios2eds/bin/gnu/h-x86_64-mingw32/bin/../lib/gcc/nios2-elf/5.3.0/../../../../../H-x86_64-mingw32/nios2-elf/lib/mno-hw-mul\libc.a(lib_a-writer.o)
 .comment       0x0000000000000023       0x24 c:/intelfpga/17.0/nios2eds/bin/gnu/h-x86_64-mingw32/bin/../lib/gcc/nios2-elf/5.3.0/../../../../../H-x86_64-mingw32/nios2-elf/lib/mno-hw-mul\libc.a(lib_a-wsetup.o)
 .comment       0x0000000000000023       0x24 c:/intelfpga/17.0/nios2eds/bin/gnu/h-x86_64-mingw32/bin/../lib/gcc/nios2-elf/5.3.0/../../../../../H-x86_64-mingw32/nios2-elf/lib/mno-hw-mul\libc.a(closer.o)
 .comment       0x0000000000000023       0x24 c:/intelfpga/17.0/nios2eds/bin/gnu/h-x86_64-mingw32/bin/../lib/gcc/nios2-elf/5.3.0/../../../../../H-x86_64-mingw32/nios2-elf/lib/mno-hw-mul\libc.a(lib_a-fclose.o)
 .comment       0x0000000000000023       0x24 c:/intelfpga/17.0/nios2eds/bin/gnu/h-x86_64-mingw32/bin/../lib/gcc/nios2-elf/5.3.0/../../../../../H-x86_64-mingw32/nios2-elf/lib/mno-hw-mul\libc.a(lib_a-fflush.o)
 .comment       0x0000000000000023       0x24 c:/intelfpga/17.0/nios2eds/bin/gnu/h-x86_64-mingw32/bin/../lib/gcc/nios2-elf/5.3.0/../../../../../H-x86_64-mingw32/nios2-elf/lib/mno-hw-mul\libc.a(lib_a-freer.o)
 .comment       0x0000000000000023       0x24 c:/intelfpga/17.0/nios2eds/bin/gnu/h-x86_64-mingw32/bin/../lib/gcc/nios2-elf/5.3.0/../../../../../H-x86_64-mingw32/nios2-elf/lib/mno-hw-mul\libc.a(lib_a-int_errno.o)
 .comment       0x0000000000000023       0x24 c:/intelfpga/17.0/nios2eds/bin/gnu/h-x86_64-mingw32/bin/../lib/gcc/nios2-elf/5.3.0/../../../../../H-x86_64-mingw32/nios2-elf/lib/mno-hw-mul\libc.a(lib_a-lseekr.o)
 .comment       0x0000000000000023       0x24 c:/intelfpga/17.0/nios2eds/bin/gnu/h-x86_64-mingw32/bin/../lib/gcc/nios2-elf/5.3.0/../../../../../H-x86_64-mingw32/nios2-elf/lib/mno-hw-mul\libc.a(lib_a-makebuf.o)
 .comment       0x0000000000000023       0x24 c:/intelfpga/17.0/nios2eds/bin/gnu/h-x86_64-mingw32/bin/../lib/gcc/nios2-elf/5.3.0/../../../../../H-x86_64-mingw32/nios2-elf/lib/mno-hw-mul\libc.a(lib_a-readr.o)
 .comment       0x0000000000000023       0x24 c:/intelfpga/17.0/nios2eds/bin/gnu/h-x86_64-mingw32/bin/../lib/gcc/nios2-elf/5.3.0/../../../../../H-x86_64-mingw32/nios2-elf/lib/mno-hw-mul\libc.a(lib_a-fstatr.o)
 .comment       0x0000000000000023       0x24 c:/intelfpga/17.0/nios2eds/bin/gnu/h-x86_64-mingw32/bin/../lib/gcc/nios2-elf/5.3.0/../../../../../H-x86_64-mingw32/nios2-elf/lib/mno-hw-mul\libc.a(lib_a-isattyr.o)
 .comment       0x0000000000000023       0x24 c:/intelfpga/17.0/nios2eds/bin/gnu/h-x86_64-mingw32/bin/../lib/gcc/nios2-elf/5.3.0/mno-hw-mul\libgcc.a(lib2-divmod.o)
 .comment       0x0000000000000023       0x24 c:/intelfpga/17.0/nios2eds/bin/gnu/h-x86_64-mingw32/bin/../lib/gcc/nios2-elf/5.3.0/mno-hw-mul\libgcc.a(lib2-mul.o)
 .comment       0x0000000000000023       0x24 ../pongers_bsp/\libhal_bsp.a(alt_close.o)
 .comment       0x0000000000000023       0x24 ../pongers_bsp/\libhal_bsp.a(alt_dev.o)
 .comment       0x0000000000000023       0x23 ../pongers_bsp/\libhal_bsp.a(alt_errno.o)
                                         0x24 (size before relaxing)
 .comment       0x0000000000000046       0x24 ../pongers_bsp/\libhal_bsp.a(alt_fstat.o)
 .comment       0x0000000000000046       0x24 ../pongers_bsp/\libhal_bsp.a(alt_isatty.o)
 .comment       0x0000000000000046       0x24 ../pongers_bsp/\libhal_bsp.a(alt_load.o)
 .comment       0x0000000000000046       0x24 ../pongers_bsp/\libhal_bsp.a(alt_lseek.o)
 .comment       0x0000000000000046       0x24 ../pongers_bsp/\libhal_bsp.a(alt_main.o)
 .comment       0x0000000000000046       0x24 ../pongers_bsp/\libhal_bsp.a(alt_malloc_lock.o)
 .comment       0x0000000000000046       0x24 ../pongers_bsp/\libhal_bsp.a(alt_read.o)
 .comment       0x0000000000000046       0x24 ../pongers_bsp/\libhal_bsp.a(alt_release_fd.o)
 .comment       0x0000000000000046       0x24 ../pongers_bsp/\libhal_bsp.a(alt_sbrk.o)
 .comment       0x0000000000000046       0x24 ../pongers_bsp/\libhal_bsp.a(alt_usleep.o)
 .comment       0x0000000000000046       0x24 ../pongers_bsp/\libhal_bsp.a(alt_write.o)
 .comment       0x0000000000000046       0x24 ../pongers_bsp/\libhal_bsp.a(alt_sys_init.o)
 .comment       0x0000000000000046       0x24 ../pongers_bsp/\libhal_bsp.a(altera_avalon_jtag_uart_fd.o)
 .comment       0x0000000000000046       0x24 ../pongers_bsp/\libhal_bsp.a(altera_avalon_jtag_uart_init.o)
 .comment       0x0000000000000046       0x24 ../pongers_bsp/\libhal_bsp.a(altera_avalon_jtag_uart_ioctl.o)
 .comment       0x0000000000000046       0x24 ../pongers_bsp/\libhal_bsp.a(altera_avalon_jtag_uart_read.o)
 .comment       0x0000000000000046       0x24 ../pongers_bsp/\libhal_bsp.a(altera_avalon_jtag_uart_write.o)
 .comment       0x0000000000000046       0x24 ../pongers_bsp/\libhal_bsp.a(altera_up_avalon_video_pixel_buffer_dma.o)
 .comment       0x0000000000000046       0x24 ../pongers_bsp/\libhal_bsp.a(alt_alarm_start.o)
 .comment       0x0000000000000046       0x24 ../pongers_bsp/\libhal_bsp.a(alt_busy_sleep.o)
 .comment       0x0000000000000046       0x24 ../pongers_bsp/\libhal_bsp.a(alt_dcache_flush_all.o)
 .comment       0x0000000000000046       0x24 ../pongers_bsp/\libhal_bsp.a(alt_dev_llist_insert.o)
 .comment       0x0000000000000046       0x24 ../pongers_bsp/\libhal_bsp.a(alt_do_ctors.o)
 .comment       0x0000000000000046       0x24 ../pongers_bsp/\libhal_bsp.a(alt_do_dtors.o)
 .comment       0x0000000000000046       0x24 ../pongers_bsp/\libhal_bsp.a(alt_find_dev.o)
 .comment       0x0000000000000046       0x24 ../pongers_bsp/\libhal_bsp.a(alt_icache_flush_all.o)
 .comment       0x0000000000000046       0x24 ../pongers_bsp/\libhal_bsp.a(alt_iic.o)
 .comment       0x0000000000000046       0x24 ../pongers_bsp/\libhal_bsp.a(alt_iic_isr_register.o)
 .comment       0x0000000000000046       0x24 ../pongers_bsp/\libhal_bsp.a(alt_io_redirect.o)
 .comment       0x0000000000000046       0x24 ../pongers_bsp/\libhal_bsp.a(alt_irq_handler.o)
 .comment       0x0000000000000046       0x24 ../pongers_bsp/\libhal_bsp.a(alt_irq_vars.o)
 .comment       0x0000000000000046       0x24 ../pongers_bsp/\libhal_bsp.a(alt_open.o)
 .comment       0x0000000000000046       0x24 ../pongers_bsp/\libhal_bsp.a(alt_tick.o)
 .comment       0x0000000000000046       0x24 ../pongers_bsp/\libhal_bsp.a(altera_nios2_gen2_irq.o)
 .comment       0x0000000000000046       0x24 ../pongers_bsp/\libhal_bsp.a(alt_find_file.o)
 .comment       0x0000000000000046       0x24 ../pongers_bsp/\libhal_bsp.a(alt_get_fd.o)
 .comment       0x0000000000000046       0x24 ../pongers_bsp/\libhal_bsp.a(alt_instruction_exception_entry.o)
 .comment       0x0000000000000046       0x24 c:/intelfpga/17.0/nios2eds/bin/gnu/h-x86_64-mingw32/bin/../lib/gcc/nios2-elf/5.3.0/../../../../../H-x86_64-mingw32/nios2-elf/lib/mno-hw-mul\libc.a(lib_a-atexit.o)
 .comment       0x0000000000000046       0x24 c:/intelfpga/17.0/nios2eds/bin/gnu/h-x86_64-mingw32/bin/../lib/gcc/nios2-elf/5.3.0/../../../../../H-x86_64-mingw32/nios2-elf/lib/mno-hw-mul\libc.a(lib_a-exit.o)
 .comment       0x0000000000000046       0x24 c:/intelfpga/17.0/nios2eds/bin/gnu/h-x86_64-mingw32/bin/../lib/gcc/nios2-elf/5.3.0/../../../../../H-x86_64-mingw32/nios2-elf/lib/mno-hw-mul\libc.a(lib_a-memcmp.o)
 .comment       0x0000000000000046       0x24 c:/intelfpga/17.0/nios2eds/bin/gnu/h-x86_64-mingw32/bin/../lib/gcc/nios2-elf/5.3.0/../../../../../H-x86_64-mingw32/nios2-elf/lib/mno-hw-mul\libc.a(lib_a-__atexit.o)
 .comment       0x0000000000000046       0x24 c:/intelfpga/17.0/nios2eds/bin/gnu/h-x86_64-mingw32/bin/../lib/gcc/nios2-elf/5.3.0/../../../../../H-x86_64-mingw32/nios2-elf/lib/mno-hw-mul\libc.a(lib_a-__call_atexit.o)
 .comment       0x0000000000000046       0x24 ../pongers_bsp/\libhal_bsp.a(alt_exit.o)

.debug
 *(.debug)

.line
 *(.line)

.debug_srcinfo
 *(.debug_srcinfo)

.debug_sfnames
 *(.debug_sfnames)

.debug_aranges  0x0000000000000000      0xa70
 *(.debug_aranges)
 .debug_aranges
                0x0000000000000000       0x28 ../pongers_bsp//obj/HAL/src/crt0.o
 .debug_aranges
                0x0000000000000028       0x20 obj/default/pongers.o
 .debug_aranges
                0x0000000000000048       0x28 c:/intelfpga/17.0/nios2eds/bin/gnu/h-x86_64-mingw32/bin/../lib/gcc/nios2-elf/5.3.0/../../../../../H-x86_64-mingw32/nios2-elf/lib/mno-hw-mul\libc.a(lib_a-puts.o)
 .debug_aranges
                0x0000000000000070       0x20 c:/intelfpga/17.0/nios2eds/bin/gnu/h-x86_64-mingw32/bin/../lib/gcc/nios2-elf/5.3.0/../../../../../H-x86_64-mingw32/nios2-elf/lib/mno-hw-mul\libc.a(lib_a-strlen.o)
 .debug_aranges
                0x0000000000000090       0x68 c:/intelfpga/17.0/nios2eds/bin/gnu/h-x86_64-mingw32/bin/../lib/gcc/nios2-elf/5.3.0/../../../../../H-x86_64-mingw32/nios2-elf/lib/mno-hw-mul\libc.a(lib_a-findfp.o)
 .debug_aranges
                0x00000000000000f8       0x20 c:/intelfpga/17.0/nios2eds/bin/gnu/h-x86_64-mingw32/bin/../lib/gcc/nios2-elf/5.3.0/../../../../../H-x86_64-mingw32/nios2-elf/lib/mno-hw-mul\libc.a(lib_a-fvwrite.o)
 .debug_aranges
                0x0000000000000118       0x28 c:/intelfpga/17.0/nios2eds/bin/gnu/h-x86_64-mingw32/bin/../lib/gcc/nios2-elf/5.3.0/../../../../../H-x86_64-mingw32/nios2-elf/lib/mno-hw-mul\libc.a(lib_a-fwalk.o)
 .debug_aranges
                0x0000000000000140       0x18 c:/intelfpga/17.0/nios2eds/bin/gnu/h-x86_64-mingw32/bin/../lib/gcc/nios2-elf/5.3.0/../../../../../H-x86_64-mingw32/nios2-elf/lib/mno-hw-mul\libc.a(lib_a-impure.o)
 .debug_aranges
                0x0000000000000158       0x20 c:/intelfpga/17.0/nios2eds/bin/gnu/h-x86_64-mingw32/bin/../lib/gcc/nios2-elf/5.3.0/../../../../../H-x86_64-mingw32/nios2-elf/lib/mno-hw-mul\libc.a(lib_a-mallocr.o)
 .debug_aranges
                0x0000000000000178       0x20 c:/intelfpga/17.0/nios2eds/bin/gnu/h-x86_64-mingw32/bin/../lib/gcc/nios2-elf/5.3.0/../../../../../H-x86_64-mingw32/nios2-elf/lib/mno-hw-mul\libc.a(lib_a-memchr.o)
 .debug_aranges
                0x0000000000000198       0x20 c:/intelfpga/17.0/nios2eds/bin/gnu/h-x86_64-mingw32/bin/../lib/gcc/nios2-elf/5.3.0/../../../../../H-x86_64-mingw32/nios2-elf/lib/mno-hw-mul\libc.a(lib_a-memcpy.o)
 .debug_aranges
                0x00000000000001b8       0x20 c:/intelfpga/17.0/nios2eds/bin/gnu/h-x86_64-mingw32/bin/../lib/gcc/nios2-elf/5.3.0/../../../../../H-x86_64-mingw32/nios2-elf/lib/mno-hw-mul\libc.a(lib_a-memmove.o)
 .debug_aranges
                0x00000000000001d8       0x20 c:/intelfpga/17.0/nios2eds/bin/gnu/h-x86_64-mingw32/bin/../lib/gcc/nios2-elf/5.3.0/../../../../../H-x86_64-mingw32/nios2-elf/lib/mno-hw-mul\libc.a(lib_a-memset.o)
 .debug_aranges
                0x00000000000001f8       0x20 c:/intelfpga/17.0/nios2eds/bin/gnu/h-x86_64-mingw32/bin/../lib/gcc/nios2-elf/5.3.0/../../../../../H-x86_64-mingw32/nios2-elf/lib/mno-hw-mul\libc.a(lib_a-reallocr.o)
 .debug_aranges
                0x0000000000000218       0x20 c:/intelfpga/17.0/nios2eds/bin/gnu/h-x86_64-mingw32/bin/../lib/gcc/nios2-elf/5.3.0/../../../../../H-x86_64-mingw32/nios2-elf/lib/mno-hw-mul\libc.a(lib_a-sbrkr.o)
 .debug_aranges
                0x0000000000000238       0x40 c:/intelfpga/17.0/nios2eds/bin/gnu/h-x86_64-mingw32/bin/../lib/gcc/nios2-elf/5.3.0/../../../../../H-x86_64-mingw32/nios2-elf/lib/mno-hw-mul\libc.a(lib_a-stdio.o)
 .debug_aranges
                0x0000000000000278       0x20 c:/intelfpga/17.0/nios2eds/bin/gnu/h-x86_64-mingw32/bin/../lib/gcc/nios2-elf/5.3.0/../../../../../H-x86_64-mingw32/nios2-elf/lib/mno-hw-mul\libc.a(lib_a-writer.o)
 .debug_aranges
                0x0000000000000298       0x20 c:/intelfpga/17.0/nios2eds/bin/gnu/h-x86_64-mingw32/bin/../lib/gcc/nios2-elf/5.3.0/../../../../../H-x86_64-mingw32/nios2-elf/lib/mno-hw-mul\libc.a(lib_a-wsetup.o)
 .debug_aranges
                0x00000000000002b8       0x20 c:/intelfpga/17.0/nios2eds/bin/gnu/h-x86_64-mingw32/bin/../lib/gcc/nios2-elf/5.3.0/../../../../../H-x86_64-mingw32/nios2-elf/lib/mno-hw-mul\libc.a(closer.o)
 .debug_aranges
                0x00000000000002d8       0x28 c:/intelfpga/17.0/nios2eds/bin/gnu/h-x86_64-mingw32/bin/../lib/gcc/nios2-elf/5.3.0/../../../../../H-x86_64-mingw32/nios2-elf/lib/mno-hw-mul\libc.a(lib_a-fclose.o)
 .debug_aranges
                0x0000000000000300       0x30 c:/intelfpga/17.0/nios2eds/bin/gnu/h-x86_64-mingw32/bin/../lib/gcc/nios2-elf/5.3.0/../../../../../H-x86_64-mingw32/nios2-elf/lib/mno-hw-mul\libc.a(lib_a-fflush.o)
 .debug_aranges
                0x0000000000000330       0x28 c:/intelfpga/17.0/nios2eds/bin/gnu/h-x86_64-mingw32/bin/../lib/gcc/nios2-elf/5.3.0/../../../../../H-x86_64-mingw32/nios2-elf/lib/mno-hw-mul\libc.a(lib_a-freer.o)
 .debug_aranges
                0x0000000000000358       0x18 c:/intelfpga/17.0/nios2eds/bin/gnu/h-x86_64-mingw32/bin/../lib/gcc/nios2-elf/5.3.0/../../../../../H-x86_64-mingw32/nios2-elf/lib/mno-hw-mul\libc.a(lib_a-int_errno.o)
 .debug_aranges
                0x0000000000000370       0x20 c:/intelfpga/17.0/nios2eds/bin/gnu/h-x86_64-mingw32/bin/../lib/gcc/nios2-elf/5.3.0/../../../../../H-x86_64-mingw32/nios2-elf/lib/mno-hw-mul\libc.a(lib_a-lseekr.o)
 .debug_aranges
                0x0000000000000390       0x20 c:/intelfpga/17.0/nios2eds/bin/gnu/h-x86_64-mingw32/bin/../lib/gcc/nios2-elf/5.3.0/../../../../../H-x86_64-mingw32/nios2-elf/lib/mno-hw-mul\libc.a(lib_a-makebuf.o)
 .debug_aranges
                0x00000000000003b0       0x20 c:/intelfpga/17.0/nios2eds/bin/gnu/h-x86_64-mingw32/bin/../lib/gcc/nios2-elf/5.3.0/../../../../../H-x86_64-mingw32/nios2-elf/lib/mno-hw-mul\libc.a(lib_a-readr.o)
 .debug_aranges
                0x00000000000003d0       0x20 c:/intelfpga/17.0/nios2eds/bin/gnu/h-x86_64-mingw32/bin/../lib/gcc/nios2-elf/5.3.0/../../../../../H-x86_64-mingw32/nios2-elf/lib/mno-hw-mul\libc.a(lib_a-fstatr.o)
 .debug_aranges
                0x00000000000003f0       0x20 c:/intelfpga/17.0/nios2eds/bin/gnu/h-x86_64-mingw32/bin/../lib/gcc/nios2-elf/5.3.0/../../../../../H-x86_64-mingw32/nios2-elf/lib/mno-hw-mul\libc.a(lib_a-isattyr.o)
 .debug_aranges
                0x0000000000000410       0x20 c:/intelfpga/17.0/nios2eds/bin/gnu/h-x86_64-mingw32/bin/../lib/gcc/nios2-elf/5.3.0/mno-hw-mul\libgcc.a(lib2-divmod.o)
 .debug_aranges
                0x0000000000000430       0x20 c:/intelfpga/17.0/nios2eds/bin/gnu/h-x86_64-mingw32/bin/../lib/gcc/nios2-elf/5.3.0/mno-hw-mul\libgcc.a(lib2-mul.o)
 .debug_aranges
                0x0000000000000450       0x20 ../pongers_bsp/\libhal_bsp.a(alt_close.o)
 .debug_aranges
                0x0000000000000470       0x20 ../pongers_bsp/\libhal_bsp.a(alt_dev.o)
 .debug_aranges
                0x0000000000000490       0x18 ../pongers_bsp/\libhal_bsp.a(alt_errno.o)
 .debug_aranges
                0x00000000000004a8       0x20 ../pongers_bsp/\libhal_bsp.a(alt_fstat.o)
 .debug_aranges
                0x00000000000004c8       0x20 ../pongers_bsp/\libhal_bsp.a(alt_isatty.o)
 .debug_aranges
                0x00000000000004e8       0x20 ../pongers_bsp/\libhal_bsp.a(alt_load.o)
 .debug_aranges
                0x0000000000000508       0x20 ../pongers_bsp/\libhal_bsp.a(alt_lseek.o)
 .debug_aranges
                0x0000000000000528       0x20 ../pongers_bsp/\libhal_bsp.a(alt_main.o)
 .debug_aranges
                0x0000000000000548       0x20 ../pongers_bsp/\libhal_bsp.a(alt_malloc_lock.o)
 .debug_aranges
                0x0000000000000568       0x20 ../pongers_bsp/\libhal_bsp.a(alt_read.o)
 .debug_aranges
                0x0000000000000588       0x20 ../pongers_bsp/\libhal_bsp.a(alt_release_fd.o)
 .debug_aranges
                0x00000000000005a8       0x20 ../pongers_bsp/\libhal_bsp.a(alt_sbrk.o)
 .debug_aranges
                0x00000000000005c8       0x20 ../pongers_bsp/\libhal_bsp.a(alt_usleep.o)
 .debug_aranges
                0x00000000000005e8       0x20 ../pongers_bsp/\libhal_bsp.a(alt_write.o)
 .debug_aranges
                0x0000000000000608       0x20 ../pongers_bsp/\libhal_bsp.a(alt_sys_init.o)
 .debug_aranges
                0x0000000000000628       0x20 ../pongers_bsp/\libhal_bsp.a(altera_avalon_jtag_uart_fd.o)
 .debug_aranges
                0x0000000000000648       0x20 ../pongers_bsp/\libhal_bsp.a(altera_avalon_jtag_uart_init.o)
 .debug_aranges
                0x0000000000000668       0x20 ../pongers_bsp/\libhal_bsp.a(altera_avalon_jtag_uart_ioctl.o)
 .debug_aranges
                0x0000000000000688       0x20 ../pongers_bsp/\libhal_bsp.a(altera_avalon_jtag_uart_read.o)
 .debug_aranges
                0x00000000000006a8       0x20 ../pongers_bsp/\libhal_bsp.a(altera_avalon_jtag_uart_write.o)
 .debug_aranges
                0x00000000000006c8       0x20 ../pongers_bsp/\libhal_bsp.a(altera_up_avalon_video_pixel_buffer_dma.o)
 .debug_aranges
                0x00000000000006e8       0x20 ../pongers_bsp/\libhal_bsp.a(alt_alarm_start.o)
 .debug_aranges
                0x0000000000000708       0x20 ../pongers_bsp/\libhal_bsp.a(alt_busy_sleep.o)
 .debug_aranges
                0x0000000000000728       0x20 ../pongers_bsp/\libhal_bsp.a(alt_dcache_flush_all.o)
 .debug_aranges
                0x0000000000000748       0x20 ../pongers_bsp/\libhal_bsp.a(alt_dev_llist_insert.o)
 .debug_aranges
                0x0000000000000768       0x20 ../pongers_bsp/\libhal_bsp.a(alt_do_ctors.o)
 .debug_aranges
                0x0000000000000788       0x20 ../pongers_bsp/\libhal_bsp.a(alt_do_dtors.o)
 .debug_aranges
                0x00000000000007a8       0x20 ../pongers_bsp/\libhal_bsp.a(alt_find_dev.o)
 .debug_aranges
                0x00000000000007c8       0x20 ../pongers_bsp/\libhal_bsp.a(alt_icache_flush_all.o)
 .debug_aranges
                0x00000000000007e8       0x20 ../pongers_bsp/\libhal_bsp.a(alt_iic.o)
 .debug_aranges
                0x0000000000000808       0x20 ../pongers_bsp/\libhal_bsp.a(alt_iic_isr_register.o)
 .debug_aranges
                0x0000000000000828       0x20 ../pongers_bsp/\libhal_bsp.a(alt_io_redirect.o)
 .debug_aranges
                0x0000000000000848       0x30 ../pongers_bsp/\libhal_bsp.a(alt_irq_entry.o)
 .debug_aranges
                0x0000000000000878       0x20 ../pongers_bsp/\libhal_bsp.a(alt_irq_handler.o)
 .debug_aranges
                0x0000000000000898       0x18 ../pongers_bsp/\libhal_bsp.a(alt_irq_vars.o)
 .debug_aranges
                0x00000000000008b0       0x20 ../pongers_bsp/\libhal_bsp.a(alt_open.o)
 .debug_aranges
                0x00000000000008d0       0x20 ../pongers_bsp/\libhal_bsp.a(alt_tick.o)
 .debug_aranges
                0x00000000000008f0       0x20 ../pongers_bsp/\libhal_bsp.a(altera_nios2_gen2_irq.o)
 .debug_aranges
                0x0000000000000910       0x38 ../pongers_bsp/\libhal_bsp.a(alt_exception_entry.o)
 .debug_aranges
                0x0000000000000948       0x20 ../pongers_bsp/\libhal_bsp.a(alt_find_file.o)
 .debug_aranges
                0x0000000000000968       0x20 ../pongers_bsp/\libhal_bsp.a(alt_get_fd.o)
 .debug_aranges
                0x0000000000000988       0x28 ../pongers_bsp/\libhal_bsp.a(alt_instruction_exception_entry.o)
 .debug_aranges
                0x00000000000009b0       0x20 c:/intelfpga/17.0/nios2eds/bin/gnu/h-x86_64-mingw32/bin/../lib/gcc/nios2-elf/5.3.0/../../../../../H-x86_64-mingw32/nios2-elf/lib/mno-hw-mul\libc.a(lib_a-atexit.o)
 .debug_aranges
                0x00000000000009d0       0x20 c:/intelfpga/17.0/nios2eds/bin/gnu/h-x86_64-mingw32/bin/../lib/gcc/nios2-elf/5.3.0/../../../../../H-x86_64-mingw32/nios2-elf/lib/mno-hw-mul\libc.a(lib_a-exit.o)
 .debug_aranges
                0x00000000000009f0       0x20 c:/intelfpga/17.0/nios2eds/bin/gnu/h-x86_64-mingw32/bin/../lib/gcc/nios2-elf/5.3.0/../../../../../H-x86_64-mingw32/nios2-elf/lib/mno-hw-mul\libc.a(lib_a-memcmp.o)
 .debug_aranges
                0x0000000000000a10       0x20 c:/intelfpga/17.0/nios2eds/bin/gnu/h-x86_64-mingw32/bin/../lib/gcc/nios2-elf/5.3.0/../../../../../H-x86_64-mingw32/nios2-elf/lib/mno-hw-mul\libc.a(lib_a-__atexit.o)
 .debug_aranges
                0x0000000000000a30       0x20 c:/intelfpga/17.0/nios2eds/bin/gnu/h-x86_64-mingw32/bin/../lib/gcc/nios2-elf/5.3.0/../../../../../H-x86_64-mingw32/nios2-elf/lib/mno-hw-mul\libc.a(lib_a-__call_atexit.o)
 .debug_aranges
                0x0000000000000a50       0x20 ../pongers_bsp/\libhal_bsp.a(alt_exit.o)

.debug_pubnames
 *(.debug_pubnames)

.debug_info     0x0000000000000000    0x17253
 *(.debug_info .gnu.linkonce.wi.*)
 .debug_info    0x0000000000000000       0x70 ../pongers_bsp//obj/HAL/src/crt0.o
 .debug_info    0x0000000000000070      0x36f obj/default/pongers.o
 .debug_info    0x00000000000003df      0xa38 c:/intelfpga/17.0/nios2eds/bin/gnu/h-x86_64-mingw32/bin/../lib/gcc/nios2-elf/5.3.0/../../../../../H-x86_64-mingw32/nios2-elf/lib/mno-hw-mul\libc.a(lib_a-puts.o)
 .debug_info    0x0000000000000e17       0xe2 c:/intelfpga/17.0/nios2eds/bin/gnu/h-x86_64-mingw32/bin/../lib/gcc/nios2-elf/5.3.0/../../../../../H-x86_64-mingw32/nios2-elf/lib/mno-hw-mul\libc.a(lib_a-strlen.o)
 .debug_info    0x0000000000000ef9      0xd36 c:/intelfpga/17.0/nios2eds/bin/gnu/h-x86_64-mingw32/bin/../lib/gcc/nios2-elf/5.3.0/../../../../../H-x86_64-mingw32/nios2-elf/lib/mno-hw-mul\libc.a(lib_a-findfp.o)