Archive member included to satisfy reference by file (symbol)

c:/intelfpga/17.0/nios2eds/bin/gnu/h-x86_64-mingw32/bin/../lib/gcc/nios2-elf/5.3.0/mno-hw-mul\libgcc.a(lib2-mul.o)
                              obj/default/pongers.o (__mulsi3)
c:/intelfpga/17.0/nios2eds/bin/gnu/h-x86_64-mingw32/bin/../lib/gcc/nios2-elf/5.3.0/mno-hw-mul\libgcc.a(tramp.o)
                              obj/default/pongers.o (__trampoline_setup)
c:/intelfpga/17.0/nios2eds/bin/gnu/h-x86_64-mingw32/bin/../lib/gcc/nios2-elf/5.3.0/../../../../../H-x86_64-mingw32/nios2-elf/lib/mno-hw-mul\libc.a(lib_a-memcpy.o)
                              obj/default/pongers.o (memcpy)
c:/intelfpga/17.0/nios2eds/bin/gnu/h-x86_64-mingw32/bin/../lib/gcc/nios2-elf/5.3.0/../../../../../H-x86_64-mingw32/nios2-elf/lib/mno-hw-mul\libc.a(lib_a-printf.o)
                              obj/default/pongers.o (printf)
c:/intelfpga/17.0/nios2eds/bin/gnu/h-x86_64-mingw32/bin/../lib/gcc/nios2-elf/5.3.0/../../../../../H-x86_64-mingw32/nios2-elf/lib/mno-hw-mul\libc.a(lib_a-puts.o)
                              obj/default/pongers.o (puts)
c:/intelfpga/17.0/nios2eds/bin/gnu/h-x86_64-mingw32/bin/../lib/gcc/nios2-elf/5.3.0/../../../../../H-x86_64-mingw32/nios2-elf/lib/mno-hw-mul\libc.a(lib_a-sprintf.o)
                              obj/default/pongers.o (sprintf)
c:/intelfpga/17.0/nios2eds/bin/gnu/h-x86_64-mingw32/bin/../lib/gcc/nios2-elf/5.3.0/../../../../../H-x86_64-mingw32/nios2-elf/lib/mno-hw-mul\libc.a(lib_a-strlen.o)
                              c:/intelfpga/17.0/nios2eds/bin/gnu/h-x86_64-mingw32/bin/../lib/gcc/nios2-elf/5.3.0/../../../../../H-x86_64-mingw32/nios2-elf/lib/mno-hw-mul\libc.a(lib_a-puts.o) (strlen)
c:/intelfpga/17.0/nios2eds/bin/gnu/h-x86_64-mingw32/bin/../lib/gcc/nios2-elf/5.3.0/../../../../../H-x86_64-mingw32/nios2-elf/lib/mno-hw-mul\libc.a(lib_a-svfprintf.o)
                              c:/intelfpga/17.0/nios2eds/bin/gnu/h-x86_64-mingw32/bin/../lib/gcc/nios2-elf/5.3.0/../../../../../H-x86_64-mingw32/nios2-elf/lib/mno-hw-mul\libc.a(lib_a-sprintf.o) (___svfprintf_internal_r)
c:/intelfpga/17.0/nios2eds/bin/gnu/h-x86_64-mingw32/bin/../lib/gcc/nios2-elf/5.3.0/../../../../../H-x86_64-mingw32/nios2-elf/lib/mno-hw-mul\libc.a(lib_a-vfprintf.o)
                              c:/intelfpga/17.0/nios2eds/bin/gnu/h-x86_64-mingw32/bin/../lib/gcc/nios2-elf/5.3.0/../../../../../H-x86_64-mingw32/nios2-elf/lib/mno-hw-mul\libc.a(lib_a-printf.o) (___vfprintf_internal_r)
c:/intelfpga/17.0/nios2eds/bin/gnu/h-x86_64-mingw32/bin/../lib/gcc/nios2-elf/5.3.0/../../../../../H-x86_64-mingw32/nios2-elf/lib/mno-hw-mul\libc.a(lib_a-wsetup.o)
                              c:/intelfpga/17.0/nios2eds/bin/gnu/h-x86_64-mingw32/bin/../lib/gcc/nios2-elf/5.3.0/../../../../../H-x86_64-mingw32/nios2-elf/lib/mno-hw-mul\libc.a(lib_a-vfprintf.o) (__swsetup_r)
c:/intelfpga/17.0/nios2eds/bin/gnu/h-x86_64-mingw32/bin/../lib/gcc/nios2-elf/5.3.0/../../../../../H-x86_64-mingw32/nios2-elf/lib/mno-hw-mul\libc.a(lib_a-dtoa.o)
                              c:/intelfpga/17.0/nios2eds/bin/gnu/h-x86_64-mingw32/bin/../lib/gcc/nios2-elf/5.3.0/../../../../../H-x86_64-mingw32/nios2-elf/lib/mno-hw-mul\libc.a(lib_a-svfprintf.o) (_dtoa_r)
c:/intelfpga/17.0/nios2eds/bin/gnu/h-x86_64-mingw32/bin/../lib/gcc/nios2-elf/5.3.0/../../../../../H-x86_64-mingw32/nios2-elf/lib/mno-hw-mul\libc.a(lib_a-fflush.o)
                              c:/intelfpga/17.0/nios2eds/bin/gnu/h-x86_64-mingw32/bin/../lib/gcc/nios2-elf/5.3.0/../../../../../H-x86_64-mingw32/nios2-elf/lib/mno-hw-mul\libc.a(lib_a-vfprintf.o) (_fflush_r)
c:/intelfpga/17.0/nios2eds/bin/gnu/h-x86_64-mingw32/bin/../lib/gcc/nios2-elf/5.3.0/../../../../../H-x86_64-mingw32/nios2-elf/lib/mno-hw-mul\libc.a(lib_a-findfp.o)
                              c:/intelfpga/17.0/nios2eds/bin/gnu/h-x86_64-mingw32/bin/../lib/gcc/nios2-elf/5.3.0/../../../../../H-x86_64-mingw32/nios2-elf/lib/mno-hw-mul\libc.a(lib_a-puts.o) (__sinit)
c:/intelfpga/17.0/nios2eds/bin/gnu/h-x86_64-mingw32/bin/../lib/gcc/nios2-elf/5.3.0/../../../../../H-x86_64-mingw32/nios2-elf/lib/mno-hw-mul\libc.a(lib_a-freer.o)
                              c:/intelfpga/17.0/nios2eds/bin/gnu/h-x86_64-mingw32/bin/../lib/gcc/nios2-elf/5.3.0/../../../../../H-x86_64-mingw32/nios2-elf/lib/mno-hw-mul\libc.a(lib_a-wsetup.o) (_free_r)
c:/intelfpga/17.0/nios2eds/bin/gnu/h-x86_64-mingw32/bin/../lib/gcc/nios2-elf/5.3.0/../../../../../H-x86_64-mingw32/nios2-elf/lib/mno-hw-mul\libc.a(lib_a-fvwrite.o)
                              c:/intelfpga/17.0/nios2eds/bin/gnu/h-x86_64-mingw32/bin/../lib/gcc/nios2-elf/5.3.0/../../../../../H-x86_64-mingw32/nios2-elf/lib/mno-hw-mul\libc.a(lib_a-puts.o) (__sfvwrite_r)
c:/intelfpga/17.0/nios2eds/bin/gnu/h-x86_64-mingw32/bin/../lib/gcc/nios2-elf/5.3.0/../../../../../H-x86_64-mingw32/nios2-elf/lib/mno-hw-mul\libc.a(lib_a-fwalk.o)
[...]
Memory Configuration

Name             Origin             Length             Attributes
new_sdram_controller_0 0x0000000004000000 0x0000000004000000
reset            0x0000000008040000 0x0000000000000020
onchip_memory2_0 0x0000000008040020 0x0000000000028080
*default*        0x0000000000000000 0xffffffffffffffff

Linker script and memory map

LOAD ../pongers_bsp//obj/HAL/src/crt0.o
LOAD obj/default/pongers.o
LOAD c:/intelfpga/17.0/nios2eds/bin/gnu/h-x86_64-mingw32/bin/../lib/gcc/nios2-elf/5.3.0/../../../../../H-x86_64-mingw32/nios2-elf/lib/mno-hw-mul\libstdc++.a
LOAD c:/intelfpga/17.0/nios2eds/bin/gnu/h-x86_64-mingw32/bin/../lib/gcc/nios2-elf/5.3.0/../../../../../H-x86_64-mingw32/nios2-elf/lib/mno-hw-mul\libm.a
LOAD c:/intelfpga/17.0/nios2eds/bin/gnu/h-x86_64-mingw32/bin/../lib/gcc/nios2-elf/5.3.0/mno-hw-mul\libgcc.a
START GROUP
LOAD c:/intelfpga/17.0/nios2eds/bin/gnu/h-x86_64-mingw32/bin/../lib/gcc/nios2-elf/5.3.0/../../../../../H-x86_64-mingw32/nios2-elf/lib/mno-hw-mul\libc.a
LOAD c:/intelfpga/17.0/nios2eds/bin/gnu/h-x86_64-mingw32/bin/../lib/gcc/nios2-elf/5.3.0/mno-hw-mul\libgcc.a
LOAD ../pongers_bsp/\libhal_bsp.a
LOAD c:/intelfpga/17.0/nios2eds/bin/gnu/h-x86_64-mingw32/bin/../lib/gcc/nios2-elf/5.3.0/../../../../../H-x86_64-mingw32/nios2-elf/lib/mno-hw-mul\libm.a
END GROUP
LOAD c:/intelfpga/17.0/nios2eds/bin/gnu/h-x86_64-mingw32/bin/../lib/gcc/nios2-elf/5.3.0/mno-hw-mul\libgcc.a
                0x0000000004000000                __alt_mem_new_sdram_controller_0 = 0x4000000
                0x0000000008040000                __alt_mem_onchip_memory2_0 = 0x8040000

.entry          0x0000000008040000       0x20
 *(.entry)
 .entry         0x0000000008040000       0x20 ../pongers_bsp//obj/HAL/src/crt0.o
                0x0000000008040000                __reset

.exceptions     0x0000000008040020      0x210
                0x0000000008040020                PROVIDE (__ram_exceptions_start, ABSOLUTE (.))
                0x0000000008040020                . = ALIGN (0x20)
 *(.irq)
 *(.exceptions.entry.label)
 .exceptions.entry.label
                0x0000000008040020        0x0 ../pongers_bsp/\libhal_bsp.a(alt_irq_entry.o)
                0x0000000008040020                alt_irq_entry
 .exceptions.entry.label
                0x0000000008040020        0x0 ../pongers_bsp/\libhal_bsp.a(alt_exception_entry.o)
                0x0000000008040020                alt_exception
 *(.exceptions.entry.user)
 *(.exceptions.entry.ecc_fatal)
 *(.exceptions.entry)
 .exceptions.entry
                0x0000000008040020       0x54 ../pongers_bsp/\libhal_bsp.a(alt_exception_entry.o)
 *(.exceptions.irqtest.user)
 *(.exceptions.irqtest)
 .exceptions.irqtest
                0x0000000008040074       0x10 ../pongers_bsp/\libhal_bsp.a(alt_irq_entry.o)
 *(.exceptions.irqhandler.user)
 *(.exceptions.irqhandler)
 .exceptions.irqhandler
                0x0000000008040084        0x4 ../pongers_bsp/\libhal_bsp.a(alt_irq_entry.o)
 *(.exceptions.irqreturn.user)
 *(.exceptions.irqreturn)
 .exceptions.irqreturn
                0x0000000008040088        0x4 ../pongers_bsp/\libhal_bsp.a(alt_irq_entry.o)
 *(.exceptions.notirq.label)
 .exceptions.notirq.label
                0x000000000804008c        0x0 ../pongers_bsp/\libhal_bsp.a(alt_irq_entry.o)
 *(.exceptions.notirq.user)
 *(.exceptions.notirq)
 .exceptions.notirq
                0x000000000804008c        0x8 ../pongers_bsp/\libhal_bsp.a(alt_exception_entry.o)
 *(.exceptions.soft.user)
 *(.exceptions.soft)
 *(.exceptions.unknown.user)
 *(.exceptions.unknown)
 .exceptions.unknown
                0x0000000008040094       0x14 ../pongers_bsp/\libhal_bsp.a(alt_exception_entry.o)
 *(.exceptions.exit.label)
 .exceptions.exit.label
                0x00000000080400a8        0x0 ../pongers_bsp/\libhal_bsp.a(alt_irq_entry.o)
 .exceptions.exit.label
                0x00000000080400a8        0x0 ../pongers_bsp/\libhal_bsp.a(alt_exception_entry.o)
 *(.exceptions.exit.user)
 *(.exceptions.exit)
 .exceptions.exit
                0x00000000080400a8       0x54 ../pongers_bsp/\libhal_bsp.a(alt_exception_entry.o)
 *(.exceptions)
 .exceptions    0x00000000080400fc       0xd4 ../pongers_bsp/\libhal_bsp.a(alt_irq_handler.o)
                0x00000000080400fc                alt_irq_handler
 .exceptions    0x00000000080401d0       0x60 ../pongers_bsp/\libhal_bsp.a(alt_instruction_exception_entry.o)
                0x00000000080401d0                alt_instruction_exception_entry
                0x0000000008040230                PROVIDE (__ram_exceptions_end, ABSOLUTE (.))
                0x0000000008040020                PROVIDE (__flash_exceptions_start, LOADADDR (.exceptions))

.text           0x0000000008040230    0x15a40
                [!provide]                        PROVIDE (stext, ABSOLUTE (.))
 *(.interp)
 *(.hash)
 *(.dynsym)
 *(.dynstr)
 *(.gnu.version)
 *(.gnu.version_d)
 *(.gnu.version_r)
 *(.rel.init)
 *(.rela.init)
 *(.rel.text .rel.text.* .rel.gnu.linkonce.t.*)
 *(.rela.text .rela.text.* .rela.gnu.linkonce.t.*)
 *(.rel.fini)
 *(.rela.fini)
 *(.rel.rodata .rel.rodata.* .rel.gnu.linkonce.r.*)
 *(.rela.rodata .rela.rodata.* .rela.gnu.linkonce.r.*)
 *(.rel.data .rel.data.* .rel.gnu.linkonce.d.*)
 *(.rela.data .rela.data.* .rela.gnu.linkonce.d.*)
 *(.rel.tdata .rel.tdata.* .rel.gnu.linkonce.td.*)
 *(.rela.tdata .rela.tdata.* .rela.gnu.linkonce.td.*)
 *(.rel.tbss .rel.tbss.* .rel.gnu.linkonce.tb.*)
 *(.rela.tbss .rela.tbss.* .rela.gnu.linkonce.tb.*)
 *(.rel.ctors)
 *(.rela.ctors)
 *(.rel.dtors)
 *(.rela.dtors)
 *(.rel.got)
 *(.rela.got)
 *(.rel.sdata .rel.sdata.* .rel.gnu.linkonce.s.*)
 *(.rela.sdata .rela.sdata.* .rela.gnu.linkonce.s.*)
 *(.rel.sbss .rel.sbss.* .rel.gnu.linkonce.sb.*)
 *(.rela.sbss .rela.sbss.* .rela.gnu.linkonce.sb.*)
 *(.rel.sdata2 .rel.sdata2.* .rel.gnu.linkonce.s2.*)
 *(.rela.sdata2 .rela.sdata2.* .rela.gnu.linkonce.s2.*)
 *(.rel.sbss2 .rel.sbss2.* .rel.gnu.linkonce.sb2.*)
 *(.rela.sbss2 .rela.sbss2.* .rela.gnu.linkonce.sb2.*)
 *(.rel.bss .rel.bss.* .rel.gnu.linkonce.b.*)
 *(.rela.bss .rela.bss.* .rela.gnu.linkonce.b.*)
 *(.rel.plt)
 *(.rela.plt)
 *(.rel.dyn)
 *(.init)
 *(.plt)
 *(.text .stub .text.* .gnu.linkonce.t.*)
 .text          0x0000000008040230       0x3c ../pongers_bsp//obj/HAL/src/crt0.o
                0x0000000008040230                _start
 .text          0x000000000804026c     0x1330 obj/default/pongers.o
                0x00000000080402b8                init_pio_interrupt
                0x000000000804037c                main
 .text          0x000000000804159c       0x28 c:/intelfpga/17.0/nios2eds/bin/gnu/h-x86_64-mingw32/bin/../lib/gcc/nios2-elf/5.3.0/mno-hw-mul\libgcc.a(lib2-mul.o)
                0x000000000804159c                __mulsi3
 .text          0x00000000080415c4       0x8c c:/intelfpga/17.0/nios2eds/bin/gnu/h-x86_64-mingw32/bin/../lib/gcc/nios2-elf/5.3.0/mno-hw-mul\libgcc.a(tramp.o)
                0x00000000080415c4                __trampoline_setup
 .text          0x0000000008041650        0x0 c:/intelfpga/17.0/nios2eds/bin/gnu/h-x86_64-mingw32/bin/../lib/gcc/nios2-elf/5.3.0/../../../../../H-x86_64-mingw32/nios2-elf/lib/mno-hw-mul\libc.a(lib_a-memcpy.o)
 .text.memcpy   0x0000000008041650      0x148 c:/intelfpga/17.0/nios2eds/bin/gnu/h-x86_64-mingw32/bin/../lib/gcc/nios2-elf/5.3.0/../../../../../H-x86_64-mingw32/nios2-elf/lib/mno-hw-mul\libc.a(lib_a-memcpy.o)
                0x0000000008041650                memcpy
 .text          0x0000000008041798        0x0 c:/intelfpga/17.0/nios2eds/bin/gnu/h-x86_64-mingw32/bin/../lib/gcc/nios2-elf/5.3.0/../../../../../H-x86_64-mingw32/nios2-elf/lib/mno-hw-mul\libc.a(lib_a-printf.o)
 .text._printf_r
                0x0000000008041798       0x30 c:/intelfpga/17.0/nios2eds/bin/gnu/h-x86_64-mingw32/bin/../lib/gcc/nios2-elf/5.3.0/../../../../../H-x86_64-mingw32/nios2-elf/lib/mno-hw-mul\libc.a(lib_a-printf.o)
                0x0000000008041798                _printf_r
 .text.printf   0x00000000080417c8       0x3c c:/intelfpga/17.0/nios2eds/bin/gnu/h-x86_64-mingw32/bin/../lib/gcc/nios2-elf/5.3.0/../../../../../H-x86_64-mingw32/nios2-elf/lib/mno-hw-mul\libc.a(lib_a-printf.o)
                0x00000000080417c8                printf
 .text          0x0000000008041804        0x0 c:/intelfpga/17.0/nios2eds/bin/gnu/h-x86_64-mingw32/bin/../lib/gcc/nios2-elf/5.3.0/../../../../../H-x86_64-mingw32/nios2-elf/lib/mno-hw-mul\libc.a(lib_a-puts.o)
 .text._puts_r  0x0000000008041804       0xc0 c:/intelfpga/17.0/nios2eds/bin/gnu/h-x86_64-mingw32/bin/../lib/gcc/nios2-elf/5.3.0/../../../../../H-x86_64-mingw32/nios2-elf/lib/mno-hw-mul\libc.a(lib_a-puts.o)
                0x0000000008041804                _puts_r
 .text.puts     0x00000000080418c4       0x14 c:/intelfpga/17.0/nios2eds/bin/gnu/h-x86_64-mingw32/bin/../lib/gcc/nios2-elf/5.3.0/../../../../../H-x86_64-mingw32/nios2-elf/lib/mno-hw-mul\libc.a(lib_a-puts.o)
                0x00000000080418c4                puts
 .text          0x00000000080418d8        0x0 c:/intelfpga/17.0/nios2eds/bin/gnu/h-x86_64-mingw32/bin/../lib/gcc/nios2-elf/5.3.0/../../../../../H-x86_64-mingw32/nios2-elf/lib/mno-hw-mul\libc.a(lib_a-sprintf.o)
 .text._sprintf_r
                0x00000000080418d8       0x58 c:/intelfpga/17.0/nios2eds/bin/gnu/h-x86_64-mingw32/bin/../lib/gcc/nios2-elf/5.3.0/../../../../../H-x86_64-mingw32/nios2-elf/lib/mno-hw-mul\libc.a(lib_a-sprintf.o)
                0x00000000080418d8                _sprintf_r
 .text.sprintf  0x0000000008041930       0x6c c:/intelfpga/17.0/nios2eds/bin/gnu/h-x86_64-mingw32/bin/../lib/gcc/nios2-elf/5.3.0/../../../../../H-x86_64-mingw32/nios2-elf/lib/mno-hw-mul\libc.a(lib_a-sprintf.o)
                0x0000000008041930                sprintf
 .text          0x000000000804199c        0x0 c:/intelfpga/17.0/nios2eds/bin/gnu/h-x86_64-mingw32/bin/../lib/gcc/nios2-elf/5.3.0/../../../../../H-x86_64-mingw32/nios2-elf/lib/mno-hw-mul\libc.a(lib_a-strlen.o)
 .text.strlen   0x000000000804199c       0x98 c:/intelfpga/17.0/nios2eds/bin/gnu/h-x86_64-mingw32/bin/../lib/gcc/nios2-elf/5.3.0/../../../../../H-x86_64-mingw32/nios2-elf/lib/mno-hw-mul\libc.a(lib_a-strlen.o)
                0x000000000804199c                strlen
 .text          0x0000000008041a34        0x0 c:/intelfpga/17.0/nios2eds/bin/gnu/h-x86_64-mingw32/bin/../lib/gcc/nios2-elf/5.3.0/../../../../../H-x86_64-mingw32/nios2-elf/lib/mno-hw-mul\libc.a(lib_a-svfprintf.o)
 .text.___svfprintf_internal_r
                0x0000000008041a34     0x22bc c:/intelfpga/17.0/nios2eds/bin/gnu/h-x86_64-mingw32/bin/../lib/gcc/nios2-elf/5.3.0/../../../../../H-x86_64-mingw32/nios2-elf/lib/mno-hw-mul\libc.a(lib_a-svfprintf.o)
                0x0000000008041a34                ___svfprintf_internal_r
 .text          0x0000000008043cf0        0x0 c:/intelfpga/17.0/nios2eds/bin/gnu/h-x86_64-mingw32/bin/../lib/gcc/nios2-elf/5.3.0/../../../../../H-x86_64-mingw32/nios2-elf/lib/mno-hw-mul\libc.a(lib_a-vfprintf.o)
 .text.___vfprintf_internal_r
                0x0000000008043cf0     0x22dc c:/intelfpga/17.0/nios2eds/bin/gnu/h-x86_64-mingw32/bin/../lib/gcc/nios2-elf/5.3.0/../../../../../H-x86_64-mingw32/nios2-elf/lib/mno-hw-mul\libc.a(lib_a-vfprintf.o)
                0x0000000008043cf0                ___vfprintf_internal_r
 .text.__vfprintf_internal
                0x0000000008045fcc       0x1c c:/intelfpga/17.0/nios2eds/bin/gnu/h-x86_64-mingw32/bin/../lib/gcc/nios2-elf/5.3.0/../../../../../H-x86_64-mingw32/nios2-elf/lib/mno-hw-mul\libc.a(lib_a-vfprintf.o)
                0x0000000008045fcc                __vfprintf_internal
 .text.__sbprintf
                0x0000000008045fe8       0xbc c:/intelfpga/17.0/nios2eds/bin/gnu/h-x86_64-mingw32/bin/../lib/gcc/nios2-elf/5.3.0/../../../../../H-x86_64-mingw32/nios2-elf/lib/mno-hw-mul\libc.a(lib_a-vfprintf.o)
 .text          0x00000000080460a4        0x0 c:/intelfpga/17.0/nios2eds/bin/gnu/h-x86_64-mingw32/bin/../lib/gcc/nios2-elf/5.3.0/../../../../../H-x86_64-mingw32/nios2-elf/lib/mno-hw-mul\libc.a(lib_a-wsetup.o)
 .text.__swsetup_r
                0x00000000080460a4      0x154 c:/intelfpga/17.0/nios2eds/bin/gnu/h-x86_64-mingw32/bin/../lib/gcc/nios2-elf/5.3.0/../../../../../H-x86_64-mingw32/nios2-elf/lib/mno-hw-mul\libc.a(lib_a-wsetup.o)
                0x00000000080460a4                __swsetup_r
 .text          0x00000000080461f8        0x0 c:/intelfpga/17.0/nios2eds/bin/gnu/h-x86_64-mingw32/bin/../lib/gcc/nios2-elf/5.3.0/../../../../../H-x86_64-mingw32/nios2-elf/lib/mno-hw-mul\libc.a(lib_a-dtoa.o)
 .text.quorem   0x00000000080461f8      0x228 c:/intelfpga/17.0/nios2eds/bin/gnu/h-x86_64-mingw32/bin/../lib/gcc/nios2-elf/5.3.0/../../../../../H-x86_64-mingw32/nios2-elf/lib/mno-hw-mul\libc.a(lib_a-dtoa.o)
 .text._dtoa_r  0x0000000008046420     0x1688 c:/intelfpga/17.0/nios2eds/bin/gnu/h-x86_64-mingw32/bin/../lib/gcc/nios2-elf/5.3.0/../../../../../H-x86_64-mingw32/nios2-elf/lib/mno-hw-mul\libc.a(lib_a-dtoa.o)
                0x0000000008046420                _dtoa_r
 .text          0x0000000008047aa8        0x0 c:/intelfpga/17.0/nios2eds/bin/gnu/h-x86_64-mingw32/bin/../lib/gcc/nios2-elf/5.3.0/../../../../../H-x86_64-mingw32/nios2-elf/lib/mno-hw-mul\libc.a(lib_a-fflush.o)
 .text.__sflush_r
                0x0000000008047aa8      0x21c c:/intelfpga/17.0/nios2eds/bin/gnu/h-x86_64-mingw32/bin/../lib/gcc/nios2-elf/5.3.0/../../../../../H-x86_64-mingw32/nios2-elf/lib/mno-hw-mul\libc.a(lib_a-fflush.o)
                0x0000000008047aa8                __sflush_r
 .text._fflush_r
                0x0000000008047cc4       0x5c c:/intelfpga/17.0/nios2eds/bin/gnu/h-x86_64-mingw32/bin/../lib/gcc/nios2-elf/5.3.0/../../../../../H-x86_64-mingw32/nios2-elf/lib/mno-hw-mul\libc.a(lib_a-fflush.o)
                0x0000000008047cc4                _fflush_r
 .text.fflush   0x0000000008047d20       0x30 c:/intelfpga/17.0/nios2eds/bin/gnu/h-x86_64-mingw32/bin/../lib/gcc/nios2-elf/5.3.0/../../../../../H-x86_64-mingw32/nios2-elf/lib/mno-hw-mul\libc.a(lib_a-fflush.o)
                0x0000000008047d20                fflush
 .text          0x0000000008047d50        0x0 c:/intelfpga/17.0/nios2eds/bin/gnu/h-x86_64-mingw32/bin/../lib/gcc/nios2-elf/5.3.0/../../../../../H-x86_64-mingw32/nios2-elf/lib/mno-hw-mul\libc.a(lib_a-findfp.o)
 .text.__fp_unlock
                0x0000000008047d50        0x8 c:/intelfpga/17.0/nios2eds/bin/gnu/h-x86_64-mingw32/bin/../lib/gcc/nios2-elf/5.3.0/../../../../../H-x86_64-mingw32/nios2-elf/lib/mno-hw-mul\libc.a(lib_a-findfp.o)
 .text._cleanup_r
                0x0000000008047d58        0xc c:/intelfpga/17.0/nios2eds/bin/gnu/h-x86_64-mingw32/bin/../lib/gcc/nios2-elf/5.3.0/../../../../../H-x86_64-mingw32/nios2-elf/lib/mno-hw-mul\libc.a(lib_a-findfp.o)
                0x0000000008047d58                _cleanup_r
 .text.__sinit.part.1
                0x0000000008047d64      0x19c c:/intelfpga/17.0/nios2eds/bin/gnu/h-x86_64-mingw32/bin/../lib/gcc/nios2-elf/5.3.0/../../../../../H-x86_64-mingw32/nios2-elf/lib/mno-hw-mul\libc.a(lib_a-findfp.o)
 .text.__fp_lock
                0x0000000008047f00        0x8 c:/intelfpga/17.0/nios2eds/bin/gnu/h-x86_64-mingw32/bin/../lib/gcc/nios2-elf/5.3.0/../../../../../H-x86_64-mingw32/nios2-elf/lib/mno-hw-mul\libc.a(lib_a-findfp.o)
 .text.__sfmoreglue
                0x0000000008047f08       0x78 c:/intelfpga/17.0/nios2eds/bin/gnu/h-x86_64-mingw32/bin/../lib/gcc/nios2-elf/5.3.0/../../../../../H-x86_64-mingw32/nios2-elf/lib/mno-hw-mul\libc.a(lib_a-findfp.o)
                0x0000000008047f08                __sfmoreglue
 .text.__sfp    0x0000000008047f80      0x118 c:/intelfpga/17.0/nios2eds/bin/gnu/h-x86_64-mingw32/bin/../lib/gcc/nios2-elf/5.3.0/../../../../../H-x86_64-mingw32/nios2-elf/lib/mno-hw-mul\libc.a(lib_a-findfp.o)
                0x0000000008047f80                __sfp
 .text._cleanup
                0x0000000008048098       0x18 c:/intelfpga/17.0/nios2eds/bin/gnu/h-x86_64-mingw32/bin/../lib/gcc/nios2-elf/5.3.0/../../../../../H-x86_64-mingw32/nios2-elf/lib/mno-hw-mul\libc.a(lib_a-findfp.o)
                0x0000000008048098                _cleanup
 .text.__sinit  0x00000000080480b0       0x10 c:/intelfpga/17.0/nios2eds/bin/gnu/h-x86_64-mingw32/bin/../lib/gcc/nios2-elf/5.3.0/../../../../../H-x86_64-mingw32/nios2-elf/lib/mno-hw-mul\libc.a(lib_a-findfp.o)
                0x00000000080480b0                __sinit
 .text.__sfp_lock_acquire
                0x00000000080480c0        0x4 c:/intelfpga/17.0/nios2eds/bin/gnu/h-x86_64-mingw32/bin/../lib/gcc/nios2-elf/5.3.0/../../../../../H-x86_64-mingw32/nios2-elf/lib/mno-hw-mul\libc.a(lib_a-findfp.o)
                0x00000000080480c0                __sfp_lock_acquire
 .text.__sfp_lock_release
                0x00000000080480c4        0x4 c:/intelfpga/17.0/nios2eds/bin/gnu/h-x86_64-mingw32/bin/../lib/gcc/nios2-elf/5.3.0/../../../../../H-x86_64-mingw32/nios2-elf/lib/mno-hw-mul\libc.a(lib_a-findfp.o)
                0x00000000080480c4                __sfp_lock_release
 .text.__sinit_lock_acquire
                0x00000000080480c8        0x4 c:/intelfpga/17.0/nios2eds/bin/gnu/h-x86_64-mingw32/bin/../lib/gcc/nios2-elf/5.3.0/../../../../../H-x86_64-mingw32/nios2-elf/lib/mno-hw-mul\libc.a(lib_a-findfp.o)
                0x00000000080480c8                __sinit_lock_acquire
 .text.__sinit_lock_release
                0x00000000080480cc        0x4 c:/intelfpga/17.0/nios2eds/bin/gnu/h-x86_64-mingw32/bin/../lib/gcc/nios2-elf/5.3.0/../../../../../H-x86_64-mingw32/nios2-elf/lib/mno-hw-mul\libc.a(lib_a-findfp.o)
                0x00000000080480cc                __sinit_lock_release
 .text.__fp_lock_all
                0x00000000080480d0       0x18 c:/intelfpga/17.0/nios2eds/bin/gnu/h-x86_64-mingw32/bin/../lib/gcc/nios2-elf/5.3.0/../../../../../H-x86_64-mingw32/nios2-elf/lib/mno-hw-mul\libc.a(lib_a-findfp.o)
                0x00000000080480d0                __fp_lock_all
 .text.__fp_unlock_all
                0x00000000080480e8       0x18 c:/intelfpga/17.0/nios2eds/bin/gnu/h-x86_64-mingw32/bin/../lib/gcc/nios2-elf/5.3.0/../../../../../H-x86_64-mingw32/nios2-elf/lib/mno-hw-mul\libc.a(lib_a-findfp.o)
                0x00000000080480e8                __fp_unlock_all
 .text          0x0000000008048100        0x0 c:/intelfpga/17.0/nios2eds/bin/gnu/h-x86_64-mingw32/bin/../lib/gcc/nios2-elf/5.3.0/../../../../../H-x86_64-mingw32/nios2-elf/lib/mno-hw-mul\libc.a(lib_a-freer.o)
 .text._malloc_trim_r
                0x0000000008048100      0x124 c:/intelfpga/17.0/nios2eds/bin/gnu/h-x86_64-mingw32/bin/../lib/gcc/nios2-elf/5.3.0/../../../../../H-x86_64-mingw32/nios2-elf/lib/mno-hw-mul\libc.a(lib_a-freer.o)
                0x0000000008048100                _malloc_trim_r
 .text._free_r  0x0000000008048224      0x310 c:/intelfpga/17.0/nios2eds/bin/gnu/h-x86_64-mingw32/bin/../lib/gcc/nios2-elf/5.3.0/../../../../../H-x86_64-mingw32/nios2-elf/lib/mno-hw-mul\libc.a(lib_a-freer.o)
                0x0000000008048224                _free_r
 .text          0x0000000008048534        0x0 c:/intelfpga/17.0/nios2eds/bin/gnu/h-x86_64-mingw32/bin/../lib/gcc/nios2-elf/5.3.0/../../../../../H-x86_64-mingw32/nios2-elf/lib/mno-hw-mul\libc.a(lib_a-fvwrite.o)
 .text.__sfvwrite_r
                0x0000000008048534      0x4c8 c:/intelfpga/17.0/nios2eds/bin/gnu/h-x86_64-mingw32/bin/../lib/gcc/nios2-elf/5.3.0/../../../../../H-x86_64-mingw32/nios2-elf/lib/mno-hw-mul\libc.a(lib_a-fvwrite.o)
                0x0000000008048534                __sfvwrite_r
 .text          0x00000000080489fc        0x0 c:/intelfpga/17.0/nios2eds/bin/gnu/h-x86_64-mingw32/bin/../lib/gcc/nios2-elf/5.3.0/../../../../../H-x86_64-mingw32/nios2-elf/lib/mno-hw-mul\libc.a(lib_a-fwalk.o)
 .text._fwalk   0x00000000080489fc       0xc4 c:/intelfpga/17.0/nios2eds/bin/gnu/h-x86_64-mingw32/bin/../lib/gcc/nios2-elf/5.3.0/../../../../../H-x86_64-mingw32/nios2-elf/lib/mno-hw-mul\libc.a(lib_a-fwalk.o)
                0x00000000080489fc                _fwalk
 .text._fwalk_reent
                0x0000000008048ac0       0xc4 c:/intelfpga/17.0/nios2eds/bin/gnu/h-x86_64-mingw32/bin/../lib/gcc/nios2-elf/5.3.0/../../../../../H-x86_64-mingw32/nios2-elf/lib/mno-hw-mul\libc.a(lib_a-fwalk.o)
                0x0000000008048ac0                _fwalk_reent
 .text          0x0000000008048b84        0x0 c:/intelfpga/17.0/nios2eds/bin/gnu/h-x86_64-mingw32/bin/../lib/gcc/nios2-elf/5.3.0/../../../../../H-x86_64-mingw32/nios2-elf/lib/mno-hw-mul\libc.a(lib_a-impure.o)
 .text          0x0000000008048b84        0x0 c:/intelfpga/17.0/nios2eds/bin/gnu/h-x86_64-mingw32/bin/../lib/gcc/nios2-elf/5.3.0/../../../../../H-x86_64-mingw32/nios2-elf/lib/mno-hw-mul\libc.a(lib_a-locale.o)
 .text._setlocale_r
                0x0000000008048b84       0x7c c:/intelfpga/17.0/nios2eds/bin/gnu/h-x86_64-mingw32/bin/../lib/gcc/nios2-elf/5.3.0/../../../../../H-x86_64-mingw32/nios2-elf/lib/mno-hw-mul\libc.a(lib_a-locale.o)
                0x0000000008048b84                _setlocale_r
 .text.__locale_charset
                0x0000000008048c00        0xc c:/intelfpga/17.0/nios2eds/bin/gnu/h-x86_64-mingw32/bin/../lib/gcc/nios2-elf/5.3.0/../../../../../H-x86_64-mingw32/nios2-elf/lib/mno-hw-mul\libc.a(lib_a-locale.o)
                0x0000000008048c00                __locale_charset
 .text.__locale_mb_cur_max
                0x0000000008048c0c       0x10 c:/intelfpga/17.0/nios2eds/bin/gnu/h-x86_64-mingw32/bin/../lib/gcc/nios2-elf/5.3.0/../../../../../H-x86_64-mingw32/nios2-elf/lib/mno-hw-mul\libc.a(lib_a-locale.o)
                0x0000000008048c0c                __locale_mb_cur_max
 .text.__locale_msgcharset
                0x0000000008048c1c        0xc c:/intelfpga/17.0/nios2eds/bin/gnu/h-x86_64-mingw32/bin/../lib/gcc/nios2-elf/5.3.0/../../../../../H-x86_64-mingw32/nios2-elf/lib/mno-hw-mul\libc.a(lib_a-locale.o)
                0x0000000008048c1c                __locale_msgcharset
 .text.__locale_cjk_lang
                0x0000000008048c28        0x8 c:/intelfpga/17.0/nios2eds/bin/gnu/h-x86_64-mingw32/bin/../lib/gcc/nios2-elf/5.3.0/../../../../../H-x86_64-mingw32/nios2-elf/lib/mno-hw-mul\libc.a(lib_a-locale.o)
                0x0000000008048c28                __locale_cjk_lang
 .text._localeconv_r
                0x0000000008048c30        0xc c:/intelfpga/17.0/nios2eds/bin/gnu/h-x86_64-mingw32/bin/../lib/gcc/nios2-elf/5.3.0/../../../../../H-x86_64-mingw32/nios2-elf/lib/mno-hw-mul\libc.a(lib_a-locale.o)
                0x0000000008048c30                _localeconv_r
 .text.setlocale
                0x0000000008048c3c       0x18 c:/intelfpga/17.0/nios2eds/bin/gnu/h-x86_64-mingw32/bin/../lib/gcc/nios2-elf/5.3.0/../../../../../H-x86_64-mingw32/nios2-elf/lib/mno-hw-mul\libc.a(lib_a-locale.o)
                0x0000000008048c3c                setlocale
 .text.localeconv
                0x0000000008048c54        0xc c:/intelfpga/17.0/nios2eds/bin/gnu/h-x86_64-mingw32/bin/../lib/gcc/nios2-elf/5.3.0/../../../../../H-x86_64-mingw32/nios2-elf/lib/mno-hw-mul\libc.a(lib_a-locale.o)
                0x0000000008048c54                localeconv
 .text          0x0000000008048c60        0x0 c:/intelfpga/17.0/nios2eds/bin/gnu/h-x86_64-mingw32/bin/../lib/gcc/nios2-elf/5.3.0/../../../../../H-x86_64-mingw32/nios2-elf/lib/mno-hw-mul\libc.a(lib_a-makebuf.o)
 .text.__smakebuf_r
                0x0000000008048c60      0x1bc c:/intelfpga/17.0/nios2eds/bin/gnu/h-x86_64-mingw32/bin/../lib/gcc/nios2-elf/5.3.0/../../../../../H-x86_64-mingw32/nios2-elf/lib/mno-hw-mul\libc.a(lib_a-makebuf.o)
                0x0000000008048c60                __smakebuf_r
 .text          0x0000000008048e1c        0x0 c:/intelfpga/17.0/nios2eds/bin/gnu/h-x86_64-mingw32/bin/../lib/gcc/nios2-elf/5.3.0/../../../../../H-x86_64-mingw32/nios2-elf/lib/mno-hw-mul\libc.a(lib_a-mallocr.o)
 .text._malloc_r
                0x0000000008048e1c      0x80c c:/intelfpga/17.0/nios2eds/bin/gnu/h-x86_64-mingw32/bin/../lib/gcc/nios2-elf/5.3.0/../../../../../H-x86_64-mingw32/nios2-elf/lib/mno-hw-mul\libc.a(lib_a-mallocr.o)
                0x0000000008048e1c                _malloc_r
 .text          0x0000000008049628        0x0 c:/intelfpga/17.0/nios2eds/bin/gnu/h-x86_64-mingw32/bin/../lib/gcc/nios2-elf/5.3.0/../../../../../H-x86_64-mingw32/nios2-elf/lib/mno-hw-mul\libc.a(lib_a-memchr.o)
 .text.memchr   0x0000000008049628       0xe4 c:/intelfpga/17.0/nios2eds/bin/gnu/h-x86_64-mingw32/bin/../lib/gcc/nios2-elf/5.3.0/../../../../../H-x86_64-mingw32/nios2-elf/lib/mno-hw-mul\libc.a(lib_a-memchr.o)
                0x0000000008049628                memchr
 .text          0x000000000804970c        0x0 c:/intelfpga/17.0/nios2eds/bin/gnu/h-x86_64-mingw32/bin/../lib/gcc/nios2-elf/5.3.0/../../../../../H-x86_64-mingw32/nios2-elf/lib/mno-hw-mul\libc.a(lib_a-memmove.o)
 .text.memmove  0x000000000804970c      0x15c c:/intelfpga/17.0/nios2eds/bin/gnu/h-x86_64-mingw32/bin/../lib/gcc/nios2-elf/5.3.0/../../../../../H-x86_64-mingw32/nios2-elf/lib/mno-hw-mul\libc.a(lib_a-memmove.o)
                0x000000000804970c                memmove
 .text          0x0000000008049868        0x0 c:/intelfpga/17.0/nios2eds/bin/gnu/h-x86_64-mingw32/bin/../lib/gcc/nios2-elf/5.3.0/../../../../../H-x86_64-mingw32/nios2-elf/lib/mno-hw-mul\libc.a(lib_a-memset.o)
 .text.memset   0x0000000008049868      0x128 c:/intelfpga/17.0/nios2eds/bin/gnu/h-x86_64-mingw32/bin/../lib/gcc/nios2-elf/5.3.0/../../../../../H-x86_64-mingw32/nios2-elf/lib/mno-hw-mul\libc.a(lib_a-memset.o)
                0x0000000008049868                memset
 .text          0x0000000008049990        0x0 c:/intelfpga/17.0/nios2eds/bin/gnu/h-x86_64-mingw32/bin/../lib/gcc/nios2-elf/5.3.0/../../../../../H-x86_64-mingw32/nios2-elf/lib/mno-hw-mul\libc.a(lib_a-mprec.o)
 .text._Balloc  0x0000000008049990       0xa8 c:/intelfpga/17.0/nios2eds/bin/gnu/h-x86_64-mingw32/bin/../lib/gcc/nios2-elf/5.3.0/../../../../../H-x86_64-mingw32/nios2-elf/lib/mno-hw-mul\libc.a(lib_a-mprec.o)
                0x0000000008049990                _Balloc
 .text._Bfree   0x0000000008049a38       0x28 c:/intelfpga/17.0/nios2eds/bin/gnu/h-x86_64-mingw32/bin/../lib/gcc/nios2-elf/5.3.0/../../../../../H-x86_64-mingw32/nios2-elf/lib/mno-hw-mul\libc.a(lib_a-mprec.o)
                0x0000000008049a38                _Bfree
 .text.__multadd
                0x0000000008049a60      0x148 c:/intelfpga/17.0/nios2eds/bin/gnu/h-x86_64-mingw32/bin/../lib/gcc/nios2-elf/5.3.0/../../../../../H-x86_64-mingw32/nios2-elf/lib/mno-hw-mul\libc.a(lib_a-mprec.o)
                0x0000000008049a60                __multadd
 .text.__s2b    0x0000000008049ba8      0x104 c:/intelfpga/17.0/nios2eds/bin/gnu/h-x86_64-mingw32/bin/../lib/gcc/nios2-elf/5.3.0/../../../../../H-x86_64-mingw32/nios2-elf/lib/mno-hw-mul\libc.a(lib_a-mprec.o)
                0x0000000008049ba8                __s2b
 .text.__hi0bits
                0x0000000008049cac       0x68 c:/intelfpga/17.0/nios2eds/bin/gnu/h-x86_64-mingw32/bin/../lib/gcc/nios2-elf/5.3.0/../../../../../H-x86_64-mingw32/nios2-elf/lib/mno-hw-mul\libc.a(lib_a-mprec.o)
                0x0000000008049cac                __hi0bits
 .text.__lo0bits
                0x0000000008049d14       0xb0 c:/intelfpga/17.0/nios2eds/bin/gnu/h-x86_64-mingw32/bin/../lib/gcc/nios2-elf/5.3.0/../../../../../H-x86_64-mingw32/nios2-elf/lib/mno-hw-mul\libc.a(lib_a-mprec.o)
                0x0000000008049d14                __lo0bits
 .text.__i2b    0x0000000008049dc4       0x3c c:/intelfpga/17.0/nios2eds/bin/gnu/h-x86_64-mingw32/bin/../lib/gcc/nios2-elf/5.3.0/../../../../../H-x86_64-mingw32/nios2-elf/lib/mno-hw-mul\libc.a(lib_a-mprec.o)
                0x0000000008049dc4                __i2b
 .text.__multiply
                0x0000000008049e00      0x28c c:/intelfpga/17.0/nios2eds/bin/gnu/h-x86_64-mingw32/bin/../lib/gcc/nios2-elf/5.3.0/../../../../../H-x86_64-mingw32/nios2-elf/lib/mno-hw-mul\libc.a(lib_a-mprec.o)
                0x0000000008049e00                __multiply
 .text.__pow5mult
                0x000000000804a08c      0x140 c:/intelfpga/17.0/nios2eds/bin/gnu/h-x86_64-mingw32/bin/../lib/gcc/nios2-elf/5.3.0/../../../../../H-x86_64-mingw32/nios2-elf/lib/mno-hw-mul\libc.a(lib_a-mprec.o)
                0x000000000804a08c                __pow5mult
 .text.__lshift
                0x000000000804a1cc      0x148 c:/intelfpga/17.0/nios2eds/bin/gnu/h-x86_64-mingw32/bin/../lib/gcc/nios2-elf/5.3.0/../../../../../H-x86_64-mingw32/nios2-elf/lib/mno-hw-mul\libc.a(lib_a-mprec.o)
                0x000000000804a1cc                __lshift
 .text.__mcmp   0x000000000804a314       0x60 c:/intelfpga/17.0/nios2eds/bin/gnu/h-x86_64-mingw32/bin/../lib/gcc/nios2-elf/5.3.0/../../../../../H-x86_64-mingw32/nios2-elf/lib/mno-hw-mul\libc.a(lib_a-mprec.o)
                0x000000000804a314                __mcmp
 .text.__mdiff  0x000000000804a374      0x1fc c:/intelfpga/17.0/nios2eds/bin/gnu/h-x86_64-mingw32/bin/../lib/gcc/nios2-elf/5.3.0/../../../../../H-x86_64-mingw32/nios2-elf/lib/mno-hw-mul\libc.a(lib_a-mprec.o)
                0x000000000804a374                __mdiff
 .text.__ulp    0x000000000804a570       0x64 c:/intelfpga/17.0/nios2eds/bin/gnu/h-x86_64-mingw32/bin/../lib/gcc/nios2-elf/5.3.0/../../../../../H-x86_64-mingw32/nios2-elf/lib/mno-hw-mul\libc.a(lib_a-mprec.o)
                0x000000000804a570                __ulp
 .text.__b2d    0x000000000804a5d4      0x10c c:/intelfpga/17.0/nios2eds/bin/gnu/h-x86_64-mingw32/bin/../lib/gcc/nios2-elf/5.3.0/../../../../../H-x86_64-mingw32/nios2-elf/lib/mno-hw-mul\libc.a(lib_a-mprec.o)
                0x000000000804a5d4                __b2d
 .text.__d2b    0x000000000804a6e0      0x14c c:/intelfpga/17.0/nios2eds/bin/gnu/h-x86_64-mingw32/bin/../lib/gcc/nios2-elf/5.3.0/../../../../../H-x86_64-mingw32/nios2-elf/lib/mno-hw-mul\libc.a(lib_a-mprec.o)
                0x000000000804a6e0                __d2b
 .text.__ratio  0x000000000804a82c       0xa4 c:/intelfpga/17.0/nios2eds/bin/gnu/h-x86_64-mingw32/bin/../lib/gcc/nios2-elf/5.3.0/../../../../../H-x86_64-mingw32/nios2-elf/lib/mno-hw-mul\libc.a(lib_a-mprec.o)
                0x000000000804a82c                __ratio
 .text._mprec_log10
                0x000000000804a8d0       0x74 c:/intelfpga/17.0/nios2eds/bin/gnu/h-x86_64-mingw32/bin/../lib/gcc/nios2-elf/5.3.0/../../../../../H-x86_64-mingw32/nios2-elf/lib/mno-hw-mul\libc.a(lib_a-mprec.o)
                0x000000000804a8d0                _mprec_log10
 .text.__copybits
                0x000000000804a944       0x78 c:/intelfpga/17.0/nios2eds/bin/gnu/h-x86_64-mingw32/bin/../lib/gcc/nios2-elf/5.3.0/../../../../../H-x86_64-mingw32/nios2-elf/lib/mno-hw-mul\libc.a(lib_a-mprec.o)
                0x000000000804a944                __copybits
 .text.__any_on
                0x000000000804a9bc       0x8c c:/intelfpga/17.0/nios2eds/bin/gnu/h-x86_64-mingw32/bin/../lib/gcc/nios2-elf/5.3.0/../../../../../H-x86_64-mingw32/nios2-elf/lib/mno-hw-mul\libc.a(lib_a-mprec.o)
                0x000000000804a9bc                __any_on
 .text          0x000000000804aa48        0x0 c:/intelfpga/17.0/nios2eds/bin/gnu/h-x86_64-mingw32/bin/../lib/gcc/nios2-elf/5.3.0/../../../../../H-x86_64-mingw32/nios2-elf/lib/mno-hw-mul\libc.a(lib_a-reallocr.o)
 .text._realloc_r
                0x000000000804aa48      0x564 c:/intelfpga/17.0/nios2eds/bin/gnu/h-x86_64-mingw32/bin/../lib/gcc/nios2-elf/5.3.0/../../../../../H-x86_64-mingw32/nios2-elf/lib/mno-hw-mul\libc.a(lib_a-reallocr.o)
                0x000000000804aa48                _realloc_r
 .text          0x000000000804afac        0x0 c:/intelfpga/17.0/nios2eds/bin/gnu/h-x86_64-mingw32/bin/../lib/gcc/nios2-elf/5.3.0/../../../../../H-x86_64-mingw32/nios2-elf/lib/mno-hw-mul\libc.a(lib_a-s_fpclassify.o)
 .text.__fpclassifyd
                0x000000000804afac       0x74 c:/intelfpga/17.0/nios2eds/bin/gnu/h-x86_64-mingw32/bin/../lib/gcc/nios2-elf/5.3.0/../../../../../H-x86_64-mingw32/nios2-elf/lib/mno-hw-mul\libc.a(lib_a-s_fpclassify.o)
                0x000000000804afac                __fpclassifyd
 .text          0x000000000804b020        0x0 c:/intelfpga/17.0/nios2eds/bin/gnu/h-x86_64-mingw32/bin/../lib/gcc/nios2-elf/5.3.0/../../../../../H-x86_64-mingw32/nios2-elf/lib/mno-hw-mul\libc.a(lib_a-sbrkr.o)
 .text._sbrk_r  0x000000000804b020       0x54 c:/intelfpga/17.0/nios2eds/bin/gnu/h-x86_64-mingw32/bin/../lib/gcc/nios2-elf/5.3.0/../../../../../H-x86_64-mingw32/nios2-elf/lib/mno-hw-mul\libc.a(lib_a-sbrkr.o)
                0x000000000804b020                _sbrk_r
 .text          0x000000000804b074        0x0 c:/intelfpga/17.0/nios2eds/bin/gnu/h-x86_64-mingw32/bin/../lib/gcc/nios2-elf/5.3.0/../../../../../H-x86_64-mingw32/nios2-elf/lib/mno-hw-mul\libc.a(lib_a-stdio.o)
 .text.__sread  0x000000000804b074       0x54 c:/intelfpga/17.0/nios2eds/bin/gnu/h-x86_64-mingw32/bin/../lib/gcc/nios2-elf/5.3.0/../../../../../H-x86_64-mingw32/nios2-elf/lib/mno-hw-mul\libc.a(lib_a-stdio.o)
                0x000000000804b074                __sread
 .text.__seofread
                0x000000000804b0c8        0x8 c:/intelfpga/17.0/nios2eds/bin/gnu/h-x86_64-mingw32/bin/../lib/gcc/nios2-elf/5.3.0/../../../../../H-x86_64-mingw32/nios2-elf/lib/mno-hw-mul\libc.a(lib_a-stdio.o)
                0x000000000804b0c8                __seofread
 .text.__swrite
                0x000000000804b0d0       0x7c c:/intelfpga/17.0/nios2eds/bin/gnu/h-x86_64-mingw32/bin/../lib/gcc/nios2-elf/5.3.0/../../../../../H-x86_64-mingw32/nios2-elf/lib/mno-hw-mul\libc.a(lib_a-stdio.o)
                0x000000000804b0d0                __swrite
 .text.__sseek  0x000000000804b14c       0x5c c:/intelfpga/17.0/nios2eds/bin/gnu/h-x86_64-mingw32/bin/../lib/gcc/nios2-elf/5.3.0/../../../../../H-x86_64-mingw32/nios2-elf/lib/mno-hw-mul\libc.a(lib_a-stdio.o)
                0x000000000804b14c                __sseek
 .text.__sclose
                0x000000000804b1a8        0x8 c:/intelfpga/17.0/nios2eds/bin/gnu/h-x86_64-mingw32/bin/../lib/gcc/nios2-elf/5.3.0/../../../../../H-x86_64-mingw32/nios2-elf/lib/mno-hw-mul\libc.a(lib_a-stdio.o)
                0x000000000804b1a8                __sclose
 .text          0x000000000804b1b0        0x0 c:/intelfpga/17.0/nios2eds/bin/gnu/h-x86_64-mingw32/bin/../lib/gcc/nios2-elf/5.3.0/../../../../../H-x86_64-mingw32/nios2-elf/lib/mno-hw-mul\libc.a(lib_a-strcmp.o)
 .text.strcmp   0x000000000804b1b0       0xdc c:/intelfpga/17.0/nios2eds/bin/gnu/h-x86_64-mingw32/bin/../lib/gcc/nios2-elf/5.3.0/../../../../../H-x86_64-mingw32/nios2-elf/lib/mno-hw-mul\libc.a(lib_a-strcmp.o)
                0x000000000804b1b0                strcmp
 .text          0x000000000804b28c        0x0 c:/intelfpga/17.0/nios2eds/bin/gnu/h-x86_64-mingw32/bin/../lib/gcc/nios2-elf/5.3.0/../../../../../H-x86_64-mingw32/nios2-elf/lib/mno-hw-mul\libc.a(lib_a-svfiprintf.o)
 .text.__ssprint_r
                0x000000000804b28c      0x1d0 c:/intelfpga/17.0/nios2eds/bin/gnu/h-x86_64-mingw32/bin/../lib/gcc/nios2-elf/5.3.0/../../../../../H-x86_64-mingw32/nios2-elf/lib/mno-hw-mul\libc.a(lib_a-svfiprintf.o)
                0x000000000804b28c                __ssprint_r
 .text.___svfiprintf_internal_r
                0x000000000804b45c     0x13a0 c:/intelfpga/17.0/nios2eds/bin/gnu/h-x86_64-mingw32/bin/../lib/gcc/nios2-elf/5.3.0/../../../../../H-x86_64-mingw32/nios2-elf/lib/mno-hw-mul\libc.a(lib_a-svfiprintf.o)
                0x000000000804b45c                ___svfiprintf_internal_r
 .text          0x000000000804c7fc        0x0 c:/intelfpga/17.0/nios2eds/bin/gnu/h-x86_64-mingw32/bin/../lib/gcc/nios2-elf/5.3.0/../../../../../H-x86_64-mingw32/nios2-elf/lib/mno-hw-mul\libc.a(lib_a-vfiprintf.o)
 .text.__sprint_r.part.0
                0x000000000804c7fc       0xfc c:/intelfpga/17.0/nios2eds/bin/gnu/h-x86_64-mingw32/bin/../lib/gcc/nios2-elf/5.3.0/../../../../../H-x86_64-mingw32/nios2-elf/lib/mno-hw-mul\libc.a(lib_a-vfiprintf.o)
 .text.__sprint_r
                0x000000000804c8f8       0x18 c:/intelfpga/17.0/nios2eds/bin/gnu/h-x86_64-mingw32/bin/../lib/gcc/nios2-elf/5.3.0/../../../../../H-x86_64-mingw32/nios2-elf/lib/mno-hw-mul\libc.a(lib_a-vfiprintf.o)
                0x000000000804c8f8                __sprint_r
 .text.___vfiprintf_internal_r
                0x000000000804c910     0x150c c:/intelfpga/17.0/nios2eds/bin/gnu/h-x86_64-mingw32/bin/../lib/gcc/nios2-elf/5.3.0/../../../../../H-x86_64-mingw32/nios2-elf/lib/mno-hw-mul\libc.a(lib_a-vfiprintf.o)
                0x000000000804c910                ___vfiprintf_internal_r
 .text.__vfiprintf_internal
                0x000000000804de1c       0x1c c:/intelfpga/17.0/nios2eds/bin/gnu/h-x86_64-mingw32/bin/../lib/gcc/nios2-elf/5.3.0/../../../../../H-x86_64-mingw32/nios2-elf/lib/mno-hw-mul\libc.a(lib_a-vfiprintf.o)
                0x000000000804de1c                __vfiprintf_internal
 .text.__sbprintf
                0x000000000804de38       0xbc c:/intelfpga/17.0/nios2eds/bin/gnu/h-x86_64-mingw32/bin/../lib/gcc/nios2-elf/5.3.0/../../../../../H-x86_64-mingw32/nios2-elf/lib/mno-hw-mul\libc.a(lib_a-vfiprintf.o)
 .text          0x000000000804def4        0x0 c:/intelfpga/17.0/nios2eds/bin/gnu/h-x86_64-mingw32/bin/../lib/gcc/nios2-elf/5.3.0/../../../../../H-x86_64-mingw32/nios2-elf/lib/mno-hw-mul\libc.a(lib_a-writer.o)
 .text._write_r
                0x000000000804def4       0x60 c:/intelfpga/17.0/nios2eds/bin/gnu/h-x86_64-mingw32/bin/../lib/gcc/nios2-elf/5.3.0/../../../../../H-x86_64-mingw32/nios2-elf/lib/mno-hw-mul\libc.a(lib_a-writer.o)
                0x000000000804def4                _write_r
 .text          0x000000000804df54        0x0 c:/intelfpga/17.0/nios2eds/bin/gnu/h-x86_64-mingw32/bin/../lib/gcc/nios2-elf/5.3.0/../../../../../H-x86_64-mingw32/nios2-elf/lib/mno-hw-mul\libc.a(closer.o)
 .text._close_r
                0x000000000804df54       0x54 c:/intelfpga/17.0/nios2eds/bin/gnu/h-x86_64-mingw32/bin/../lib/gcc/nios2-elf/5.3.0/../../../../../H-x86_64-mingw32/nios2-elf/lib/mno-hw-mul\libc.a(closer.o)
                0x000000000804df54                _close_r
 .text          0x000000000804dfa8        0x0 c:/intelfpga/17.0/nios2eds/bin/gnu/h-x86_64-mingw32/bin/../lib/gcc/nios2-elf/5.3.0/../../../../../H-x86_64-mingw32/nios2-elf/lib/mno-hw-mul\libc.a(lib_a-callocr.o)
 .text._calloc_r
                0x000000000804dfa8       0xdc c:/intelfpga/17.0/nios2eds/bin/gnu/h-x86_64-mingw32/bin/../lib/gcc/nios2-elf/5.3.0/../../../../../H-x86_64-mingw32/nios2-elf/lib/mno-hw-mul\libc.a(lib_a-callocr.o)
                0x000000000804dfa8                _calloc_r
 .text          0x000000000804e084        0x0 c:/intelfpga/17.0/nios2eds/bin/gnu/h-x86_64-mingw32/bin/../lib/gcc/nios2-elf/5.3.0/../../../../../H-x86_64-mingw32/nios2-elf/lib/mno-hw-mul\libc.a(lib_a-fclose.o)
 .text._fclose_r
                0x000000000804e084       0xf0 c:/intelfpga/17.0/nios2eds/bin/gnu/h-x86_64-mingw32/bin/../lib/gcc/nios2-elf/5.3.0/../../../../../H-x86_64-mingw32/nios2-elf/lib/mno-hw-mul\libc.a(lib_a-fclose.o)
                0x000000000804e084                _fclose_r
 .text.fclose   0x000000000804e174       0x14 c:/intelfpga/17.0/nios2eds/bin/gnu/h-x86_64-mingw32/bin/../lib/gcc/nios2-elf/5.3.0/../../../../../H-x86_64-mingw32/nios2-elf/lib/mno-hw-mul\libc.a(lib_a-fclose.o)
                0x000000000804e174                fclose
 .text          0x000000000804e188        0x0 c:/intelfpga/17.0/nios2eds/bin/gnu/h-x86_64-mingw32/bin/../lib/gcc/nios2-elf/5.3.0/../../../../../H-x86_64-mingw32/nios2-elf/lib/mno-hw-mul\libc.a(lib_a-fputwc.o)
 .text.__fputwc
                0x000000000804e188      0x164 c:/intelfpga/17.0/nios2eds/bin/gnu/h-x86_64-mingw32/bin/../lib/gcc/nios2-elf/5.3.0/../../../../../H-x86_64-mingw32/nios2-elf/lib/mno-hw-mul\libc.a(lib_a-fputwc.o)
                0x000000000804e188                __fputwc
 .text._fputwc_r
                0x000000000804e2ec       0x24 c:/intelfpga/17.0/nios2eds/bin/gnu/h-x86_64-mingw32/bin/../lib/gcc/nios2-elf/5.3.0/../../../../../H-x86_64-mingw32/nios2-elf/lib/mno-hw-mul\libc.a(lib_a-fputwc.o)
                0x000000000804e2ec                _fputwc_r
 .text.fputwc   0x000000000804e310       0x80 c:/intelfpga/17.0/nios2eds/bin/gnu/h-x86_64-mingw32/bin/../lib/gcc/nios2-elf/5.3.0/../../../../../H-x86_64-mingw32/nios2-elf/lib/mno-hw-mul\libc.a(lib_a-fputwc.o)
                0x000000000804e310                fputwc
 .text          0x000000000804e390        0x0 c:/intelfpga/17.0/nios2eds/bin/gnu/h-x86_64-mingw32/bin/../lib/gcc/nios2-elf/5.3.0/../../../../../H-x86_64-mingw32/nios2-elf/lib/mno-hw-mul\libc.a(lib_a-fstatr.o)
 .text._fstat_r
                0x000000000804e390       0x5c c:/intelfpga/17.0/nios2eds/bin/gnu/h-x86_64-mingw32/bin/../lib/gcc/nios2-elf/5.3.0/../../../../../H-x86_64-mingw32/nios2-elf/lib/mno-hw-mul\libc.a(lib_a-fstatr.o)
                0x000000000804e390                _fstat_r
 .text          0x000000000804e3ec        0x0 c:/intelfpga/17.0/nios2eds/bin/gnu/h-x86_64-mingw32/bin/../lib/gcc/nios2-elf/5.3.0/../../../../../H-x86_64-mingw32/nios2-elf/lib/mno-hw-mul\libc.a(lib_a-int_errno.o)
 .text          0x000000000804e3ec        0x0 c:/intelfpga/17.0/nios2eds/bin/gnu/h-x86_64-mingw32/bin/../lib/gcc/nios2-elf/5.3.0/../../../../../H-x86_64-mingw32/nios2-elf/lib/mno-hw-mul\libc.a(lib_a-isattyr.o)
 .text._isatty_r
                0x000000000804e3ec       0x54 c:/intelfpga/17.0/nios2eds/bin/gnu/h-x86_64-mingw32/bin/../lib/gcc/nios2-elf/5.3.0/../../../../../H-x86_64-mingw32/nios2-elf/lib/mno-hw-mul\libc.a(lib_a-isattyr.o)
                0x000000000804e3ec                _isatty_r
 .text          0x000000000804e440        0x0 c:/intelfpga/17.0/nios2eds/bin/gnu/h-x86_64-mingw32/bin/../lib/gcc/nios2-elf/5.3.0/../../../../../H-x86_64-mingw32/nios2-elf/lib/mno-hw-mul\libc.a(lib_a-lseekr.o)
 .text._lseek_r
                0x000000000804e440       0x60 c:/intelfpga/17.0/nios2eds/bin/gnu/h-x86_64-mingw32/bin/../lib/gcc/nios2-elf/5.3.0/../../../../../H-x86_64-mingw32/nios2-elf/lib/mno-hw-mul\libc.a(lib_a-lseekr.o)
                0x000000000804e440                _lseek_r
 .text          0x000000000804e4a0        0x0 c:/intelfpga/17.0/nios2eds/bin/gnu/h-x86_64-mingw32/bin/../lib/gcc/nios2-elf/5.3.0/../../../../../H-x86_64-mingw32/nios2-elf/lib/mno-hw-mul\libc.a(lib_a-readr.o)
 .text._read_r  0x000000000804e4a0       0x60 c:/intelfpga/17.0/nios2eds/bin/gnu/h-x86_64-mingw32/bin/../lib/gcc/nios2-elf/5.3.0/../../../../../H-x86_64-mingw32/nios2-elf/lib/mno-hw-mul\libc.a(lib_a-readr.o)
                0x000000000804e4a0                _read_r
 .text          0x000000000804e500        0x0 c:/intelfpga/17.0/nios2eds/bin/gnu/h-x86_64-mingw32/bin/../lib/gcc/nios2-elf/5.3.0/../../../../../H-x86_64-mingw32/nios2-elf/lib/mno-hw-mul\libc.a(lib_a-wbuf.o)
 .text.__swbuf_r
                0x000000000804e500      0x140 c:/intelfpga/17.0/nios2eds/bin/gnu/h-x86_64-mingw32/bin/../lib/gcc/nios2-elf/5.3.0/../../../../../H-x86_64-mingw32/nios2-elf/lib/mno-hw-mul\libc.a(lib_a-wbuf.o)
                0x000000000804e500                __swbuf_r
 .text.__swbuf  0x000000000804e640       0x18 c:/intelfpga/17.0/nios2eds/bin/gnu/h-x86_64-mingw32/bin/../lib/gcc/nios2-elf/5.3.0/../../../../../H-x86_64-mingw32/nios2-elf/lib/mno-hw-mul\libc.a(lib_a-wbuf.o)
                0x000000000804e640                __swbuf
 .text          0x000000000804e658        0x0 c:/intelfpga/17.0/nios2eds/bin/gnu/h-x86_64-mingw32/bin/../lib/gcc/nios2-elf/5.3.0/../../../../../H-x86_64-mingw32/nios2-elf/lib/mno-hw-mul\libc.a(lib_a-wcrtomb.o)
 .text._wcrtomb_r
                0x000000000804e658       0x9c c:/intelfpga/17.0/nios2eds/bin/gnu/h-x86_64-mingw32/bin/../lib/gcc/nios2-elf/5.3.0/../../../../../H-x86_64-mingw32/nios2-elf/lib/mno-hw-mul\libc.a(lib_a-wcrtomb.o)
                0x000000000804e658                _wcrtomb_r
 .text.wcrtomb  0x000000000804e6f4       0xc0 c:/intelfpga/17.0/nios2eds/bin/gnu/h-x86_64-mingw32/bin/../lib/gcc/nios2-elf/5.3.0/../../../../../H-x86_64-mingw32/nios2-elf/lib/mno-hw-mul\libc.a(lib_a-wcrtomb.o)
                0x000000000804e6f4                wcrtomb
 .text          0x000000000804e7b4        0x0 c:/intelfpga/17.0/nios2eds/bin/gnu/h-x86_64-mingw32/bin/../lib/gcc/nios2-elf/5.3.0/../../../../../H-x86_64-mingw32/nios2-elf/lib/mno-hw-mul\libc.a(lib_a-wctomb_r.o)
 .text.__ascii_wctomb
                0x000000000804e7b4       0x30 c:/intelfpga/17.0/nios2eds/bin/gnu/h-x86_64-mingw32/bin/../lib/gcc/nios2-elf/5.3.0/../../../../../H-x86_64-mingw32/nios2-elf/lib/mno-hw-mul\libc.a(lib_a-wctomb_r.o)
                0x000000000804e7b4                __ascii_wctomb
 .text._wctomb_r
                0x000000000804e7e4       0x5c c:/intelfpga/17.0/nios2eds/bin/gnu/h-x86_64-mingw32/bin/../lib/gcc/nios2-elf/5.3.0/../../../../../H-x86_64-mingw32/nios2-elf/lib/mno-hw-mul\libc.a(lib_a-wctomb_r.o)
                0x000000000804e7e4                _wctomb_r
 .text          0x000000000804e840      0x5fc c:/intelfpga/17.0/nios2eds/bin/gnu/h-x86_64-mingw32/bin/../lib/gcc/nios2-elf/5.3.0/mno-hw-mul\libgcc.a(_udivdi3.o)
                0x000000000804e840                __udivdi3
 .text          0x000000000804ee3c      0x5c4 c:/intelfpga/17.0/nios2eds/bin/gnu/h-x86_64-mingw32/bin/../lib/gcc/nios2-elf/5.3.0/mno-hw-mul\libgcc.a(_umoddi3.o)
                0x000000000804ee3c                __umoddi3
 .text          0x000000000804f400      0x1b4 c:/intelfpga/17.0/nios2eds/bin/gnu/h-x86_64-mingw32/bin/../lib/gcc/nios2-elf/5.3.0/mno-hw-mul\libgcc.a(lib2-divmod.o)
                0x000000000804f400                __divsi3
                0x000000000804f484                __modsi3
                0x000000000804f4f8                __udivsi3
                0x000000000804f55c                __umodsi3
 .text          0x000000000804f5b4      0x8ac c:/intelfpga/17.0/nios2eds/bin/gnu/h-x86_64-mingw32/bin/../lib/gcc/nios2-elf/5.3.0/mno-hw-mul\libgcc.a(adddf3.o)
                0x000000000804f5b4                __adddf3
 .text          0x000000000804fe60      0x9d0 c:/intelfpga/17.0/nios2eds/bin/gnu/h-x86_64-mingw32/bin/../lib/gcc/nios2-elf/5.3.0/mno-hw-mul\libgcc.a(divdf3.o)
                0x000000000804fe60                __divdf3
 .text          0x0000000008050830       0x88 c:/intelfpga/17.0/nios2eds/bin/gnu/h-x86_64-mingw32/bin/../lib/gcc/nios2-elf/5.3.0/mno-hw-mul\libgcc.a(eqdf2.o)
                0x0000000008050830                __nedf2
                0x0000000008050830                __eqdf2
 .text          0x00000000080508b8       0xdc c:/intelfpga/17.0/nios2eds/bin/gnu/h-x86_64-mingw32/bin/../lib/gcc/nios2-elf/5.3.0/mno-hw-mul\libgcc.a(gedf2.o)
                0x00000000080508b8                __gedf2
                0x00000000080508b8                __gtdf2
 .text          0x0000000008050994       0xf4 c:/intelfpga/17.0/nios2eds/bin/gnu/h-x86_64-mingw32/bin/../lib/gcc/nios2-elf/5.3.0/mno-hw-mul\libgcc.a(ledf2.o)
                0x0000000008050994                __ledf2
                0x0000000008050994                __ltdf2
 .text          0x0000000008050a88      0x86c c:/intelfpga/17.0/nios2eds/bin/gnu/h-x86_64-mingw32/bin/../lib/gcc/nios2-elf/5.3.0/mno-hw-mul\libgcc.a(muldf3.o)
                0x0000000008050a88                __muldf3
 .text          0x00000000080512f4      0x8fc c:/intelfpga/17.0/nios2eds/bin/gnu/h-x86_64-mingw32/bin/../lib/gcc/nios2-elf/5.3.0/mno-hw-mul\libgcc.a(subdf3.o)
                0x00000000080512f4                __subdf3
 .text          0x0000000008051bf0       0x80 c:/intelfpga/17.0/nios2eds/bin/gnu/h-x86_64-mingw32/bin/../lib/gcc/nios2-elf/5.3.0/mno-hw-mul\libgcc.a(fixdfsi.o)
                0x0000000008051bf0                __fixdfsi
 .text          0x0000000008051c70       0xdc c:/intelfpga/17.0/nios2eds/bin/gnu/h-x86_64-mingw32/bin/../lib/gcc/nios2-elf/5.3.0/mno-hw-mul\libgcc.a(floatsidf.o)
                0x0000000008051c70                __floatsidf
 .text          0x0000000008051d4c       0xa8 c:/intelfpga/17.0/nios2eds/bin/gnu/h-x86_64-mingw32/bin/../lib/gcc/nios2-elf/5.3.0/mno-hw-mul\libgcc.a(floatunsidf.o)
                0x0000000008051d4c                __floatunsidf
 .text          0x0000000008051df4        0x0 c:/intelfpga/17.0/nios2eds/bin/gnu/h-x86_64-mingw32/bin/../lib/gcc/nios2-elf/5.3.0/mno-hw-mul\libgcc.a(_clz.o)
 .text          0x0000000008051df4       0x64 c:/intelfpga/17.0/nios2eds/bin/gnu/h-x86_64-mingw32/bin/../lib/gcc/nios2-elf/5.3.0/mno-hw-mul\libgcc.a(_clzsi2.o)
                0x0000000008051df4                __clzsi2
 .text          0x0000000008051e58      0x12c ../pongers_bsp/\libhal_bsp.a(alt_alarm_start.o)
                0x0000000008051e58                alt_alarm_start
 .text          0x0000000008051f84      0x114 ../pongers_bsp/\libhal_bsp.a(alt_close.o)
                0x0000000008051fc0                close
 .text          0x0000000008052098       0x2c ../pongers_bsp/\libhal_bsp.a(alt_dev.o)
 .text          0x00000000080520c4        0x0 ../pongers_bsp/\libhal_bsp.a(alt_errno.o)
 .text          0x00000000080520c4       0xf4 ../pongers_bsp/\libhal_bsp.a(alt_fstat.o)
                0x0000000008052100                fstat
 .text          0x00000000080521b8      0x1b0 ../pongers_bsp/\libhal_bsp.a(alt_iic.o)
                0x00000000080521b8                alt_ic_isr_register
                0x0000000008052208                alt_ic_irq_enable
                0x0000000008052290                alt_ic_irq_disable
                0x000000000805231c                alt_ic_irq_enabled
 .text          0x0000000008052368       0xf0 ../pongers_bsp/\libhal_bsp.a(alt_iic_isr_register.o)
                0x0000000008052368                alt_iic_isr_register
 .text          0x0000000008052458        0x0 ../pongers_bsp/\libhal_bsp.a(alt_irq_entry.o)
 .text          0x0000000008052458        0x0 ../pongers_bsp/\libhal_bsp.a(alt_irq_handler.o)
 .text          0x0000000008052458        0x0 ../pongers_bsp/\libhal_bsp.a(alt_irq_vars.o)
 .text          0x0000000008052458       0xe8 ../pongers_bsp/\libhal_bsp.a(alt_isatty.o)
                0x0000000008052494                isatty
 .text          0x0000000008052540       0xec ../pongers_bsp/\libhal_bsp.a(alt_load.o)
                0x00000000080525a8                alt_load
 .text          0x000000000805262c      0x118 ../pongers_bsp/\libhal_bsp.a(alt_lseek.o)
                0x0000000008052668                lseek
 .text          0x0000000008052744       0x7c ../pongers_bsp/\libhal_bsp.a(alt_main.o)
                0x0000000008052744                alt_main
 .text          0x00000000080527c0       0x48 ../pongers_bsp/\libhal_bsp.a(alt_malloc_lock.o)
                0x00000000080527c0                __malloc_lock
                0x00000000080527e4                __malloc_unlock
 .text          0x0000000008052808      0x140 ../pongers_bsp/\libhal_bsp.a(alt_read.o)
                0x0000000008052844                read
 .text          0x0000000008052948       0x84 ../pongers_bsp/\libhal_bsp.a(alt_release_fd.o)
                0x0000000008052948                alt_release_fd
 .text          0x00000000080529cc       0xb0 ../pongers_bsp/\libhal_bsp.a(alt_sbrk.o)
                0x00000000080529cc                sbrk
 .text          0x0000000008052a7c      0x1a4 ../pongers_bsp/\libhal_bsp.a(alt_tick.o)
                0x0000000008052a7c                alt_alarm_stop
                0x0000000008052b18                alt_tick
 .text          0x0000000008052c20       0x30 ../pongers_bsp/\libhal_bsp.a(alt_usleep.o)
                0x0000000008052c20                usleep
 .text          0x0000000008052c50      0x13c ../pongers_bsp/\libhal_bsp.a(alt_write.o)
                0x0000000008052c8c                write
 .text          0x0000000008052d8c      0x364 ../pongers_bsp/\libhal_bsp.a(alt_sys_init.o)
                0x0000000008052dc0                alt_irq_init
                0x0000000008052df8                alt_sys_init
 .text          0x00000000080530f0      0x164 ../pongers_bsp/\libhal_bsp.a(altera_avalon_jtag_uart_fd.o)
                0x00000000080530f0                altera_avalon_jtag_uart_read_fd
                0x0000000008053150                altera_avalon_jtag_uart_write_fd
                0x00000000080531b0                altera_avalon_jtag_uart_close_fd
                0x0000000008053200                altera_avalon_jtag_uart_ioctl_fd
 .text          0x0000000008053254      0x3d4 ../pongers_bsp/\libhal_bsp.a(altera_avalon_jtag_uart_init.o)
                0x0000000008053254                altera_avalon_jtag_uart_init
                0x00000000080535c0                altera_avalon_jtag_uart_close
 .text          0x0000000008053628       0xf0 ../pongers_bsp/\libhal_bsp.a(altera_avalon_jtag_uart_ioctl.o)
                0x0000000008053628                altera_avalon_jtag_uart_ioctl
 .text          0x0000000008053718      0x21c ../pongers_bsp/\libhal_bsp.a(altera_avalon_jtag_uart_read.o)
                0x0000000008053718                altera_avalon_jtag_uart_read
 .text          0x0000000008053934      0x224 ../pongers_bsp/\libhal_bsp.a(altera_avalon_jtag_uart_write.o)
                0x0000000008053934                altera_avalon_jtag_uart_write
 .text          0x0000000008053b58       0xf4 ../pongers_bsp/\libhal_bsp.a(altera_avalon_timer_sc.o)
                0x0000000008053bd0                alt_avalon_timer_sc_init
 .text          0x0000000008053c4c      0x2e0 ../pongers_bsp/\libhal_bsp.a(altera_up_avalon_video_character_buffer_with_dma.o)
                0x0000000008053c4c                alt_up_char_buffer_init
                0x0000000008053ccc                alt_up_char_buffer_open_dev
                0x0000000008053d08                alt_up_char_buffer_draw
                0x0000000008053dd4                alt_up_char_buffer_string
                0x0000000008053ed0                alt_up_char_buffer_clear
 .text          0x0000000008053f2c      0xf78 ../pongers_bsp/\libhal_bsp.a(altera_up_avalon_video_pixel_buffer_dma.o)
                0x0000000008053f2c                alt_up_pixel_buffer_dma_open_dev
                0x0000000008053f68                alt_up_pixel_buffer_dma_draw
                0x0000000008054110                alt_up_pixel_buffer_dma_change_back_buffer_address
                0x000000000805416c                alt_up_pixel_buffer_dma_swap_buffers
                0x00000000080541cc                alt_up_pixel_buffer_dma_check_swap_buffers_status
                0x0000000008054200                alt_up_pixel_buffer_dma_clear_screen
                0x000000000805433c                alt_up_pixel_buffer_dma_draw_box
                0x0000000008054638                alt_up_pixel_buffer_dma_draw_hline
                0x0000000008054868                alt_up_pixel_buffer_dma_draw_vline
                0x0000000008054ad4                alt_up_pixel_buffer_dma_draw_rectangle
                0x0000000008054b9c                helper_plot_pixel
                0x0000000008054c5c                alt_up_pixel_buffer_dma_draw_line
 .text          0x0000000008054ea4      0x158 ../pongers_bsp/\libhal_bsp.a(alt_busy_sleep.o)
                0x0000000008054ea4                alt_busy_sleep
 .text          0x0000000008054ffc       0x20 ../pongers_bsp/\libhal_bsp.a(alt_dcache_flush_all.o)
                0x0000000008054ffc                alt_dcache_flush_all
 .text          0x000000000805501c       0xe0 ../pongers_bsp/\libhal_bsp.a(alt_dev_llist_insert.o)
                0x0000000008055058                alt_dev_llist_insert
 .text          0x00000000080550fc       0x60 ../pongers_bsp/\libhal_bsp.a(alt_do_ctors.o)
                0x00000000080550fc                _do_ctors
 .text          0x000000000805515c       0x60 ../pongers_bsp/\libhal_bsp.a(alt_do_dtors.o)
                0x000000000805515c                _do_dtors
 .text          0x00000000080551bc        0x0 ../pongers_bsp/\libhal_bsp.a(alt_exception_entry.o)
 .text          0x00000000080551bc       0x90 ../pongers_bsp/\libhal_bsp.a(alt_find_dev.o)
                0x00000000080551bc                alt_find_dev
 .text          0x000000000805524c       0x20 ../pongers_bsp/\libhal_bsp.a(alt_icache_flush_all.o)
                0x000000000805524c                alt_icache_flush_all
 .text          0x000000000805526c       0x9c ../pongers_bsp/\libhal_bsp.a(alt_instruction_exception_entry.o)
                0x000000000805526c                alt_exception_cause_generated_bad_addr
 .text          0x0000000008055308      0x160 ../pongers_bsp/\libhal_bsp.a(alt_io_redirect.o)
                0x00000000080553ec                alt_io_redirect
 .text          0x0000000008055468      0x284 ../pongers_bsp/\libhal_bsp.a(alt_open.o)
                0x0000000008055590                open
 .text          0x00000000080556ec       0x24 ../pongers_bsp/\libhal_bsp.a(altera_nios2_gen2_irq.o)
                0x00000000080556ec                altera_nios2_gen2_irq_init
 .text          0x0000000008055710      0x108 ../pongers_bsp/\libhal_bsp.a(alt_find_file.o)
                0x0000000008055710                alt_find_file
 .text          0x0000000008055818       0xc4 ../pongers_bsp/\libhal_bsp.a(alt_get_fd.o)
                0x0000000008055818                alt_get_fd
 .text          0x00000000080558dc        0x0 c:/intelfpga/17.0/nios2eds/bin/gnu/h-x86_64-mingw32/bin/../lib/gcc/nios2-elf/5.3.0/../../../../../H-x86_64-mingw32/nios2-elf/lib/mno-hw-mul\libc.a(lib_a-atexit.o)
 .text.atexit   0x00000000080558dc       0x14 c:/intelfpga/17.0/nios2eds/bin/gnu/h-x86_64-mingw32/bin/../lib/gcc/nios2-elf/5.3.0/../../../../../H-x86_64-mingw32/nios2-elf/lib/mno-hw-mul\libc.a(lib_a-atexit.o)
                0x00000000080558dc                atexit
 .text          0x00000000080558f0        0x0 c:/intelfpga/17.0/nios2eds/bin/gnu/h-x86_64-mingw32/bin/../lib/gcc/nios2-elf/5.3.0/../../../../../H-x86_64-mingw32/nios2-elf/lib/mno-hw-mul\libc.a(lib_a-exit.o)
 .text.exit     0x00000000080558f0       0x38 c:/intelfpga/17.0/nios2eds/bin/gnu/h-x86_64-mingw32/bin/../lib/gcc/nios2-elf/5.3.0/../../../../../H-x86_64-mingw32/nios2-elf/lib/mno-hw-mul\libc.a(lib_a-exit.o)
                0x00000000080558f0                exit
 .text          0x0000000008055928        0x0 c:/intelfpga/17.0/nios2eds/bin/gnu/h-x86_64-mingw32/bin/../lib/gcc/nios2-elf/5.3.0/../../../../../H-x86_64-mingw32/nios2-elf/lib/mno-hw-mul\libc.a(lib_a-memcmp.o)
 .text.memcmp   0x0000000008055928       0x7c c:/intelfpga/17.0/nios2eds/bin/gnu/h-x86_64-mingw32/bin/../lib/gcc/nios2-elf/5.3.0/../../../../../H-x86_64-mingw32/nios2-elf/lib/mno-hw-mul\libc.a(lib_a-memcmp.o)
                0x0000000008055928                memcmp
 .text          0x00000000080559a4        0x0 c:/intelfpga/17.0/nios2eds/bin/gnu/h-x86_64-mingw32/bin/../lib/gcc/nios2-elf/5.3.0/../../../../../H-x86_64-mingw32/nios2-elf/lib/mno-hw-mul\libc.a(lib_a-__atexit.o)
 .text.__register_exitproc
                0x00000000080559a4      0x118 c:/intelfpga/17.0/nios2eds/bin/gnu/h-x86_64-mingw32/bin/../lib/gcc/nios2-elf/5.3.0/../../../../../H-x86_64-mingw32/nios2-elf/lib/mno-hw-mul\libc.a(lib_a-__atexit.o)
                0x00000000080559a4                __register_exitproc
 .text          0x0000000008055abc        0x0 c:/intelfpga/17.0/nios2eds/bin/gnu/h-x86_64-mingw32/bin/../lib/gcc/nios2-elf/5.3.0/../../../../../H-x86_64-mingw32/nios2-elf/lib/mno-hw-mul\libc.a(lib_a-__call_atexit.o)
 .text.__call_exitprocs
                0x0000000008055abc      0x180 c:/intelfpga/17.0/nios2eds/bin/gnu/h-x86_64-mingw32/bin/../lib/gcc/nios2-elf/5.3.0/../../../../../H-x86_64-mingw32/nios2-elf/lib/mno-hw-mul\libc.a(lib_a-__call_atexit.o)
                0x0000000008055abc                __call_exitprocs
 .text          0x0000000008055c3c       0x34 ../pongers_bsp/\libhal_bsp.a(alt_exit.o)
                0x0000000008055c3c                _exit
 *(.gnu.warning.*)
 *(.fini)
                [!provide]                        PROVIDE (__etext, ABSOLUTE (.))
                [!provide]                        PROVIDE (_etext, ABSOLUTE (.))
                [!provide]                        PROVIDE (etext, ABSOLUTE (.))
 *(.eh_frame_hdr)
                0x0000000008055c70                . = ALIGN (0x4)
                [!provide]                        PROVIDE (__preinit_array_start, ABSOLUTE (.))
 *(.preinit_array)
                [!provide]                        PROVIDE (__preinit_array_end, ABSOLUTE (.))
                [!provide]                        PROVIDE (__init_array_start, ABSOLUTE (.))
 *(.init_array)
                [!provide]                        PROVIDE (__init_array_end, ABSOLUTE (.))
                [!provide]                        PROVIDE (__fini_array_start, ABSOLUTE (.))
 *(.fini_array)
                [!provide]                        PROVIDE (__fini_array_end, ABSOLUTE (.))
 *(.eh_frame)
 *(.gcc_except_table .gcc_except_table.*)
 *(.dynamic)
                0x0000000008055c70                PROVIDE (__CTOR_LIST__, ABSOLUTE (.))
 *(.ctors)
 *(SORT(.ctors.*))
                0x0000000008055c70                PROVIDE (__CTOR_END__, ABSOLUTE (.))
                0x0000000008055c70                PROVIDE (__DTOR_LIST__, ABSOLUTE (.))
 *(.dtors)
 *(SORT(.dtors.*))
                0x0000000008055c70                PROVIDE (__DTOR_END__, ABSOLUTE (.))
 *(.jcr)
                0x0000000008055c70                . = ALIGN (0x4)

.rodata         0x0000000008055c70      0x568
                0x0000000008055c70                PROVIDE (__ram_rodata_start, ABSOLUTE (.))
                0x0000000008055c70                . = ALIGN (0x4)
 *(.rodata .rodata.* .gnu.linkonce.r.*)
 .rodata        0x0000000008055c70      0x1ac obj/default/pongers.o
 .rodata.str1.4
                0x0000000008055e1c        0x2 c:/intelfpga/17.0/nios2eds/bin/gnu/h-x86_64-mingw32/bin/../lib/gcc/nios2-elf/5.3.0/../../../../../H-x86_64-mingw32/nios2-elf/lib/mno-hw-mul\libc.a(lib_a-puts.o)
 *fill*         0x0000000008055e1e        0x2 
 .rodata.str1.4
                0x0000000008055e20       0x42 c:/intelfpga/17.0/nios2eds/bin/gnu/h-x86_64-mingw32/bin/../lib/gcc/nios2-elf/5.3.0/../../../../../H-x86_64-mingw32/nios2-elf/lib/mno-hw-mul\libc.a(lib_a-svfprintf.o)
 .rodata.zeroes.4389
                0x0000000008055e62       0x10 c:/intelfpga/17.0/nios2eds/bin/gnu/h-x86_64-mingw32/bin/../lib/gcc/nios2-elf/5.3.0/../../../../../H-x86_64-mingw32/nios2-elf/lib/mno-hw-mul\libc.a(lib_a-svfprintf.o)
 .rodata.blanks.4388
                0x0000000008055e72       0x10 c:/intelfpga/17.0/nios2eds/bin/gnu/h-x86_64-mingw32/bin/../lib/gcc/nios2-elf/5.3.0/../../../../../H-x86_64-mingw32/nios2-elf/lib/mno-hw-mul\libc.a(lib_a-svfprintf.o)
 .rodata.str1.4
                0x0000000008055e82       0x42 c:/intelfpga/17.0/nios2eds/bin/gnu/h-x86_64-mingw32/bin/../lib/gcc/nios2-elf/5.3.0/../../../../../H-x86_64-mingw32/nios2-elf/lib/mno-hw-mul\libc.a(lib_a-vfprintf.o)
 .rodata.zeroes.4404
                0x0000000008055e82       0x10 c:/intelfpga/17.0/nios2eds/bin/gnu/h-x86_64-mingw32/bin/../lib/gcc/nios2-elf/5.3.0/../../../../../H-x86_64-mingw32/nios2-elf/lib/mno-hw-mul\libc.a(lib_a-vfprintf.o)
 .rodata.blanks.4403
                0x0000000008055e92       0x10 c:/intelfpga/17.0/nios2eds/bin/gnu/h-x86_64-mingw32/bin/../lib/gcc/nios2-elf/5.3.0/../../../../../H-x86_64-mingw32/nios2-elf/lib/mno-hw-mul\libc.a(lib_a-vfprintf.o)
 *fill*         0x0000000008055ea2        0x2 
 .rodata.str1.4
                0x0000000008055ea4       0x10 c:/intelfpga/17.0/nios2eds/bin/gnu/h-x86_64-mingw32/bin/../lib/gcc/nios2-elf/5.3.0/../../../../../H-x86_64-mingw32/nios2-elf/lib/mno-hw-mul\libc.a(lib_a-dtoa.o)
                                         0x12 (size before relaxing)
 .rodata.str1.4
                0x0000000008055eb4        0x2 c:/intelfpga/17.0/nios2eds/bin/gnu/h-x86_64-mingw32/bin/../lib/gcc/nios2-elf/5.3.0/../../../../../H-x86_64-mingw32/nios2-elf/lib/mno-hw-mul\libc.a(lib_a-impure.o)
 *fill*         0x0000000008055eb6        0x2 
 .rodata.str1.4
                0x0000000008055eb8        0xc c:/intelfpga/17.0/nios2eds/bin/gnu/h-x86_64-mingw32/bin/../lib/gcc/nios2-elf/5.3.0/../../../../../H-x86_64-mingw32/nios2-elf/lib/mno-hw-mul\libc.a(lib_a-locale.o)
                                         0x12 (size before relaxing)
 .rodata.p05.2768
                0x0000000008055ec4        0xc c:/intelfpga/17.0/nios2eds/bin/gnu/h-x86_64-mingw32/bin/../lib/gcc/nios2-elf/5.3.0/../../../../../H-x86_64-mingw32/nios2-elf/lib/mno-hw-mul\libc.a(lib_a-mprec.o)
 .rodata.__mprec_tinytens
                0x0000000008055ed0       0x28 c:/intelfpga/17.0/nios2eds/bin/gnu/h-x86_64-mingw32/bin/../lib/gcc/nios2-elf/5.3.0/../../../../../H-x86_64-mingw32/nios2-elf/lib/mno-hw-mul\libc.a(lib_a-mprec.o)
                0x0000000008055ed0                __mprec_tinytens
 .rodata.__mprec_bigtens
                0x0000000008055ef8       0x28 c:/intelfpga/17.0/nios2eds/bin/gnu/h-x86_64-mingw32/bin/../lib/gcc/nios2-elf/5.3.0/../../../../../H-x86_64-mingw32/nios2-elf/lib/mno-hw-mul\libc.a(lib_a-mprec.o)
                0x0000000008055ef8                __mprec_bigtens
 .rodata.__mprec_tens
                0x0000000008055f20       0xc8 c:/intelfpga/17.0/nios2eds/bin/gnu/h-x86_64-mingw32/bin/../lib/gcc/nios2-elf/5.3.0/../../../../../H-x86_64-mingw32/nios2-elf/lib/mno-hw-mul\libc.a(lib_a-mprec.o)
                0x0000000008055f20                __mprec_tens
 .rodata.str1.4
                0x0000000008055fe8       0x2f c:/intelfpga/17.0/nios2eds/bin/gnu/h-x86_64-mingw32/bin/../lib/gcc/nios2-elf/5.3.0/../../../../../H-x86_64-mingw32/nios2-elf/lib/mno-hw-mul\libc.a(lib_a-svfiprintf.o)
 .rodata.zeroes.4333
                0x0000000008055fe8       0x10 c:/intelfpga/17.0/nios2eds/bin/gnu/h-x86_64-mingw32/bin/../lib/gcc/nios2-elf/5.3.0/../../../../../H-x86_64-mingw32/nios2-elf/lib/mno-hw-mul\libc.a(lib_a-svfiprintf.o)
 .rodata.blanks.4332
                0x0000000008055ff8       0x10 c:/intelfpga/17.0/nios2eds/bin/gnu/h-x86_64-mingw32/bin/../lib/gcc/nios2-elf/5.3.0/../../../../../H-x86_64-mingw32/nios2-elf/lib/mno-hw-mul\libc.a(lib_a-svfiprintf.o)
 .rodata.str1.4
                0x0000000008056008       0x2f c:/intelfpga/17.0/nios2eds/bin/gnu/h-x86_64-mingw32/bin/../lib/gcc/nios2-elf/5.3.0/../../../../../H-x86_64-mingw32/nios2-elf/lib/mno-hw-mul\libc.a(lib_a-vfiprintf.o)
 .rodata.zeroes.4349
                0x0000000008056008       0x10 c:/intelfpga/17.0/nios2eds/bin/gnu/h-x86_64-mingw32/bin/../lib/gcc/nios2-elf/5.3.0/../../../../../H-x86_64-mingw32/nios2-elf/lib/mno-hw-mul\libc.a(lib_a-vfiprintf.o)
 .rodata.blanks.4348
                0x0000000008056018       0x10 c:/intelfpga/17.0/nios2eds/bin/gnu/h-x86_64-mingw32/bin/../lib/gcc/nios2-elf/5.3.0/../../../../../H-x86_64-mingw32/nios2-elf/lib/mno-hw-mul\libc.a(lib_a-vfiprintf.o)
 .rodata        0x0000000008056028      0x100 c:/intelfpga/17.0/nios2eds/bin/gnu/h-x86_64-mingw32/bin/../lib/gcc/nios2-elf/5.3.0/mno-hw-mul\libgcc.a(_clz.o)
                0x0000000008056028                __clz_tab
 .rodata        0x0000000008056128        0xa ../pongers_bsp/\libhal_bsp.a(alt_dev.o)
 *fill*         0x0000000008056132        0x2 
 .rodata        0x0000000008056134       0x11 ../pongers_bsp/\libhal_bsp.a(alt_main.o)
 *fill*         0x0000000008056145        0x3 
 .rodata        0x0000000008056148       0x72 ../pongers_bsp/\libhal_bsp.a(alt_sys_init.o)
 *fill*         0x00000000080561ba        0x2 
 .rodata        0x00000000080561bc       0x1a ../pongers_bsp/\libhal_bsp.a(altera_up_avalon_video_character_buffer_with_dma.o)
 *(.rodata1)
                0x00000000080561d8                . = ALIGN (0x4)
 *fill*         0x00000000080561d6        0x2 
                0x00000000080561d8                PROVIDE (__ram_rodata_end, ABSOLUTE (.))
                0x0000000008055c70                PROVIDE (__flash_rodata_start, LOADADDR (.rodata))

.rwdata         0x00000000080561d8     0x1b88 load address 0x0000000008057d60
                0x00000000080561d8                PROVIDE (__ram_rwdata_start, ABSOLUTE (.))
                0x00000000080561d8                . = ALIGN (0x4)
 *(.got.plt)
 *(.got)
 *(.data1)
 *(.data .data.* .gnu.linkonce.d.*)
 .data          0x00000000080561d8        0x0 ../pongers_bsp//obj/HAL/src/crt0.o
 .data          0x00000000080561d8        0x0 obj/default/pongers.o
 .data          0x00000000080561d8        0x0 c:/intelfpga/17.0/nios2eds/bin/gnu/h-x86_64-mingw32/bin/../lib/gcc/nios2-elf/5.3.0/mno-hw-mul\libgcc.a(lib2-mul.o)
 .data          0x00000000080561d8        0x0 c:/intelfpga/17.0/nios2eds/bin/gnu/h-x86_64-mingw32/bin/../lib/gcc/nios2-elf/5.3.0/mno-hw-mul\libgcc.a(tramp.o)
 .data          0x00000000080561d8        0x0 c:/intelfpga/17.0/nios2eds/bin/gnu/h-x86_64-mingw32/bin/../lib/gcc/nios2-elf/5.3.0/../../../../../H-x86_64-mingw32/nios2-elf/lib/mno-hw-mul\libc.a(lib_a-memcpy.o)
 .data          0x00000000080561d8        0x0 c:/intelfpga/17.0/nios2eds/bin/gnu/h-x86_64-mingw32/bin/../lib/gcc/nios2-elf/5.3.0/../../../../../H-x86_64-mingw32/nios2-elf/lib/mno-hw-mul\libc.a(lib_a-printf.o)
 .data          0x00000000080561d8        0x0 c:/intelfpga/17.0/nios2eds/bin/gnu/h-x86_64-mingw32/bin/../lib/gcc/nios2-elf/5.3.0/../../../../../H-x86_64-mingw32/nios2-elf/lib/mno-hw-mul\libc.a(lib_a-puts.o)
 .data          0x00000000080561d8        0x0 c:/intelfpga/17.0/nios2eds/bin/gnu/h-x86_64-mingw32/bin/../lib/gcc/nios2-elf/5.3.0/../../../../../H-x86_64-mingw32/nios2-elf/lib/mno-hw-mul\libc.a(lib_a-sprintf.o)
 .data          0x00000000080561d8        0x0 c:/intelfpga/17.0/nios2eds/bin/gnu/h-x86_64-mingw32/bin/../lib/gcc/nios2-elf/5.3.0/../../../../../H-x86_64-mingw32/nios2-elf/lib/mno-hw-mul\libc.a(lib_a-strlen.o)
 .data          0x00000000080561d8        0x0 c:/intelfpga/17.0/nios2eds/bin/gnu/h-x86_64-mingw32/bin/../lib/gcc/nios2-elf/5.3.0/../../../../../H-x86_64-mingw32/nios2-elf/lib/mno-hw-mul\libc.a(lib_a-svfprintf.o)
 .data          0x00000000080561d8        0x0 c:/intelfpga/17.0/nios2eds/bin/gnu/h-x86_64-mingw32/bin/../lib/gcc/nios2-elf/5.3.0/../../../../../H-x86_64-mingw32/nios2-elf/lib/mno-hw-mul\libc.a(lib_a-vfprintf.o)
 .data          0x00000000080561d8        0x0 c:/intelfpga/17.0/nios2eds/bin/gnu/h-x86_64-mingw32/bin/../lib/gcc/nios2-elf/5.3.0/../../../../../H-x86_64-mingw32/nios2-elf/lib/mno-hw-mul\libc.a(lib_a-wsetup.o)
 .data          0x00000000080561d8        0x0 c:/intelfpga/17.0/nios2eds/bin/gnu/h-x86_64-mingw32/bin/../lib/gcc/nios2-elf/5.3.0/../../../../../H-x86_64-mingw32/nios2-elf/lib/mno-hw-mul\libc.a(lib_a-dtoa.o)
 .data          0x00000000080561d8        0x0 c:/intelfpga/17.0/nios2eds/bin/gnu/h-x86_64-mingw32/bin/../lib/gcc/nios2-elf/5.3.0/../../../../../H-x86_64-mingw32/nios2-elf/lib/mno-hw-mul\libc.a(lib_a-fflush.o)
 .data          0x00000000080561d8        0x0 c:/intelfpga/17.0/nios2eds/bin/gnu/h-x86_64-mingw32/bin/../lib/gcc/nios2-elf/5.3.0/../../../../../H-x86_64-mingw32/nios2-elf/lib/mno-hw-mul\libc.a(lib_a-findfp.o)
 .data          0x00000000080561d8        0x0 c:/intelfpga/17.0/nios2eds/bin/gnu/h-x86_64-mingw32/bin/../lib/gcc/nios2-elf/5.3.0/../../../../../H-x86_64-mingw32/nios2-elf/lib/mno-hw-mul\libc.a(lib_a-freer.o)
 .data          0x00000000080561d8        0x0 c:/intelfpga/17.0/nios2eds/bin/gnu/h-x86_64-mingw32/bin/../lib/gcc/nios2-elf/5.3.0/../../../../../H-x86_64-mingw32/nios2-elf/lib/mno-hw-mul\libc.a(lib_a-fvwrite.o)
 .data          0x00000000080561d8        0x0 c:/intelfpga/17.0/nios2eds/bin/gnu/h-x86_64-mingw32/bin/../lib/gcc/nios2-elf/5.3.0/../../../../../H-x86_64-mingw32/nios2-elf/lib/mno-hw-mul\libc.a(lib_a-fwalk.o)
 .data          0x00000000080561d8        0x0 c:/intelfpga/17.0/nios2eds/bin/gnu/h-x86_64-mingw32/bin/../lib/gcc/nios2-elf/5.3.0/../../../../../H-x86_64-mingw32/nios2-elf/lib/mno-hw-mul\libc.a(lib_a-impure.o)
 .data.impure_data
                0x00000000080561d8      0x424 c:/intelfpga/17.0/nios2eds/bin/gnu/h-x86_64-mingw32/bin/../lib/gcc/nios2-elf/5.3.0/../../../../../H-x86_64-mingw32/nios2-elf/lib/mno-hw-mul\libc.a(lib_a-impure.o)
 .data          0x00000000080565fc        0x0 c:/intelfpga/17.0/nios2eds/bin/gnu/h-x86_64-mingw32/bin/../lib/gcc/nios2-elf/5.3.0/../../../../../H-x86_64-mingw32/nios2-elf/lib/mno-hw-mul\libc.a(lib_a-locale.o)
 .data.lc_message_charset
                0x00000000080565fc       0x20 c:/intelfpga/17.0/nios2eds/bin/gnu/h-x86_64-mingw32/bin/../lib/gcc/nios2-elf/5.3.0/../../../../../H-x86_64-mingw32/nios2-elf/lib/mno-hw-mul\libc.a(lib_a-locale.o)
 .data.lc_ctype_charset
                0x000000000805661c       0x20 c:/intelfpga/17.0/nios2eds/bin/gnu/h-x86_64-mingw32/bin/../lib/gcc/nios2-elf/5.3.0/../../../../../H-x86_64-mingw32/nios2-elf/lib/mno-hw-mul\libc.a(lib_a-locale.o)
 .data.lconv    0x000000000805663c       0x38 c:/intelfpga/17.0/nios2eds/bin/gnu/h-x86_64-mingw32/bin/../lib/gcc/nios2-elf/5.3.0/../../../../../H-x86_64-mingw32/nios2-elf/lib/mno-hw-mul\libc.a(lib_a-locale.o)
 .data          0x0000000008056674        0x0 c:/intelfpga/17.0/nios2eds/bin/gnu/h-x86_64-mingw32/bin/../lib/gcc/nios2-elf/5.3.0/../../../../../H-x86_64-mingw32/nios2-elf/lib/mno-hw-mul\libc.a(lib_a-makebuf.o)
 .data          0x0000000008056674        0x0 c:/intelfpga/17.0/nios2eds/bin/gnu/h-x86_64-mingw32/bin/../lib/gcc/nios2-elf/5.3.0/../../../../../H-x86_64-mingw32/nios2-elf/lib/mno-hw-mul\libc.a(lib_a-mallocr.o)
 .data.__malloc_av_
                0x0000000008056674      0x408 c:/intelfpga/17.0/nios2eds/bin/gnu/h-x86_64-mingw32/bin/../lib/gcc/nios2-elf/5.3.0/../../../../../H-x86_64-mingw32/nios2-elf/lib/mno-hw-mul\libc.a(lib_a-mallocr.o)
                0x0000000008056674                __malloc_av_
 .data          0x0000000008056a7c        0x0 c:/intelfpga/17.0/nios2eds/bin/gnu/h-x86_64-mingw32/bin/../lib/gcc/nios2-elf/5.3.0/../../../../../H-x86_64-mingw32/nios2-elf/lib/mno-hw-mul\libc.a(lib_a-memchr.o)
 .data          0x0000000008056a7c        0x0 c:/intelfpga/17.0/nios2eds/bin/gnu/h-x86_64-mingw32/bin/../lib/gcc/nios2-elf/5.3.0/../../../../../H-x86_64-mingw32/nios2-elf/lib/mno-hw-mul\libc.a(lib_a-memmove.o)
 .data          0x0000000008056a7c        0x0 c:/intelfpga/17.0/nios2eds/bin/gnu/h-x86_64-mingw32/bin/../lib/gcc/nios2-elf/5.3.0/../../../../../H-x86_64-mingw32/nios2-elf/lib/mno-hw-mul\libc.a(lib_a-memset.o)
 .data          0x0000000008056a7c        0x0 c:/intelfpga/17.0/nios2eds/bin/gnu/h-x86_64-mingw32/bin/../lib/gcc/nios2-elf/5.3.0/../../../../../H-x86_64-mingw32/nios2-elf/lib/mno-hw-mul\libc.a(lib_a-mprec.o)
 .data          0x0000000008056a7c        0x0 c:/intelfpga/17.0/nios2eds/bin/gnu/h-x86_64-mingw32/bin/../lib/gcc/nios2-elf/5.3.0/../../../../../H-x86_64-mingw32/nios2-elf/lib/mno-hw-mul\libc.a(lib_a-reallocr.o)
 .data          0x0000000008056a7c        0x0 c:/intelfpga/17.0/nios2eds/bin/gnu/h-x86_64-mingw32/bin/../lib/gcc/nios2-elf/5.3.0/../../../../../H-x86_64-mingw32/nios2-elf/lib/mno-hw-mul\libc.a(lib_a-s_fpclassify.o)
 .data          0x0000000008056a7c        0x0 c:/intelfpga/17.0/nios2eds/bin/gnu/h-x86_64-mingw32/bin/../lib/gcc/nios2-elf/5.3.0/../../../../../H-x86_64-mingw32/nios2-elf/lib/mno-hw-mul\libc.a(lib_a-sbrkr.o)
 .data          0x0000000008056a7c        0x0 c:/intelfpga/17.0/nios2eds/bin/gnu/h-x86_64-mingw32/bin/../lib/gcc/nios2-elf/5.3.0/../../../../../H-x86_64-mingw32/nios2-elf/lib/mno-hw-mul\libc.a(lib_a-stdio.o)
 .data          0x0000000008056a7c        0x0 c:/intelfpga/17.0/nios2eds/bin/gnu/h-x86_64-mingw32/bin/../lib/gcc/nios2-elf/5.3.0/../../../../../H-x86_64-mingw32/nios2-elf/lib/mno-hw-mul\libc.a(lib_a-strcmp.o)
 .data          0x0000000008056a7c        0x0 c:/intelfpga/17.0/nios2eds/bin/gnu/h-x86_64-mingw32/bin/../lib/gcc/nios2-elf/5.3.0/../../../../../H-x86_64-mingw32/nios2-elf/lib/mno-hw-mul\libc.a(lib_a-svfiprintf.o)
 .data          0x0000000008056a7c        0x0 c:/intelfpga/17.0/nios2eds/bin/gnu/h-x86_64-mingw32/bin/../lib/gcc/nios2-elf/5.3.0/../../../../../H-x86_64-mingw32/nios2-elf/lib/mno-hw-mul\libc.a(lib_a-vfiprintf.o)
 .data          0x0000000008056a7c        0x0 c:/intelfpga/17.0/nios2eds/bin/gnu/h-x86_64-mingw32/bin/../lib/gcc/nios2-elf/5.3.0/../../../../../H-x86_64-mingw32/nios2-elf/lib/mno-hw-mul\libc.a(lib_a-writer.o)
 .data          0x0000000008056a7c        0x0 c:/intelfpga/17.0/nios2eds/bin/gnu/h-x86_64-mingw32/bin/../lib/gcc/nios2-elf/5.3.0/../../../../../H-x86_64-mingw32/nios2-elf/lib/mno-hw-mul\libc.a(closer.o)
 .data          0x0000000008056a7c        0x0 c:/intelfpga/17.0/nios2eds/bin/gnu/h-x86_64-mingw32/bin/../lib/gcc/nios2-elf/5.3.0/../../../../../H-x86_64-mingw32/nios2-elf/lib/mno-hw-mul\libc.a(lib_a-callocr.o)
 .data          0x0000000008056a7c        0x0 c:/intelfpga/17.0/nios2eds/bin/gnu/h-x86_64-mingw32/bin/../lib/gcc/nios2-elf/5.3.0/../../../../../H-x86_64-mingw32/nios2-elf/lib/mno-hw-mul\libc.a(lib_a-fclose.o)
 .data          0x0000000008056a7c        0x0 c:/intelfpga/17.0/nios2eds/bin/gnu/h-x86_64-mingw32/bin/../lib/gcc/nios2-elf/5.3.0/../../../../../H-x86_64-mingw32/nios2-elf/lib/mno-hw-mul\libc.a(lib_a-fputwc.o)
 .data          0x0000000008056a7c        0x0 c:/intelfpga/17.0/nios2eds/bin/gnu/h-x86_64-mingw32/bin/../lib/gcc/nios2-elf/5.3.0/../../../../../H-x86_64-mingw32/nios2-elf/lib/mno-hw-mul\libc.a(lib_a-fstatr.o)
 .data          0x0000000008056a7c        0x0 c:/intelfpga/17.0/nios2eds/bin/gnu/h-x86_64-mingw32/bin/../lib/gcc/nios2-elf/5.3.0/../../../../../H-x86_64-mingw32/nios2-elf/lib/mno-hw-mul\libc.a(lib_a-int_errno.o)
 .data          0x0000000008056a7c        0x0 c:/intelfpga/17.0/nios2eds/bin/gnu/h-x86_64-mingw32/bin/../lib/gcc/nios2-elf/5.3.0/../../../../../H-x86_64-mingw32/nios2-elf/lib/mno-hw-mul\libc.a(lib_a-isattyr.o)
 .data          0x0000000008056a7c        0x0 c:/intelfpga/17.0/nios2eds/bin/gnu/h-x86_64-mingw32/bin/../lib/gcc/nios2-elf/5.3.0/../../../../../H-x86_64-mingw32/nios2-elf/lib/mno-hw-mul\libc.a(lib_a-lseekr.o)
 .data          0x0000000008056a7c        0x0 c:/intelfpga/17.0/nios2eds/bin/gnu/h-x86_64-mingw32/bin/../lib/gcc/nios2-elf/5.3.0/../../../../../H-x86_64-mingw32/nios2-elf/lib/mno-hw-mul\libc.a(lib_a-readr.o)
 .data          0x0000000008056a7c        0x0 c:/intelfpga/17.0/nios2eds/bin/gnu/h-x86_64-mingw32/bin/../lib/gcc/nios2-elf/5.3.0/../../../../../H-x86_64-mingw32/nios2-elf/lib/mno-hw-mul\libc.a(lib_a-wbuf.o)
 .data          0x0000000008056a7c        0x0 c:/intelfpga/17.0/nios2eds/bin/gnu/h-x86_64-mingw32/bin/../lib/gcc/nios2-elf/5.3.0/../../../../../H-x86_64-mingw32/nios2-elf/lib/mno-hw-mul\libc.a(lib_a-wcrtomb.o)
 .data          0x0000000008056a7c        0x0 c:/intelfpga/17.0/nios2eds/bin/gnu/h-x86_64-mingw32/bin/../lib/gcc/nios2-elf/5.3.0/../../../../../H-x86_64-mingw32/nios2-elf/lib/mno-hw-mul\libc.a(lib_a-wctomb_r.o)
 .data          0x0000000008056a7c        0x0 c:/intelfpga/17.0/nios2eds/bin/gnu/h-x86_64-mingw32/bin/../lib/gcc/nios2-elf/5.3.0/mno-hw-mul\libgcc.a(_udivdi3.o)
 .data          0x0000000008056a7c        0x0 c:/intelfpga/17.0/nios2eds/bin/gnu/h-x86_64-mingw32/bin/../lib/gcc/nios2-elf/5.3.0/mno-hw-mul\libgcc.a(_umoddi3.o)
 .data          0x0000000008056a7c        0x0 c:/intelfpga/17.0/nios2eds/bin/gnu/h-x86_64-mingw32/bin/../lib/gcc/nios2-elf/5.3.0/mno-hw-mul\libgcc.a(lib2-divmod.o)
 .data          0x0000000008056a7c        0x0 c:/intelfpga/17.0/nios2eds/bin/gnu/h-x86_64-mingw32/bin/../lib/gcc/nios2-elf/5.3.0/mno-hw-mul\libgcc.a(adddf3.o)
 .data          0x0000000008056a7c        0x0 c:/intelfpga/17.0/nios2eds/bin/gnu/h-x86_64-mingw32/bin/../lib/gcc/nios2-elf/5.3.0/mno-hw-mul\libgcc.a(divdf3.o)
 .data          0x0000000008056a7c        0x0 c:/intelfpga/17.0/nios2eds/bin/gnu/h-x86_64-mingw32/bin/../lib/gcc/nios2-elf/5.3.0/mno-hw-mul\libgcc.a(eqdf2.o)
 .data          0x0000000008056a7c        0x0 c:/intelfpga/17.0/nios2eds/bin/gnu/h-x86_64-mingw32/bin/../lib/gcc/nios2-elf/5.3.0/mno-hw-mul\libgcc.a(gedf2.o)
 .data          0x0000000008056a7c        0x0 c:/intelfpga/17.0/nios2eds/bin/gnu/h-x86_64-mingw32/bin/../lib/gcc/nios2-elf/5.3.0/mno-hw-mul\libgcc.a(ledf2.o)
 .data          0x0000000008056a7c        0x0 c:/intelfpga/17.0/nios2eds/bin/gnu/h-x86_64-mingw32/bin/../lib/gcc/nios2-elf/5.3.0/mno-hw-mul\libgcc.a(muldf3.o)
 .data          0x0000000008056a7c        0x0 c:/intelfpga/17.0/nios2eds/bin/gnu/h-x86_64-mingw32/bin/../lib/gcc/nios2-elf/5.3.0/mno-hw-mul\libgcc.a(subdf3.o)
 .data          0x0000000008056a7c        0x0 c:/intelfpga/17.0/nios2eds/bin/gnu/h-x86_64-mingw32/bin/../lib/gcc/nios2-elf/5.3.0/mno-hw-mul\libgcc.a(fixdfsi.o)
 .data          0x0000000008056a7c        0x0 c:/intelfpga/17.0/nios2eds/bin/gnu/h-x86_64-mingw32/bin/../lib/gcc/nios2-elf/5.3.0/mno-hw-mul\libgcc.a(floatsidf.o)
 .data          0x0000000008056a7c        0x0 c:/intelfpga/17.0/nios2eds/bin/gnu/h-x86_64-mingw32/bin/../lib/gcc/nios2-elf/5.3.0/mno-hw-mul\libgcc.a(floatunsidf.o)
 .data          0x0000000008056a7c        0x0 c:/intelfpga/17.0/nios2eds/bin/gnu/h-x86_64-mingw32/bin/../lib/gcc/nios2-elf/5.3.0/mno-hw-mul\libgcc.a(_clz.o)
 .data          0x0000000008056a7c        0x0 c:/intelfpga/17.0/nios2eds/bin/gnu/h-x86_64-mingw32/bin/../lib/gcc/nios2-elf/5.3.0/mno-hw-mul\libgcc.a(_clzsi2.o)
 .data          0x0000000008056a7c        0x0 ../pongers_bsp/\libhal_bsp.a(alt_alarm_start.o)
 .data          0x0000000008056a7c        0x0 ../pongers_bsp/\libhal_bsp.a(alt_close.o)
 .data          0x0000000008056a7c      0x1a8 ../pongers_bsp/\libhal_bsp.a(alt_dev.o)
                0x0000000008056a7c                alt_dev_null
                0x0000000008056aa4                alt_fd_list
 .data          0x0000000008056c24        0x0 ../pongers_bsp/\libhal_bsp.a(alt_errno.o)
 .data          0x0000000008056c24        0x0 ../pongers_bsp/\libhal_bsp.a(alt_fstat.o)
 .data          0x0000000008056c24        0x0 ../pongers_bsp/\libhal_bsp.a(alt_iic.o)
 .data          0x0000000008056c24        0x0 ../pongers_bsp/\libhal_bsp.a(alt_iic_isr_register.o)
 .data          0x0000000008056c24        0x0 ../pongers_bsp/\libhal_bsp.a(alt_irq_entry.o)
 .data          0x0000000008056c24        0x0 ../pongers_bsp/\libhal_bsp.a(alt_irq_handler.o)
 .data          0x0000000008056c24        0x0 ../pongers_bsp/\libhal_bsp.a(alt_irq_vars.o)
 .data          0x0000000008056c24        0x0 ../pongers_bsp/\libhal_bsp.a(alt_isatty.o)
 .data          0x0000000008056c24        0x0 ../pongers_bsp/\libhal_bsp.a(alt_load.o)
 .data          0x0000000008056c24        0x0 ../pongers_bsp/\libhal_bsp.a(alt_lseek.o)
 .data          0x0000000008056c24        0x0 ../pongers_bsp/\libhal_bsp.a(alt_main.o)
 .data          0x0000000008056c24        0x0 ../pongers_bsp/\libhal_bsp.a(alt_malloc_lock.o)
 .data          0x0000000008056c24        0x0 ../pongers_bsp/\libhal_bsp.a(alt_read.o)
 .data          0x0000000008056c24        0x0 ../pongers_bsp/\libhal_bsp.a(alt_release_fd.o)
 .data          0x0000000008056c24        0x0 ../pongers_bsp/\libhal_bsp.a(alt_sbrk.o)
 .data          0x0000000008056c24        0x0 ../pongers_bsp/\libhal_bsp.a(alt_tick.o)
 .data          0x0000000008056c24        0x0 ../pongers_bsp/\libhal_bsp.a(alt_usleep.o)
 .data          0x0000000008056c24        0x0 ../pongers_bsp/\libhal_bsp.a(alt_write.o)
 .data          0x0000000008056c24     0x10fc ../pongers_bsp/\libhal_bsp.a(alt_sys_init.o)
 .data          0x0000000008057d20        0x0 ../pongers_bsp/\libhal_bsp.a(altera_avalon_jtag_uart_fd.o)
 .data          0x0000000008057d20        0x0 ../pongers_bsp/\libhal_bsp.a(altera_avalon_jtag_uart_init.o)
 .data          0x0000000008057d20        0x0 ../pongers_bsp/\libhal_bsp.a(altera_avalon_jtag_uart_ioctl.o)
 .data          0x0000000008057d20        0x0 ../pongers_bsp/\libhal_bsp.a(altera_avalon_jtag_uart_read.o)
 .data          0x0000000008057d20        0x0 ../pongers_bsp/\libhal_bsp.a(altera_avalon_jtag_uart_write.o)
 .data          0x0000000008057d20        0x0 ../pongers_bsp/\libhal_bsp.a(altera_avalon_timer_sc.o)
 .data          0x0000000008057d20        0x0 ../pongers_bsp/\libhal_bsp.a(altera_up_avalon_video_character_buffer_with_dma.o)
 .data          0x0000000008057d20        0x0 ../pongers_bsp/\libhal_bsp.a(altera_up_avalon_video_pixel_buffer_dma.o)
 .data          0x0000000008057d20        0x0 ../pongers_bsp/\libhal_bsp.a(alt_busy_sleep.o)
 .data          0x0000000008057d20        0x0 ../pongers_bsp/\libhal_bsp.a(alt_dcache_flush_all.o)
 .data          0x0000000008057d20        0x0 ../pongers_bsp/\libhal_bsp.a(alt_dev_llist_insert.o)
 .data          0x0000000008057d20        0x0 ../pongers_bsp/\libhal_bsp.a(alt_do_ctors.o)
 .data          0x0000000008057d20        0x0 ../pongers_bsp/\libhal_bsp.a(alt_do_dtors.o)
 .data          0x0000000008057d20        0x0 ../pongers_bsp/\libhal_bsp.a(alt_exception_entry.o)
 .data          0x0000000008057d20        0x0 ../pongers_bsp/\libhal_bsp.a(alt_find_dev.o)
 .data          0x0000000008057d20        0x0 ../pongers_bsp/\libhal_bsp.a(alt_icache_flush_all.o)
 .data          0x0000000008057d20        0x0 ../pongers_bsp/\libhal_bsp.a(alt_instruction_exception_entry.o)
 .data          0x0000000008057d20        0x0 ../pongers_bsp/\libhal_bsp.a(alt_io_redirect.o)
 .data          0x0000000008057d20        0x0 ../pongers_bsp/\libhal_bsp.a(alt_open.o)
 .data          0x0000000008057d20        0x0 ../pongers_bsp/\libhal_bsp.a(altera_nios2_gen2_irq.o)
 .data          0x0000000008057d20        0x0 ../pongers_bsp/\libhal_bsp.a(alt_find_file.o)
 .data          0x0000000008057d20        0x0 ../pongers_bsp/\libhal_bsp.a(alt_get_fd.o)
 .data          0x0000000008057d20        0x0 c:/intelfpga/17.0/nios2eds/bin/gnu/h-x86_64-mingw32/bin/../lib/gcc/nios2-elf/5.3.0/../../../../../H-x86_64-mingw32/nios2-elf/lib/mno-hw-mul\libc.a(lib_a-atexit.o)
 .data          0x0000000008057d20        0x0 c:/intelfpga/17.0/nios2eds/bin/gnu/h-x86_64-mingw32/bin/../lib/gcc/nios2-elf/5.3.0/../../../../../H-x86_64-mingw32/nios2-elf/lib/mno-hw-mul\libc.a(lib_a-exit.o)
 .data          0x0000000008057d20        0x0 c:/intelfpga/17.0/nios2eds/bin/gnu/h-x86_64-mingw32/bin/../lib/gcc/nios2-elf/5.3.0/../../../../../H-x86_64-mingw32/nios2-elf/lib/mno-hw-mul\libc.a(lib_a-memcmp.o)
 .data          0x0000000008057d20        0x0 c:/intelfpga/17.0/nios2eds/bin/gnu/h-x86_64-mingw32/bin/../lib/gcc/nios2-elf/5.3.0/../../../../../H-x86_64-mingw32/nios2-elf/lib/mno-hw-mul\libc.a(lib_a-__atexit.o)
 .data          0x0000000008057d20        0x0 c:/intelfpga/17.0/nios2eds/bin/gnu/h-x86_64-mingw32/bin/../lib/gcc/nios2-elf/5.3.0/../../../../../H-x86_64-mingw32/nios2-elf/lib/mno-hw-mul\libc.a(lib_a-__call_atexit.o)
 .data          0x0000000008057d20        0x0 ../pongers_bsp/\libhal_bsp.a(alt_exit.o)
                0x000000000805fd20                _gp = ABSOLUTE ((. + 0x8000))
                [!provide]                        PROVIDE (gp, _gp)
 *(.rwdata .rwdata.*)
 *(.sdata .sdata.* .gnu.linkonce.s.*)
 .sdata._global_impure_ptr
                0x0000000008057d20        0x4 c:/intelfpga/17.0/nios2eds/bin/gnu/h-x86_64-mingw32/bin/../lib/gcc/nios2-elf/5.3.0/../../../../../H-x86_64-mingw32/nios2-elf/lib/mno-hw-mul\libc.a(lib_a-impure.o)
                0x0000000008057d20                _global_impure_ptr
 .sdata._impure_ptr
                0x0000000008057d24        0x4 c:/intelfpga/17.0/nios2eds/bin/gnu/h-x86_64-mingw32/bin/../lib/gcc/nios2-elf/5.3.0/../../../../../H-x86_64-mingw32/nios2-elf/lib/mno-hw-mul\libc.a(lib_a-impure.o)
                0x0000000008057d24                _impure_ptr
 .sdata.__mb_cur_max
                0x0000000008057d28        0x4 c:/intelfpga/17.0/nios2eds/bin/gnu/h-x86_64-mingw32/bin/../lib/gcc/nios2-elf/5.3.0/../../../../../H-x86_64-mingw32/nios2-elf/lib/mno-hw-mul\libc.a(lib_a-locale.o)
                0x0000000008057d28                __mb_cur_max
 .sdata.__malloc_sbrk_base
                0x0000000008057d2c        0x4 c:/intelfpga/17.0/nios2eds/bin/gnu/h-x86_64-mingw32/bin/../lib/gcc/nios2-elf/5.3.0/../../../../../H-x86_64-mingw32/nios2-elf/lib/mno-hw-mul\libc.a(lib_a-mallocr.o)
                0x0000000008057d2c                __malloc_sbrk_base
 .sdata.__malloc_trim_threshold
                0x0000000008057d30        0x4 c:/intelfpga/17.0/nios2eds/bin/gnu/h-x86_64-mingw32/bin/../lib/gcc/nios2-elf/5.3.0/../../../../../H-x86_64-mingw32/nios2-elf/lib/mno-hw-mul\libc.a(lib_a-mallocr.o)
                0x0000000008057d30                __malloc_trim_threshold
 .sdata.__wctomb
                0x0000000008057d34        0x4 c:/intelfpga/17.0/nios2eds/bin/gnu/h-x86_64-mingw32/bin/../lib/gcc/nios2-elf/5.3.0/../../../../../H-x86_64-mingw32/nios2-elf/lib/mno-hw-mul\libc.a(lib_a-wctomb_r.o)
                0x0000000008057d34                __wctomb
 .sdata         0x0000000008057d38       0x14 ../pongers_bsp/\libhal_bsp.a(alt_dev.o)
                0x0000000008057d38                alt_fs_list
                0x0000000008057d40                alt_dev_list
                0x0000000008057d48                alt_max_fd
 .sdata         0x0000000008057d4c        0x4 ../pongers_bsp/\libhal_bsp.a(alt_errno.o)
                0x0000000008057d4c                alt_errno
 .sdata         0x0000000008057d50        0x4 ../pongers_bsp/\libhal_bsp.a(alt_irq_vars.o)
                0x0000000008057d50                alt_priority_mask
 .sdata         0x0000000008057d54        0x4 ../pongers_bsp/\libhal_bsp.a(alt_sbrk.o)
 .sdata         0x0000000008057d58        0x8 ../pongers_bsp/\libhal_bsp.a(alt_tick.o)
                0x0000000008057d58                alt_alarm_list
 *(.sdata2 .sdata2.* .gnu.linkonce.s2.*)
                0x0000000008057d60                . = ALIGN (0x4)
                0x0000000008057d60                _edata = ABSOLUTE (.)
                [!provide]                        PROVIDE (edata, ABSOLUTE (.))
                0x0000000008057d60                PROVIDE (__ram_rwdata_end, ABSOLUTE (.))
                0x0000000008057d60                PROVIDE (__flash_rwdata_start, LOADADDR (.rwdata))

.bss            0x00000000080598e8      0x178
                0x00000000080598e8                __bss_start = ABSOLUTE (.)
                [!provide]                        PROVIDE (__sbss_start, ABSOLUTE (.))
                [!provide]                        PROVIDE (___sbss_start, ABSOLUTE (.))
 *(.dynsbss)
 *(.sbss .sbss.* .gnu.linkonce.sb.*)
 .sbss._PathLocale
                0x00000000080598e8        0x4 c:/intelfpga/17.0/nios2eds/bin/gnu/h-x86_64-mingw32/bin/../lib/gcc/nios2-elf/5.3.0/../../../../../H-x86_64-mingw32/nios2-elf/lib/mno-hw-mul\libc.a(lib_a-locale.o)
                0x00000000080598e8                _PathLocale
 .sbss.__mlocale_changed
                0x00000000080598ec        0x4 c:/intelfpga/17.0/nios2eds/bin/gnu/h-x86_64-mingw32/bin/../lib/gcc/nios2-elf/5.3.0/../../../../../H-x86_64-mingw32/nios2-elf/lib/mno-hw-mul\libc.a(lib_a-locale.o)
                0x00000000080598ec                __mlocale_changed
 .sbss.__nlocale_changed
                0x00000000080598f0        0x4 c:/intelfpga/17.0/nios2eds/bin/gnu/h-x86_64-mingw32/bin/../lib/gcc/nios2-elf/5.3.0/../../../../../H-x86_64-mingw32/nios2-elf/lib/mno-hw-mul\libc.a(lib_a-locale.o)
                0x00000000080598f0                __nlocale_changed
 .sbss.__malloc_max_total_mem
                0x00000000080598f4        0x4 c:/intelfpga/17.0/nios2eds/bin/gnu/h-x86_64-mingw32/bin/../lib/gcc/nios2-elf/5.3.0/../../../../../H-x86_64-mingw32/nios2-elf/lib/mno-hw-mul\libc.a(lib_a-mallocr.o)
                0x00000000080598f4                __malloc_max_total_mem
 .sbss.__malloc_max_sbrked_mem
                0x00000000080598f8        0x4 c:/intelfpga/17.0/nios2eds/bin/gnu/h-x86_64-mingw32/bin/../lib/gcc/nios2-elf/5.3.0/../../../../../H-x86_64-mingw32/nios2-elf/lib/mno-hw-mul\libc.a(lib_a-mallocr.o)
                0x00000000080598f8                __malloc_max_sbrked_mem
 .sbss.__malloc_top_pad
                0x00000000080598fc        0x4 c:/intelfpga/17.0/nios2eds/bin/gnu/h-x86_64-mingw32/bin/../lib/gcc/nios2-elf/5.3.0/../../../../../H-x86_64-mingw32/nios2-elf/lib/mno-hw-mul\libc.a(lib_a-mallocr.o)
                0x00000000080598fc                __malloc_top_pad
 .sbss          0x0000000008059900        0x4 c:/intelfpga/17.0/nios2eds/bin/gnu/h-x86_64-mingw32/bin/../lib/gcc/nios2-elf/5.3.0/../../../../../H-x86_64-mingw32/nios2-elf/lib/mno-hw-mul\libc.a(lib_a-int_errno.o)
                0x0000000008059900                errno
 .sbss          0x0000000008059904        0x4 ../pongers_bsp/\libhal_bsp.a(alt_irq_vars.o)
                0x0000000008059904                alt_irq_active
 .sbss          0x0000000008059908        0xc ../pongers_bsp/\libhal_bsp.a(alt_main.o)
                0x0000000008059908                alt_argc
                0x000000000805990c                alt_argv
                0x0000000008059910                alt_envp
 .sbss          0x0000000008059914        0x8 ../pongers_bsp/\libhal_bsp.a(alt_tick.o)
                0x0000000008059914                _alt_tick_rate
                0x0000000008059918                _alt_nticks
 .sbss          0x000000000805991c        0x4 ../pongers_bsp/\libhal_bsp.a(alt_instruction_exception_entry.o)
                0x000000000805991c                alt_instruction_exception_handler
 *(.sbss2 .sbss2.* .gnu.linkonce.sb2.*)
 *(.scommon)
                [!provide]                        PROVIDE (__sbss_end, ABSOLUTE (.))
                [!provide]                        PROVIDE (___sbss_end, ABSOLUTE (.))
 *(.dynbss)
 *(.bss .bss.* .gnu.linkonce.b.*)
 .bss           0x0000000008059920        0x0 ../pongers_bsp//obj/HAL/src/crt0.o
 .bss           0x0000000008059920       0x18 obj/default/pongers.o
 .bss           0x0000000008059938        0x0 c:/intelfpga/17.0/nios2eds/bin/gnu/h-x86_64-mingw32/bin/../lib/gcc/nios2-elf/5.3.0/mno-hw-mul\libgcc.a(lib2-mul.o)
 .bss           0x0000000008059938        0x0 c:/intelfpga/17.0/nios2eds/bin/gnu/h-x86_64-mingw32/bin/../lib/gcc/nios2-elf/5.3.0/mno-hw-mul\libgcc.a(tramp.o)
 .bss           0x0000000008059938        0x0 c:/intelfpga/17.0/nios2eds/bin/gnu/h-x86_64-mingw32/bin/../lib/gcc/nios2-elf/5.3.0/../../../../../H-x86_64-mingw32/nios2-elf/lib/mno-hw-mul\libc.a(lib_a-memcpy.o)
 .bss           0x0000000008059938        0x0 c:/intelfpga/17.0/nios2eds/bin/gnu/h-x86_64-mingw32/bin/../lib/gcc/nios2-elf/5.3.0/../../../../../H-x86_64-mingw32/nios2-elf/lib/mno-hw-mul\libc.a(lib_a-printf.o)
 .bss           0x0000000008059938        0x0 c:/intelfpga/17.0/nios2eds/bin/gnu/h-x86_64-mingw32/bin/../lib/gcc/nios2-elf/5.3.0/../../../../../H-x86_64-mingw32/nios2-elf/lib/mno-hw-mul\libc.a(lib_a-puts.o)